  [量子种子] 已加载 8624 字的词典先天知识
词典种子已载入: 水:坎(0.27)  火:离(0.34)  心:乾(0.14)  点:坎(0.16)  明:离(0.18)  山:坤(0.17)  

============================================================
[初始(纯先天种子)]
============================================================
词胞总数:17  被语料教育过(enc>0):0(0.0%)  累计context:0
核心字主导(熵|主导卦|概率|enc):
  水: 熵4.46 | 坎(0.27) enc=0
  火: 熵4.18 | 离(0.34) enc=0
  木: 熵4.39 | 巽(0.32) enc=0
  金: 熵4.81 | 乾(0.18) enc=0
  雨: 熵4.35 | 坎(0.29) enc=0
  爱: 熵4.85 | 离(0.13) enc=0
  心: 熵4.90 | 乾(0.14) enc=0
  明: 熵4.71 | 离(0.18) enc=0
  山: 熵4.49 | 坤(0.17) enc=0
  石: 熵4.73 | 艮(0.15) enc=0
  海: 熵4.83 | 兑(0.14) enc=0
  天: 熵4.92 | 巽(0.11) enc=0
  情: 熵4.51 | 坎(0.20) enc=0
  思: 熵4.79 | 离(0.20) enc=0
  走: 熵4.80 | 震(0.14) enc=0
  跳: 熵4.80 | 乾(0.14) enc=0
...已读 8136/105764 句 (5s, 1797句/s)
...已读 16272/105764 句 (9s, 1868句/s)
...已读 24408/105764 句 (13s, 1930句/s)
...已读 32544/105764 句 (17s, 1965句/s)
...已读 40680/105764 句 (20s, 1997句/s)
...已读 48816/105764 句 (24s, 2020句/s)
...已读 56952/105764 句 (28s, 2037句/s)
...已读 65088/105764 句 (32s, 2038句/s)
...已读 73224/105764 句 (36s, 2032句/s)
...已读 81359/105764 句 (40s, 2034句/s)
...已读 89494/105764 句 (44s, 2037句/s)
...已读 97629/105764 句 (48s, 2047句/s)
...已读 105764/105764 句 (51s, 2059句/s)

============================================================
[通读全量 105764 句]
============================================================
词胞总数:4322  被语料教育过(enc>0):4322(100.0%)  累计context:741082
核心字主导(熵|主导卦|概率|enc):
  水: 熵3.33 | 坎(0.42) enc=383
  火: 熵3.23 | 离(0.42) enc=169
  木: 熵3.93 | 巽(0.31) enc=109
  金: 熵3.62 | 乾(0.42) enc=683
  雨: 熵3.51 | 坎(0.32) enc=308
  爱: 熵2.97 | 离(0.42) enc=277
  心: 熵2.84 | 坎(0.35) enc=2591
  明: 熵2.76 | 离(0.42) enc=1124
  山: 熵3.06 | 坤(0.42) enc=249
  石: 熵3.20 | 艮(0.42) enc=223
  海: 熵3.37 | 兑(0.42) enc=172
  天: 熵3.18 | 巽(0.42) enc=1377
  情: 熵3.37 | 坎(0.31) enc=700
  思: 熵3.01 | 离(0.34) enc=404
  走: 熵2.83 | 震(0.42) enc=1226
  跳: 熵3.33 | 乾(0.42) enc=122

熵分布(被教育字): 均值3.76 中位3.79 <3bit:5% 3-5bit:95% >5bit:0%

已保存 corpus_evolved_full.json (4322 字演化状态)
