C51 COMPILER V8.05a   BUZZ                                                                 09/09/2017 11:44:39 PAGE 1   


C51 COMPILER V8.05a, COMPILATION OF MODULE BUZZ
OBJECT MODULE PLACED IN BUZZ.OBJ
COMPILER INVOKED BY: C:\Keil\C51\BIN\C51.EXE BUZZ.c LARGE BROWSE DEBUG OBJECTEXTEND

line level    source

   1          
   2          #include "REG15W4Kxx.h"
   3          #include "delay.h"
   4          
   5          sbit fengming = P4^5;                                     //·äÃùÆ÷
   6          
   7          
   8          void fm300ms(uchar i)                                           //300ms¼ä¶Ï·äÃùÆ÷Ïì
   9          {uchar j;       
  10   1      for(j=0;j<i;j++)
  11   1      {
  12   2               fengming=0;
  13   2               delay10ms(30);
  14   2               fengming=1;
  15   2               delay10ms(30);
  16   2       }
  17   1      }
  18          void fm200ms(uchar i)                                           //200ms¼ä¶Ï·äÃùÆ÷Ïì
  19          {uchar j;        
  20   1      for(j=0;j<i;j++)
  21   1      {
  22   2               fengming=0;
  23   2               delay10ms(20);
  24   2               fengming=1;
  25   2               delay10ms(20);
  26   2       }
  27   1      }
  28          
  29          void fm100ms(uchar i)                                           //100ms¼ä¶Ï·äÃùÆ÷Ïì
  30          {uchar j;        
  31   1      for(j=0;j<i;j++)
  32   1      {
  33   2               fengming=0;
  34   2               delay10ms(10);
  35   2               fengming=1;
  36   2               delay10ms(10);
  37   2       }
  38   1      }
  39          void fm50ms(uchar i)                                            //50ms¼ä¶Ï·äÃùÆ÷Ïì
  40          {uchar j;        
  41   1      for(j=0;j<i;j++)
  42   1      {
  43   2               fengming=0;
  44   2               delay10ms(5);
  45   2               fengming=1;
  46   2               delay10ms(5);
  47   2       }
  48   1      }
  49          
  50          void fm1ms(uchar i)                                             //100us¼ä¶Ï·äÃùÆ÷Ïì
  51          {
  52   1              uchar j;         
  53   1              for(j=0;j<i;j++)
  54   1              {
  55   2                       fengming=0;
C51 COMPILER V8.05a   BUZZ                                                                 09/09/2017 11:44:39 PAGE 2   

  56   2                       delay1ms(1);
  57   2                       fengming=1;
  58   2                       delay1ms(1);
  59   2               }
  60   1      }
  61          
  62          
  63          
  64          
  65          
  66          
  67          
  68          
  69          
  70          
  71          


MODULE INFORMATION:   STATIC OVERLAYABLE
   CODE SIZE        =    210    ----
   CONSTANT SIZE    =   ----    ----
   XDATA SIZE       =   ----      10
   PDATA SIZE       =   ----    ----
   DATA SIZE        =   ----    ----
   IDATA SIZE       =   ----    ----
   BIT SIZE         =   ----    ----
END OF MODULE INFORMATION.


C51 COMPILATION COMPLETE.  0 WARNING(S),  0 ERROR(S)
