C51 COMPILER V8.05a   DELAY                                                                09/09/2017 11:44:38 PAGE 1   


C51 COMPILER V8.05a, COMPILATION OF MODULE DELAY
OBJECT MODULE PLACED IN delay.OBJ
COMPILER INVOKED BY: C:\Keil\C51\BIN\C51.EXE delay.c LARGE BROWSE DEBUG OBJECTEXTEND

line level    source

   1          //ÑÓÊ±ÎÄ¼þ
   2          #include <intrins.h>
   3          #define uchar unsigned char
   4          #define uint  unsigned int
   5          
   6          void delay8us(uchar num)
   7          {
   8   1      unsigned char i,j;
   9   1      for(j=0;j<num;j++)
  10   1      //for (k=0;k<1;k++)
  11   1      //for (m=0;m<1;m++)
  12   1      for (i=0;i<1;i++); 
  13   1      
  14   1      
  15   1      /*      unsigned char i,j;
  16   1        for(j=0;j<num;j++)
  17   1              {
  18   1                      //_nop_();
  19   1                      //_nop_();
  20   1                      i = 2;
  21   1                      while (--i);
  22   1              }                 */
  23   1      }       
  24          
  25          void delay10us(uchar num)
  26          {uchar i,j;
  27   1      for(j=0;j<num;j++)
  28   1      for (i=0;i<11;i++)
  29   1      ;
  30   1      }
  31           
  32          void delay100us(uchar num)
  33          {uchar i,j;
  34   1      for(j=0;j<num;j++)
  35   1      for (i=0;i<1;i++)
  36   1      delay10us(11);
  37   1      }
  38          
  39          /*void delay490us(uchar num)
  40          {       unsigned char i,j,k;
  41            for(k=0;k<num;k++)
  42                  {
  43                          //_nop_();
  44                          //_nop_();
  45                          //_nop_();
  46                          i = 5;
  47                          j = 1;
  48                          do
  49                          {
  50                                  while (--j);
  51                          } while (--i);
  52                  }
  53          }        */
  54          void delay500us(uchar num)
  55          {
C51 COMPILER V8.05a   DELAY                                                                09/09/2017 11:44:38 PAGE 2   

  56   1      /*uchar i,j;
  57   1      for(j=0;j<num;j++)
  58   1      for (i=0;i<1;i++)
  59   1      delay10us(55);*/
  60   1              unsigned char i,j,k;
  61   1        for(k=0;k<num;k++)
  62   1              {
  63   2                      //_nop_();
  64   2                      //_nop_();
  65   2                      //_nop_();
  66   2                      i = 6;
  67   2                      j = 1;
  68   2                      do
  69   2                      {
  70   3                              while (--j);
  71   3                      } while (--i);
  72   2              }
  73   1      }
  74          
  75          
  76          void delay1ms(uchar num)
  77          {uchar i,j;
  78   1      for(j=0;j<num;j++)
  79   1      for (i=0;i<1;i++)
  80   1      delay10us(122);
  81   1      }
  82          
  83          void delay10ms(uchar num)
  84          {uchar i,j;
  85   1      for(j=0;j<num;j++)
  86   1      for (i=0;i<1;i++)
  87   1      delay1ms(10);
  88   1      }
  89          
  90          void delay500ms(uchar num)
  91          {uchar i,j;
  92   1      for(j=0;j<num;j++)
  93   1      for (i=0;i<50;i++)
  94   1      delay1ms(10);
  95   1      }
  96          
  97          void delay1s(uchar num)
  98          {uchar i,j;
  99   1      for(j=0;j<num;j++)
 100   1      for (i=0;i<1;i++)
 101   1      delay10ms(100);
 102   1      }
 103          
 104          


MODULE INFORMATION:   STATIC OVERLAYABLE
   CODE SIZE        =    239    ----
   CONSTANT SIZE    =   ----    ----
   XDATA SIZE       =   ----       7
   PDATA SIZE       =   ----    ----
   DATA SIZE        =   ----    ----
   IDATA SIZE       =   ----    ----
   BIT SIZE         =   ----    ----
END OF MODULE INFORMATION.


C51 COMPILATION COMPLETE.  0 WARNING(S),  0 ERROR(S)
