C51 COMPILER V8.05a   JIEWU                                                                09/09/2017 11:44:39 PAGE 1   


C51 COMPILER V8.05a, COMPILATION OF MODULE JIEWU
OBJECT MODULE PLACED IN jiewu.OBJ
COMPILER INVOKED BY: C:\Keil\C51\BIN\C51.EXE jiewu.c LARGE BROWSE DEBUG OBJECTEXTEND

line level    source

   1          #include <math.h>
   2          //#include "REG15W4Kxx.h"
   3          #include "delay.h"
   4          #include "main.h"
   5          #include "basal.h"      
   6          //#############################################################################
   7          // 函数名称：void dpzc_1(char m,uchar n)
   8          // 函数说明：大鹏展翅
   9          // 入口参数：无
  10          // 出口参数：无
  11          //#############################################################################
  12          void dpzc_1(char m,uchar n)
  13          {
  14   1         uchar i;
  15   1        switch(n)
  16   1              {
  17   2                case 0:
  18   2                   for(i=0;i<20;i++)
  19   2                           {
  20   3                      position[8]+=1*m;           
  21   3                      position[9]+=(-1)*m;        
  22   3                                  position[10]+=1*m;         
  23   3                      position[11]+=(-1)*m;      
  24   3                                 PWM_24();
  25   3                          low_level_500u(45);
  26   3                   }
  27   2                              
  28   2                               break;
  29   2      
  30   2            case 1:
  31   2                           for(i=0;i<40;i++)
  32   2                           {
  33   3                                  position[0]+=(-1)*m;      
  34   3                      position[1]+=1*m;         
  35   3                                  PWM_24();
  36   3                      low_level_500u(45);
  37   3                   }
  38   2                               
  39   2                               break;
  40   2      
  41   2            case 2:   
  42   2                           for(i=0;i<120;i++)
  43   2                           {
  44   3                                  position[0]+=1*m;         
  45   3                   
  46   3                      if((i%2)==0)
  47   3                                  {
  48   4                                 position[12]+=(-1)*m;
  49   4                                     position[14]+=1*m;
  50   4                                  }
  51   3      
  52   3                                  if((i%5)==0)
  53   3                                  {
  54   4                                     position[3]+=1*m;
  55   4                                  }
C51 COMPILER V8.05a   JIEWU                                                                09/09/2017 11:44:39 PAGE 2   

  56   3                               PWM_24();
  57   3                          low_level_500u(20);
  58   3                   }
  59   2                              
  60   2                               break;
  61   2                default: 
  62   2                    break;
  63   2          }
  64   1      }
  65          //#############################################################################
  66          // 函数名称：void yaobibaitou()
  67          // 函数说明：摇臂摆头，展臂
  68          // 入口参数：无
  69          // 出口参数：无
  70          //#############################################################################
  71          void yaobibaitou(void)
  72          {uchar i,j,k; 
  73   1      //////////////////////////////////////////////摇臂加摆头
  74   1      for(i=0;i<30;i++)
  75   1          {
  76   2                  position[0]-=2;             
  77   2                  position[2]--;              
  78   2      
  79   2                  position[3]+=2;             
  80   2                      position[5]++;              
  81   2      
  82   2              position[6]-=4;
  83   2                      position[7]+=4;
  84   2                       
  85   2                              PWM_24();
  86   2                          low_level_500u(45);
  87   2              }
  88   1         for(j=0;j<3;j++)
  89   1          {
  90   2              for(i=0;i<2;i++)
  91   2              {       
  92   3                     position[12]=position_initial[12];
  93   3                     position[13]=position_initial[13]+100;
  94   3                 position[14]=position_initial[14]+100;
  95   3                     position[15]=position_initial[15];
  96   3                 position[16]=position_initial[16]-40;
  97   3                 
  98   3                        PWM_24();
  99   3                          low_level_500u(45);
 100   3                         delay10ms(22);
 101   3                         
 102   3                                  
 103   3                 position[13]-=100;
 104   3                 position[14]-=100;
 105   3                     position[16]=position_initial[16];
 106   3                 PWM_24();
 107   3                          low_level_500u(45);
 108   3                         delay10ms(32);
 109   3               
 110   3                 }
 111   2                     
 112   2                 position[12]=position_initial[12]-100;
 113   2                 position[15]=position_initial[15]-100;
 114   2                    position[16]=position_initial[16]+50;
 115   2              PWM_24();
 116   2                          low_level_500u(45);
 117   2                         delay10ms(72);
C51 COMPILER V8.05a   JIEWU                                                                09/09/2017 11:44:39 PAGE 3   

 118   2         }
 119   1      
 120   1          for(i=0;i<50;i++)
 121   1          {   
 122   2             position[12]+=2;
 123   2             position[15]+=2;
 124   2             position[16]-=1;
 125   2                 
 126   2             PWM_24();
 127   2                          low_level_500u(20);
 128   2               
 129   2          }
 130   1      
 131   1      
 132   1      
 133   1          for(i=0;i<30;i++)
 134   1          {
 135   2                 position[0]+=2;              
 136   2                 position[2]++;              
 137   2                 
 138   2                 position[3]-=2;             
 139   2             position[5]--;              
 140   2      
 141   2             position[6]+=4;
 142   2                 position[7]-=4;
 143   2            
 144   2             PWM_24();
 145   2                          low_level_500u(20);
 146   2                         
 147   2                           } 
 148   1      /////////////////////////////////////////////展臂
 149   1      for(k=0;k<3;k++)
 150   1              {            
 151   2          for(i=0;i<2;i++)
 152   2          {
 153   3                 position[12]-=45;
 154   3                 position[13]+=45;
 155   3                 position[14]+=45;
 156   3             position[15]-=45;
 157   3      
 158   3             position[9]-=10;
 159   3             position[11]+=10;
 160   3                       PWM_24();
 161   3                          low_level_500u(20);
 162   3                         delay10ms(22);
 163   3          }                     
 164   2              for(i=0;i<2;i++)
 165   2          {
 166   3                 position[12]-=45;
 167   3                 position[13]-=90;
 168   3                 position[14]+=45;
 169   3             position[15]+=90;
 170   3      
 171   3             position[9]-=10;
 172   3             position[11]+=10;
 173   3                       PWM_24();
 174   3                          low_level_500u(20);
 175   3                         delay10ms(22);
 176   3          }
 177   2                         
 178   2          position[12]=position_initial[12];
 179   2          position[13]=position_initial[13];
C51 COMPILER V8.05a   JIEWU                                                                09/09/2017 11:44:39 PAGE 4   

 180   2          position[14]=position_initial[14];
 181   2          position[15]=position_initial[15];
 182   2      
 183   2          position[9]=position_initial[9];
 184   2          position[11]=position_initial[11];
 185   2                         
 186   2           PWM_24();
 187   2               low_level_500u(20);
 188   2                         delay10ms(22);
 189   2       }
 190   1      }
 191          //#############################################################################
 192          // 函数名称：void dpzhch()
 193          // 函数说明：大鹏展翅
 194          // 入口参数：无
 195          // 出口参数：无
 196          //#############################################################################
 197          
 198          void dpzhch(void)
 199          {////////////////////////////////////////////////大鹏展翅
 200   1              uchar i,j,k;
 201   1              sit_down(44);
 202   1              for(j=0;j<5;j++)                 
 203   1                             {
 204   2                     position[12]-=2;                    
 205   2                                 position[14]+=2;                              
 206   2                     PWM_24();
 207   2                     low_level_500u(10);
 208   2                            } 
 209   1              for(i=0;i<3;i++)
 210   1         {  
 211   2            dpzc_1(1,i);
 212   2         } 
 213   1         for(j=0;j<3;j++)
 214   1         {
 215   2            k=75;
 216   2                for(i=0;i<30;i++)
 217   2                {
 218   3               position[3]--;            
 219   3                   position[4]+=2;           
 220   3                       position[5]++;           
 221   3      
 222   3               position[12]-=3;
 223   3                   position[14]+=3;
 224   3      
 225   3                  
 226   3                      PWM_24();
 227   3                       low_level_500u(k);
 228   3             
 229   3                      k--;
 230   3                }
 231   2            
 232   2                k=75;
 233   2                for(i=0;i<30;i++)
 234   2                {
 235   3               position[3]++;            
 236   3                       position[4]-=2;           
 237   3                       position[5]--;            
 238   3                       position[12]+=3;
 239   3                   position[14]-=3;
 240   3      
 241   3                      
C51 COMPILER V8.05a   JIEWU                                                                09/09/2017 11:44:39 PAGE 5   

 242   3                      PWM_24();
 243   3                       low_level_500u(k);
 244   3             
 245   3                      k++;
 246   3                }
 247   2         }
 248   1      
 249   1         for(i=0;i<3;i++)
 250   1         {
 251   2            dpzc_1(-1,2-i);
 252   2         }
 253   1                  for(j=0;j<5;j++)                 
 254   1                             {
 255   2                     position[12]+=2;                    
 256   2                                 position[14]-=2;                              
 257   2                     PWM_24();
 258   2                     low_level_500u(10);
 259   2                            }
 260   1         stand_up(44);
 261   1      }
 262          //#############################################################################
 263          // 函数名称：void shou_dd(void)
 264          // 函数说明：手臂抖动
 265          // 入口参数：无
 266          // 出口参数：无
 267          //#############################################################################
 268          
 269          void shou_dd(uchar a)
 270          {
 271   1          uchar i,j,m=0;
 272   1              for(i=0;i<110;i++)
 273   1          {
 274   2                  position[6]--;
 275   2                      position[7]++;
 276   2                      position[12]--; 
 277   2              position[14]++;
 278   2                      PWM_24();
 279   2                       low_level_500u(20);
 280   2          }
 281   1      
 282   1              for(i=0;i<5;i++)
 283   1          {
 284   2                  position[6]-=3;
 285   2              position[7]++;
 286   2                      PWM_24();
 287   2                       low_level_500u(20);
 288   2          }
 289   1         
 290   1          position[16]+=50;
 291   1          PWM_24();
 292   1                       low_level_500u(20);
 293   1      
 294   1          for(j=0;j<a;j++)
 295   1              {
 296   2                      for(i=0;i<40;i++)
 297   2                      {
 298   3                         position[13]--; 
 299   3      
 300   3                         if((i%2)==0)
 301   3                         {
 302   4                           position[16]--;
 303   4                         }
C51 COMPILER V8.05a   JIEWU                                                                09/09/2017 11:44:39 PAGE 6   

 304   3      
 305   3                      PWM_24();
 306   3                       low_level_500u(10);
 307   3                      }
 308   2      
 309   2              for(i=0;i<40;i++)
 310   2                      {
 311   3                         position[12]--;
 312   3                         position[13]+=3; 
 313   3      
 314   3                         if((i%2)==0)
 315   3                         {
 316   4                           position[16]--;
 317   4                         }
 318   3      
 319   3                       PWM_24();
 320   3                       low_level_500u(10);
 321   3                      }
 322   2      
 323   2                      for(i=0;i<40;i++)
 324   2                      {
 325   3                         position[12]++;
 326   3                 position[13]-=2;
 327   3                         position[14]++;
 328   3                         position[15]-=2;
 329   3      
 330   3                         if((i%2)==0)
 331   3                         {
 332   4                           position[16]--;
 333   4                         }
 334   3      
 335   3              PWM_24();
 336   3                       low_level_500u(10);
 337   3                      }
 338   2      
 339   2                      for(i=0;i<40;i++)
 340   2                      {
 341   3                         position[14]--;
 342   3                         position[15]++; 
 343   3      
 344   3                         if((i%2)==0)
 345   3                         {
 346   4                           position[16]--;
 347   4                         }
 348   3      
 349   3                       PWM_24();
 350   3                       low_level_500u(10);
 351   3                      }
 352   2      
 353   2              for(i=0;i<40;i++)
 354   2                      {
 355   3                         position[15]++; 
 356   3      
 357   3                         if((i%2)==0)
 358   3                         {
 359   4                           position[16]--;
 360   4                         }
 361   3      
 362   3                      PWM_24();
 363   3                       low_level_500u(10);
 364   3                      }
 365   2      
C51 COMPILER V8.05a   JIEWU                                                                09/09/2017 11:44:39 PAGE 7   

 366   2                      position[6]+=10;
 367   2                      position[7]-=10;
 368   2                      PWM_24();
 369   2                       low_level_500u(10);
 370   2      //------------------------------------
 371   2      
 372   2              for(i=0;i<40;i++)
 373   2                      {
 374   3                         position[15]++; 
 375   3      
 376   3                         if((i%2)==0)
 377   3                         {
 378   4                           position[16]++;
 379   4                         }
 380   3      
 381   3                      PWM_24();
 382   3                       low_level_500u(10);
 383   3                      }
 384   2      
 385   2              for(i=0;i<40;i++)
 386   2                      {
 387   3                         position[14]++;
 388   3                         position[15]-=3; 
 389   3      
 390   3                         if((i%2)==0)
 391   3                         {
 392   4                           position[16]++;
 393   4                         }
 394   3      
 395   3                       PWM_24();
 396   3                       low_level_500u(10);
 397   3                      }
 398   2      
 399   2                      for(i=0;i<40;i++)
 400   2                      {
 401   3                         position[14]--;
 402   3                 position[15]+=2;
 403   3                         position[12]--;
 404   3                         position[13]+=2;
 405   3      
 406   3                         if((i%2)==0)
 407   3                         {
 408   4                           position[16]++;
 409   4                         }
 410   3      
 411   3                       PWM_24();
 412   3                       low_level_500u(10);
 413   3                      }
 414   2      
 415   2                      for(i=0;i<40;i++)
 416   2                      {
 417   3                         position[12]++;
 418   3                         position[13]--;
 419   3       
 420   3                         if((i%2)==0)
 421   3                         {
 422   4                           position[16]++;
 423   4                         }
 424   3      
 425   3                         PWM_24();
 426   3                       low_level_500u(10);
 427   3                      }
C51 COMPILER V8.05a   JIEWU                                                                09/09/2017 11:44:39 PAGE 8   

 428   2      
 429   2              for(i=0;i<40;i++)
 430   2                      {
 431   3                         position[13]--; 
 432   3      
 433   3                         if((i%2)==0)
 434   3                         {
 435   4                           position[16]++;
 436   4                         }
 437   3      
 438   3                      PWM_24();
 439   3                       low_level_500u(10);
 440   3                      }
 441   2      
 442   2                      position[6]+=10;
 443   2                      position[7]-=10;
 444   2                      PWM_24();
 445   2                       low_level_500u(10);
 446   2         }
 447   1      
 448   1         position[16]-=50;
 449   1        PWM_24();
 450   1                       low_level_500u(15);
 451   1         for(i=0;i<110;i++)
 452   1         {
 453   2                      position[12]++; 
 454   2              position[14]--;
 455   2                      PWM_24();
 456   2                       low_level_500u(15);
 457   2         }
 458   1      
 459   1         for(i=0;i<(110-a*20);i++)
 460   1         {
 461   2                  position[6]++;
 462   2                      position[7]--;
 463   2                      PWM_24();
 464   2                       low_level_500u(15);
 465   2         }
 466   1      
 467   1         for(i=0;i<5;i++)
 468   1         {
 469   2                  position[6]+=3;
 470   2              position[7]--;
 471   2                      PWM_24();
 472   2                       low_level_500u(15);
 473   2         }
 474   1      }
 475          //--------------------------------------------------------------------------------------------------------
             ---------
 476          void qhzy_niu_2(uchar m)
 477          {
 478   1          uchar i,j;
 479   1          for(j=0;j<m;j++)                   
 480   1              {
 481   2              for(i=0;i<25;i++)             
 482   2                      {
 483   3                              position[0]+=3;           
 484   3                          position[1]-=2;           
 485   3      
 486   3                  position[3]-=3;           
 487   3                              position[4]+=2;          
 488   3                  
C51 COMPILER V8.05a   JIEWU                                                                09/09/2017 11:44:39 PAGE 9   

 489   3                               PWM_24();
 490   3                          low_level_500u(45);
 491   3                  }
 492   2      
 493   2                      for(i=0;i<25;i++)             
 494   2                      {
 495   3                              position[0]-=3;           
 496   3                              position[1]+=2;           
 497   3      
 498   3                  position[3]+=3;           
 499   3                              position[4]-=2;          
 500   3               PWM_24();
 501   3                          low_level_500u(45);
 502   3                  }
 503   2          }
 504   1      }
 505          //#############################################################################
 506          // 函数名称：void qhzy_niu()
 507          // 函数说明：前后左右扭
 508          // 入口参数：无
 509          // 出口参数：无
 510          //#############################################################################
 511          void qhzy_niu(void)                       //前后扭
 512          {
 513   1         uchar i,j;
 514   1        sit_down(50);
 515   1        ////////////////////////////////
 516   1      
 517   1      
 518   1         position[6]-=60;                    
 519   1         PWM_24();
 520   1         low_level_500u(20);  
 521   1             
 522   1         delay1s(1);              
 523   1         position[7]+=60;                
 524   1         PWM_24();
 525   1         low_level_500u(20);
 526   1         delay500ms(1);
 527   1         
 528   1         position[13]+=80;                 
 529   1         PWM_24();
 530   1         low_level_500u(20);
 531   1         delay500ms(1);
 532   1            
 533   1         position[15]-=80;                       
 534   1         PWM_24();
 535   1         low_level_500u(20);
 536   1         delay500ms(1);
 537   1         
 538   1         qhzy_niu_2(2);
 539   1      
 540   1         position[13]-=160;         
 541   1         position[15]+=160;                    
 542   1         PWM_24();
 543   1         low_level_500u(20);
 544   1         delay500ms(1);
 545   1         qhzy_niu_2(2);
 546   1      
 547   1         position[13]+=80;          
 548   1         position[15]-=80;         
 549   1         PWM_24();
 550   1         low_level_500u(20);
C51 COMPILER V8.05a   JIEWU                                                                09/09/2017 11:44:39 PAGE 10  

 551   1         delay500ms(1);
 552   1      //--------------------------------------------------------------------------------------------------------
             ---------
 553   1       for(i=0;i<2;i++)
 554   1       {
 555   2       stand_up(20);
 556   2       delay500ms(1);
 557   2       sit_down(20);
 558   2       delay500ms(1);
 559   2       
 560   2       }
 561   1       ////////////////////////////////////////////
 562   1       position[13]-=80;                         
 563   1       PWM_24();
 564   1       low_level_500u(20);
 565   1       delay500ms(1);
 566   1      
 567   1         position[15]+=80;               
 568   1         PWM_24();
 569   1         low_level_500u(20);
 570   1                      
 571   1         delay1s(1);
 572   1      
 573   1         for(j=0;j<2;j++)
 574   1         {
 575   2           for(i=0;i<15;i++)          
 576   2           {
 577   3                 position[8]++;          
 578   3                 position[9]--;          
 579   3      
 580   3             position[10]++;          
 581   3                 position[11]--;          
 582   3                      
 583   3              PWM_24();
 584   3                       low_level_500u(65);
 585   3                      
 586   3               }
 587   2      
 588   2               for(i=0;i<15;i++)                  
 589   2           {
 590   3                 position[8]--;          
 591   3                 position[9]++;           
 592   3      
 593   3             position[10]--;          
 594   3                 position[11]++;         
 595   3              
 596   3                PWM_24();
 597   3                       low_level_500u(65);
 598   3               }
 599   2      
 600   2               for(i=0;i<15;i++)                 
 601   2           {
 602   3                 position[8]--;            
 603   3                 position[9]++;        
 604   3             position[10]--;          
 605   3                 position[11]++;           
 606   3                      
 607   3                PWM_24();
 608   3                       low_level_500u(65);
 609   3               }
 610   2      
 611   2               for(i=0;i<15;i++)                  
C51 COMPILER V8.05a   JIEWU                                                                09/09/2017 11:44:39 PAGE 11  

 612   2           {
 613   3                 position[8]++;          
 614   3                 position[9]--;            
 615   3             position[10]++;           
 616   3                 position[11]--;           
 617   3                      
 618   3                PWM_24();
 619   3                       low_level_500u(65);
 620   3               }
 621   2         }
 622   1      
 623   1         for(i=0;i<60;i++)
 624   1         {
 625   2           position[6]++;
 626   2           position[7]--;
 627   2           position[13]++;           
 628   2           position[15]--;          
 629   2           if((i%3)==0)
 630   2               {
 631   3                 position[13]++;         
 632   3             position[15]--;         
 633   3               }
 634   2      
 635   2        PWM_24();
 636   2                       low_level_500u(20);
 637   2         }
 638   1         stand_up(50);
 639   1       
 640   1      }
 641          //#############################################################################
 642          // 函数名称：void hfh_r()
 643          // 函数说明：黄飞鸿
 644          // 入口参数：无
 645          // 出口参数：无
 646          //#############################################################################
 647          void hfh_r(void)
 648          { uchar i,j;
 649   1                  for(i=0;i<10;i++)
 650   1                            {
 651   2                     position[6]+=1;              
 652   2                                 position[7]-=1;             
 653   2                                 PWM_24();
 654   2                       low_level_500u(20);
 655   2                            }
 656   1                               for(i=0;i<50;i++)
 657   1                            {
 658   2                     position[12]-=2;            
 659   2                                 position[14]+=2;             
 660   2                               PWM_24();
 661   2                          low_level_500u(45);
 662   2                            }
 663   1                         sit_down(50);
 664   1                                 delay10ms(20);   
 665   1                                  for(i=0;i<50;i++)
 666   1                            {
 667   2                     position[6]-=2;              
 668   2                                 position[7]+=2;              
 669   2                                 position[12]+=2;             
 670   2                                 position[14]-=2;            
 671   2                    PWM_24();
 672   2                          low_level_500u(45);
 673   2                            }
C51 COMPILER V8.05a   JIEWU                                                                09/09/2017 11:44:39 PAGE 12  

 674   1                              for(i=0;i<10;i++)
 675   1                            {
 676   2                     position[0]-=1;              
 677   2                                 position[1]+=2;             
 678   2                                 position[2]+=1;             
 679   2                                 position[3]-=5;              
 680   2                                 position[4]+=10;              
 681   2                                 position[5]+=5;             
 682   2                                 position[6]-=8;            
 683   2                                 position[7]+=10;            
 684   2                                 position[10]-=4;            
 685   2                                 position[11]+=4;            
 686   2                                 position[12]-=5;            
 687   2                                 position[13]+=5;            
 688   2                                 position[14]+=10;          
 689   2                                 position[15]-=5;           
 690   2                                 position[16]-=5;            
 691   2                      PWM_24();
 692   2          low_level_500u(35);
 693   2                      delay10ms(4);
 694   2                      
 695   2                            }
 696   1                                   delay10ms(20);
 697   1                      for(j=0;j<3;j++)
 698   1                         {
 699   2                              for(i=0;i<5;i++)
 700   2                            {
 701   3                     position[15]-=10;             
 702   3                                       PWM_24();
 703   3                          low_level_500u(55);
 704   3                            }
 705   2                              for(i=0;i<5;i++)
 706   2                            {
 707   3                     position[15]+=10;           
 708   3                                    PWM_24();
 709   3                          low_level_500u(55);
 710   3                            }
 711   2                         }
 712   1                              delay10ms(30);
 713   1                          for(i=0;i<10;i++)
 714   1                            {
 715   2                     position[0]+=1;            
 716   2                                 position[1]-=2;            
 717   2                                 position[2]-=1;            
 718   2                                 position[3]+=5;             
 719   2                                 position[4]-=10;            
 720   2                                 position[5]-=5;             
 721   2                                 position[6]+=18;              
 722   2                                 position[7]-=20;             
 723   2                                 position[10]+=4;              
 724   2                                 position[11]-=4;              
 725   2                                 position[12]+=5;              
 726   2                                 position[13]-=5;            
 727   2                                 position[14]-=10;             
 728   2                                 position[15]+=5;             
 729   2                                 position[16]+=5;            
 730   2                     PWM_24();
 731   2          low_level_500u(30);
 732   2                             delay10ms(4);
 733   2                            }
 734   1                                  stand_up(50);
 735   1                                      initial_position();              //初始位置
C51 COMPILER V8.05a   JIEWU                                                                09/09/2017 11:44:39 PAGE 13  

 736   1      }
 737          //#############################################################################
 738          // 函数名称：void hfh_l()
 739          // 函数说明：黄飞鸿
 740          // 入口参数：无
 741          // 出口参数：无
 742          //#############################################################################
 743          void hfh_l(void)
 744          { 
 745   1                  uchar i,j;
 746   1                    for(i=0;i<10;i++)
 747   1                            {
 748   2                     position[6]+=1;              
 749   2                                 position[7]-=1;              
 750   2                                 PWM_24();
 751   2                       low_level_500u(20);
 752   2                            }
 753   1                               for(i=0;i<50;i++)
 754   1                            {
 755   2                     position[12]-=2;             
 756   2                                 position[14]+=2;            
 757   2                                 PWM_24();
 758   2                          low_level_500u(45);
 759   2                            }
 760   1                         sit_down(50);
 761   1                                 delay10ms(20);   
 762   1                                  for(i=0;i<50;i++)
 763   1                            {
 764   2                     position[6]-=2;              
 765   2                                 position[7]+=2;             
 766   2                                 position[12]+=2;              
 767   2                                 position[14]-=2;             
 768   2                      PWM_24();
 769   2                          low_level_500u(45);
 770   2                            }
 771   1                              for(i=0;i<10;i++)
 772   1                            {
 773   2                     position[0]+=5;              
 774   2                                 position[1]-=10;             
 775   2                                 position[2]-=5;             
 776   2                                 position[3]+=1;             
 777   2                                 position[4]-=2;              
 778   2                                 position[5]-=1;             
 779   2                                 position[6]-=10;             
 780   2                                 position[7]+=8;            
 781   2                                 position[8]+=4;             
 782   2                                 position[9]-=4;             
 783   2                                 position[12]-=10;            
 784   2                                 position[13]+=5;             
 785   2                                 position[14]+=5;             
 786   2                                 position[15]-=5;             
 787   2                                 position[16]+=5;            
 788   2                     PWM_24();
 789   2                     low_level_500u(45);
 790   2                             delay10ms(4);
 791   2                            }
 792   1                                   delay10ms(20);
 793   1                      for(j=0;j<3;j++)
 794   1                         {
 795   2                              for(i=0;i<5;i++)
 796   2                            {
 797   3                     position[13]+=10;             
C51 COMPILER V8.05a   JIEWU                                                                09/09/2017 11:44:39 PAGE 14  

 798   3                                 PWM_24();
 799   3                     low_level_500u(55);
 800   3                          
 801   3                            }
 802   2                              for(i=0;i<5;i++)
 803   2                            {
 804   3                     position[13]-=10;            
 805   3                                 PWM_24();
 806   3                     low_level_500u(55);
 807   3                            }
 808   2                         }
 809   1                              delay10ms(30);
 810   1                          for(i=0;i<10;i++)
 811   1                            {
 812   2                     position[0]-=5;              
 813   2                                 position[1]+=10;             
 814   2                                 position[2]+=5;              
 815   2                                 position[3]-=1;             
 816   2                                 position[4]+=2;              
 817   2                                 position[5]+=1;              
 818   2                                 position[6]+=10;              
 819   2                                 position[7]-=8;              
 820   2                                 position[8]-=4;             
 821   2                                 position[9]+=4;              
 822   2                                 position[12]+=10;           
 823   2                                 position[13]-=5;             
 824   2                                 position[14]-=5;              
 825   2                                 position[15]+=5;              
 826   2                                 position[16]-=5;              
 827   2                     PWM_24();
 828   2                     low_level_500u(35);
 829   2                             delay10ms(4);
 830   2                            }
 831   1                                  stand_up(50);
 832   1                                      initial_position();              //初始位置
 833   1      }
 834          //#############################################################################
 835          //函数名称： void l_pyi(uchar step)
 836          //函数说明：舞蹈左平移子程序
 837          //入口参数：step, 表示左平移次数。
 838          //出口参数：无
 839          //#############################################################################
 840          void wdl_pyi(uchar step)
 841          {
 842   1             uchar j,i;            
 843   1               sit_down(20);
 844   1                       for(j=0;j<5;j++)                 
 845   1                             {
 846   2                     position[12]-=2;                    
 847   2                                 position[14]+=2;                              
 848   2                     PWM_24();
 849   2                     low_level_500u(10);
 850   2                            }
 851   1                      delay500ms(1);
 852   1                      
 853   1              for(i=0;i<step;i++)
 854   1                        {
 855   2                      for(j=0;j<15;j++)             
 856   2                             {
 857   3                                  position[8]++;              
 858   3                                  position[9]--;             
 859   3      
C51 COMPILER V8.05a   JIEWU                                                                09/09/2017 11:44:39 PAGE 15  

 860   3                      position[10]++;             
 861   3                                  position[11]--;          
 862   3      
 863   3                      PWM_24();
 864   3                          low_level_500u(30);
 865   3                      
 866   3                                 }  
 867   2                   for(j=0;j<10;j++)                 
 868   2                             {
 869   3                     position[0]--;                    
 870   3                                 position[1]++;               
 871   3                     position[1]++;
 872   3                                 position[2]++;               
 873   3                                 position[8]++;               
 874   3                                 position[9]--;               
 875   3                   PWM_24();
 876   3                          low_level_500u(30);
 877   3                            }
 878   2      
 879   2                              for(j=0;j<10;j++)                
 880   2                            {
 881   3                     position[0]++;               
 882   3                                 position[1]--;
 883   3                     position[1]--;
 884   3                                 position[2]--;
 885   3                                 position[8]++;               
 886   3                                 position[9]--;               
 887   3              PWM_24();
 888   3                          low_level_500u(30);
 889   3                             }
 890   2      
 891   2                  for(j=0;j<50;j++)             
 892   2                             {
 893   3                                  position[8]--;            
 894   3                                  position[9]++;            
 895   3      
 896   3                      position[10]--;           
 897   3                                  position[11]++;           
 898   3                  PWM_24();
 899   3                          low_level_500u(20);
 900   3                              }
 901   2                               for(j=0;j<20;j++)             
 902   2                              {
 903   3                                  position[10]++;            
 904   3                                  position[11]--;            
 905   3                   PWM_24();
 906   3                          low_level_500u(20);
 907   3                              }
 908   2                               for(j=0;j<15;j++)                  
 909   2                              {
 910   3                                  position[8]++;            
 911   3                                  position[9]--;           
 912   3      
 913   3                      position[10]++;          
 914   3                                  position[11]--;           
 915   3                    PWM_24();
 916   3                          low_level_500u(30);
 917   3                                 }
 918   2                 }
 919   1                         delay500ms(1);
 920   1                         for(j=0;j<5;j++)                 
 921   1                             {
C51 COMPILER V8.05a   JIEWU                                                                09/09/2017 11:44:39 PAGE 16  

 922   2                     position[12]+=2;                    
 923   2                                 position[14]-=2;                              
 924   2                     PWM_24();
 925   2                     low_level_500u(10);
 926   2                            }
 927   1                      stand_up(20);
 928   1                              
 929   1      }                       
 930          //#############################################################################
 931          //函数名称： void r_pyi(uchar step)
 932          //函数说明：舞蹈右平移子程序
 933          //入口参数：step, 表示右平移次数。
 934          //出口参数：无
 935          //#############################################################################
 936          void wdr_pyi(uchar step)
 937          {
 938   1          uchar j,i;
 939   1                   
 940   1                sit_down(20);
 941   1                        for(j=0;j<5;j++)                 
 942   1                             {
 943   2                     position[12]-=2;                    
 944   2                                 position[14]+=2;                              
 945   2                     PWM_24();
 946   2                     low_level_500u(10);
 947   2                            }
 948   1                       delay500ms(1);
 949   1                       
 950   1              for(i=0;i<step;i++)
 951   1                        {
 952   2                      for(j=0;j<15;j++)                  
 953   2                             {
 954   3                                  position[8]--;           
 955   3                                  position[9]++;           
 956   3      
 957   3                      position[10]--;           
 958   3                                  position[11]++;          
 959   3      
 960   3                   PWM_24();
 961   3                          low_level_500u(30);
 962   3                                
 963   3                      
 964   3                                 }  
 965   2                   for(j=0;j<10;j++)                 
 966   2                             {
 967   3                     position[3]++;                    
 968   3                                 position[4]--;               
 969   3                     position[4]--;
 970   3                                 position[5]--;               
 971   3                                 position[10]--;               
 972   3                                 position[11]++;             
 973   3                    
 974   3                              PWM_24();
 975   3                          low_level_500u(30);
 976   3                            }
 977   2      
 978   2                              for(j=0;j<10;j++)                
 979   2                            {
 980   3                     position[3]--;               
 981   3                                 position[4]++;
 982   3                     position[4]++;
 983   3                                 position[5]++;
C51 COMPILER V8.05a   JIEWU                                                                09/09/2017 11:44:39 PAGE 17  

 984   3                                 position[10]--;               
 985   3                                 position[11]++;             
 986   3                    
 987   3                              PWM_24();
 988   3                          low_level_500u(30);
 989   3                             }
 990   2      
 991   2                  for(j=0;j<50;j++)             
 992   2                             {
 993   3                                  position[8]++;            
 994   3                                  position[9]--;            
 995   3      
 996   3                      position[10]++;          
 997   3                                  position[11]--;           
 998   3                    PWM_24();
 999   3                          low_level_500u(20);
1000   3                              
1001   3                              }
1002   2                               for(j=0;j<20;j++)            
1003   2                              {
1004   3                                  position[8]--;            
1005   3                                  position[9]++;            
1006   3                     PWM_24();
1007   3                          low_level_500u(20);
1008   3                                  
1009   3                              }
1010   2                               for(j=0;j<15;j++)                  
1011   2                              {
1012   3                                  position[8]--;            
1013   3                                  position[9]++;            
1014   3      
1015   3                      position[10]--;           
1016   3                                  position[11]++;          
1017   3      
1018   3                      PWM_24();
1019   3                          low_level_500u(30);
1020   3                                 }
1021   2                 } 
1022   1                         delay500ms(1);
1023   1                         for(j=0;j<5;j++)                 
1024   1                             {
1025   2                     position[12]+=2;                    
1026   2                                 position[14]-=2;                              
1027   2                     PWM_24();
1028   2                     low_level_500u(10);
1029   2                            }
1030   1                          stand_up(20);
1031   1                                 
1032   1      }
1033          //#############################################################################
1034          // 函数名称：void jiewu()
1035          // 函数说明：街舞
1036          // 入口参数：无
1037          // 出口参数：无
1038          //#############################################################################
1039          
1040          void jiewu(void)
1041          {       initial_position();     
1042   1                 delay500ms(1);
1043   1          yaobibaitou();                          //摇臂摆头，展臂
1044   1               delay500ms(1);
1045   1          dpzhch();                                   //大棚展翅
C51 COMPILER V8.05a   JIEWU                                                                09/09/2017 11:44:39 PAGE 18  

1046   1           delay500ms(1);
1047   1              shou_dd(5);                                     //双手抖动c
1048   1               delay500ms(1);                         
1049   1               qhzy_niu();                                    //前后左右扭
1050   1               delay500ms(1);
1051   1              switch (part)
1052   1              {case 1: 
1053   2               case 3:
1054   2               case 5:
1055   2               case 7:
1056   2               case 9:
1057   2               case 11:        wdl_pyi(3);
1058   2                                delay500ms(1);
1059   2                                      fwc(4);
1060   2                                                delay500ms(1);
1061   2                                              hfh_r();          //黄飞鸿右手
1062   2                                                 delay500ms(1);
1063   2                                              wdr_pyi(3);
1064   2                                                 delay500ms(1);
1065   2                                              break;
1066   2               case 2:   
1067   2               case 4:
1068   2               case 6:
1069   2               case 8: 
1070   2               case 10:
1071   2               case 12: 
1072   2                                               wdr_pyi(3);
1073   2                                                delay500ms(1);
1074   2                                               fwc(4);
1075   2                                                delay500ms(1);
1076   2                                               hfh_l();          //黄飞鸿左手
1077   2                                                delay500ms(1);
1078   2                                               wdl_pyi(3);
1079   2                                                delay500ms(1);
1080   2                                                break;
1081   2                        default: 
1082   2                            break;                       
1083   2              
1084   2              } 
1085   1              dpzhch();                                       //大棚展翅      
1086   1              delay500ms(1);
1087   1      
1088   1              yaobibaitou();                      //摇臂摆头，展臂
1089   1              delay500ms(1);
1090   1      
1091   1              jingli_r();                 //右手敬礼
1092   1              delay500ms(1);
1093   1              jingli_l();                 //左手敬礼
1094   1          delay500ms(1);
1095   1       } 


MODULE INFORMATION:   STATIC OVERLAYABLE
   CODE SIZE        =   4608    ----
   CONSTANT SIZE    =   ----    ----
   XDATA SIZE       =   ----      27
   PDATA SIZE       =   ----    ----
   DATA SIZE        =   ----    ----
   IDATA SIZE       =   ----    ----
   BIT SIZE         =   ----    ----
END OF MODULE INFORMATION.


C51 COMPILATION COMPLETE.  0 WARNING(S),  0 ERROR(S)
