BL51 BANKED LINKER/LOCATER V6.22                                                        06/24/2016  11:44:38  PAGE 1


BL51 BANKED LINKER/LOCATER V6.22, INVOKED BY:
D:\KEIL51\C51\BIN\BL51.EXE main.obj, delay.obj, tuxinghua.obj, adc.obj, BUZZ.obj, basal.obj, walking.obj, jiewu.obj, tic
>> ao.obj, qianshou.obj, qiaoxiyang.obj, HT1621.obj TO ProjectTarget RAMSIZE (256)




PROGRAM RECURSIONS REMOVED FROM CALL TREE
=========================================
+--> ?PR?PWM_24?MAIN
<--+ ?PR?ADC_ADJUST?ADC


+--> ?PR?_P_TO_P?BASAL
|  | ?PR?PWM_24?MAIN
|  | ?PR?ADC_ADJUST?ADC
<--+ ?PR?HPQ?BASAL


+--> ?PR?_P_TO_P?BASAL
|  | ?PR?PWM_24?MAIN
|  | ?PR?ADC_ADJUST?ADC
<--+ ?PR?QIANPQ?BASAL



MEMORY MODEL: LARGE WITH FLOATING POINT ARITHMETIC


INPUT MODULES INCLUDED:
  main.obj (MAIN)
  delay.obj (DELAY)
  tuxinghua.obj (TUXINGHUA)
  adc.obj (ADC)
  BUZZ.obj (BUZZ)
  basal.obj (BASAL)
  walking.obj (WALKING)
  jiewu.obj (JIEWU)
  ticao.obj (TICAO)
  qianshou.obj (QIANSHOU)
  qiaoxiyang.obj (QIAOXIYANG)
  HT1621.obj (HT1621)
  D:\KEIL51\C51\LIB\C51FPL.LIB (?C?FPMUL)
  D:\KEIL51\C51\LIB\C51FPL.LIB (?C?FPDIV)
  D:\KEIL51\C51\LIB\C51FPL.LIB (?C?FCAST)
  D:\KEIL51\C51\LIB\C51FPL.LIB (?C?CASTF)
  D:\KEIL51\C51\LIB\C51FPL.LIB (PRINTF)
  D:\KEIL51\C51\LIB\C51FPL.LIB (?C?FPGETOPN)
  D:\KEIL51\C51\LIB\C51FPL.LIB (?C?FPROUND)
  D:\KEIL51\C51\LIB\C51FPL.LIB (?C?FPCONVERT)
  D:\KEIL51\C51\LIB\C51FPL.LIB (?C?FPADD)
  D:\KEIL51\C51\LIB\C51FPL.LIB (?C?FTNPWR)
  D:\KEIL51\C51\LIB\C51L.LIB (?C_STARTUP)
  D:\KEIL51\C51\LIB\C51L.LIB (?C?COPY)
  D:\KEIL51\C51\LIB\C51L.LIB (?C?CLDPTR)
  D:\KEIL51\C51\LIB\C51L.LIB (?C?CLDOPTR)
  D:\KEIL51\C51\LIB\C51L.LIB (?C?CSTPTR)
  D:\KEIL51\C51\LIB\C51L.LIB (?C?IMUL)
BL51 BANKED LINKER/LOCATER V6.22                                                      06/24/2016  11:44:38  PAGE 2


  D:\KEIL51\C51\LIB\C51L.LIB (?C?UIDIV)
  D:\KEIL51\C51\LIB\C51L.LIB (?C?IILDX)
  D:\KEIL51\C51\LIB\C51L.LIB (?C?ILDPTR)
  D:\KEIL51\C51\LIB\C51L.LIB (?C?IILDPTR)
  D:\KEIL51\C51\LIB\C51L.LIB (?C?ISTPTR)
  D:\KEIL51\C51\LIB\C51L.LIB (?C?LNEG)
  D:\KEIL51\C51\LIB\C51L.LIB (?C?SLCMP)
  D:\KEIL51\C51\LIB\C51L.LIB (?C?ULCMP)
  D:\KEIL51\C51\LIB\C51L.LIB (?C?ULSHR)
  D:\KEIL51\C51\LIB\C51L.LIB (?C?LSHL)
  D:\KEIL51\C51\LIB\C51L.LIB (?C?LLDPTR)
  D:\KEIL51\C51\LIB\C51L.LIB (?C?LSTXDATA)
  D:\KEIL51\C51\LIB\C51L.LIB (?C?LSTKXDATA)
  D:\KEIL51\C51\LIB\C51L.LIB (?C?PLDIXDATA)
  D:\KEIL51\C51\LIB\C51L.LIB (?C?PSTXDATA)
  D:\KEIL51\C51\LIB\C51L.LIB (?C?CCASE)
  D:\KEIL51\C51\LIB\C51L.LIB (?C?ICASE)
  D:\KEIL51\C51\LIB\C51L.LIB (PUTCHAR)
  D:\KEIL51\C51\LIB\C51L.LIB (ABS)
  D:\KEIL51\C51\LIB\C51L.LIB (?C?STRCPY)
  D:\KEIL51\C51\LIB\C51L.LIB (SETJMP)
  D:\KEIL51\C51\LIB\C51L.LIB (?C_INIT)
  D:\KEIL51\C51\LIB\C51L.LIB (?C?CSTOPTR)
  D:\KEIL51\C51\LIB\C51L.LIB (?C?ILDOPTR)
  D:\KEIL51\C51\LIB\C51L.LIB (?C?ISTOPTR)
  D:\KEIL51\C51\LIB\C51L.LIB (?C?LLDIDATA)
  D:\KEIL51\C51\LIB\C51L.LIB (?C?LLDXDATA)
  D:\KEIL51\C51\LIB\C51L.LIB (?C?LLDPDATA)
  D:\KEIL51\C51\LIB\C51L.LIB (?C?LLDCODE)
  D:\KEIL51\C51\LIB\C51L.LIB (?C_XBP)
  D:\KEIL51\C51\LIB\C51L.LIB (?C_IBP)
  D:\KEIL51\C51\LIB\C51L.LIB (?C_PBP)


LINK MAP OF MODULE:  ProjectTarget (MAIN)


            TYPE    BASE      LENGTH    RELOCATION   SEGMENT NAME
            -----------------------------------------------------

            * * * * * * *   D A T A   M E M O R Y   * * * * * * *
            REG     0000H     0008H     ABSOLUTE     "REG BANK 0"
            DATA    0008H     0005H     UNIT         _DATA_GROUP_
            DATA    000DH     0004H     UNIT         ?C?LIB_DATA
                    0011H     000FH                  *** GAP ***
            BIT     0020H.0   0001H.2   UNIT         _BIT_GROUP_
            BIT     0021H.2   0001H.1   UNIT         ?BI?MAIN
            BIT     0022H.3   0000H.4   UNIT         ?BI?HT1621
                    0022H.7   0000H.1                *** GAP ***
            IDATA   0023H     0001H     UNIT         ?STACK

            * * * * * * *  X D A T A   M E M O R Y  * * * * * * *
            XDATA   0000H     01D9H     UNIT         ?XD?MAIN
            XDATA   01D9H     009DH     UNIT         _XDATA_GROUP_
            XDATA   0276H     0074H     UNIT         ?XD?BASAL
            XDATA   02EAH     0030H     UNIT         ?XD?TUXINGHUA
            XDATA   031AH     0014H     UNIT         ?XD?ADC
BL51 BANKED LINKER/LOCATER V6.22                                                      06/24/2016  11:44:38  PAGE 3


            XDATA   032EH     0008H     UNIT         ?XD?HT1621
            XDATA   0336H     0002H     UNIT         ?XD?_FM300MS?BUZZ
            XDATA   0338H     0002H     UNIT         ?XD?_FM50MS?BUZZ
            XDATA   033AH     0002H     UNIT         ?XD?_FM1MS?BUZZ
            XDATA   033CH     0002H     UNIT         ?XD?_LEFT_UP_1?WALKING
            XDATA   033EH     0001H     UNIT         ?XD?_RIGHT_UP_1?WALKING
            XDATA   033FH     0001H     UNIT         ?XD?TABU1?WALKING

            * * * * * * *   C O D E   M E M O R Y   * * * * * * *
            CODE    0000H     0003H     ABSOLUTE     
            CODE    0003H     0003H     ABSOLUTE     
            CODE    0006H     0004H     UNIT         ?PR?DELAY1US_PSX?MAIN
            CODE    000AH     0001H     UNIT         ?PR?QIMA?WALKING
            CODE    000BH     0003H     ABSOLUTE     
            CODE    000EH     000DH     UNIT         ?PR?UART4_RESETBAUTERATE?MAIN
            CODE    001BH     0003H     ABSOLUTE     
            CODE    001EH     0001H     UNIT         ?PR?XIYANG_1?QIAOXIYANG
            CODE    001FH     0001H     UNIT         ?PR?XIYANG_2?QIAOXIYANG
            CODE    0020H     0001H     UNIT         ?PR?XIYANG_3?QIAOXIYANG
            CODE    0021H     0001H     UNIT         ?PR?XIYANG_4?QIAOXIYANG
                    0022H     0001H                  *** GAP ***
            CODE    0023H     0003H     ABSOLUTE     
                    0026H     0005H                  *** GAP ***
            CODE    002BH     0003H     ABSOLUTE     
            CODE    002EH     0013H     UNIT         ?PR?_DELAY500US?DELAY
                    0041H     0002H                  *** GAP ***
            CODE    0043H     0003H     ABSOLUTE     
            CODE    0046H     0045H     UNIT         ?PR?_CH376READBLOCK?MAIN
            CODE    008BH     0003H     ABSOLUTE     
                    008EH     0005H                  *** GAP ***
            CODE    0093H     0003H     ABSOLUTE     
            CODE    0096H     0EAEH     UNIT         ?PR?MAIN?MAIN
            CODE    0F44H     0C0CH     UNIT         ?PR?WUDAO?BASAL
            CODE    1B50H     0A2BH     UNIT         ?C?LIB_CODE
            CODE    257BH     0503H     UNIT         ?PR?DAOLI?BASAL
            CODE    2A7EH     04D4H     UNIT         ?PR?_LOCATION?TUXINGHUA
            CODE    2F52H     049CH     UNIT         ?PR?XIYANG_6?QIAOXIYANG
            CODE    33EEH     0483H     UNIT         ?PR?PRINTF?PRINTF
            CODE    3871H     0467H     UNIT         ?PR?MAIN1?TUXINGHUA
            CODE    3CD8H     041AH     UNIT         ?PR?_CYC?TUXINGHUA
            CODE    40F2H     0417H     UNIT         ?PR?XQ_TD?TICAO
            CODE    4509H     03F3H     UNIT         ?PR?_FWC?BASAL
            CODE    48FCH     03F2H     UNIT         ?PR?HGF?BASAL
            CODE    4CEEH     03D4H     UNIT         ?PR?OBTAIN_PSXCODE?MAIN
            CODE    50C2H     03C2H     UNIT         ?PR?QGF?BASAL
            CODE    5484H     039AH     UNIT         ?PR?XIYANG_7?QIAOXIYANG
            CODE    581EH     035FH     UNIT         ?PR?_SHOU_DD?JIEWU
            CODE    5B7DH     034FH     UNIT         ?PR?_L_PYI?BASAL
            CODE    5ECCH     034FH     UNIT         ?PR?_R_PYI?BASAL
            CODE    621BH     033EH     UNIT         ?PR?_QIANSHOU_7?QIANSHOU
            CODE    6559H     0313H     UNIT         ?PR?TICE_YD?TICAO
            CODE    686CH     02C2H     UNIT         ?PR?_TURN_RIGHT?BASAL
            CODE    6B2EH     02BCH     UNIT         ?PR?_TURN_LEFT?BASAL
            CODE    6DEAH     0296H     UNIT         ?PR?_GOAL_L?BASAL
            CODE    7080H     0292H     UNIT         ?PR?_GOAL_R?BASAL
            CODE    7312H     0288H     UNIT         ?PR?QIANPQ?BASAL
            CODE    759AH     0278H     UNIT         ?PR?_P_TO_P?BASAL
BL51 BANKED LINKER/LOCATER V6.22                                                      06/24/2016  11:44:38  PAGE 4


            CODE    7812H     026AH     UNIT         ?C_INITSEG
            CODE    7A7CH     0264H     UNIT         ?PR?XIYANG_9?QIAOXIYANG
            CODE    7CE0H     0264H     UNIT         ?PR?XIYANG_10?QIAOXIYANG
            CODE    7F44H     0252H     UNIT         ?PR?KUAIZOU2?WALKING
            CODE    8196H     0251H     UNIT         ?PR?HOUTUI2?WALKING
            CODE    83E7H     0243H     UNIT         ?PR?HOUTUI1?WALKING
            CODE    862AH     0237H     UNIT         ?PR?ADC_ADJUST?ADC
            CODE    8861H     0235H     UNIT         ?PR?YAOBIBAITOU?JIEWU
            CODE    8A96H     0222H     UNIT         ?PR?PCH?BASAL
            CODE    8CB8H     0210H     UNIT         ?PR?QIANSHOU_6?QIANSHOU
            CODE    8EC8H     020EH     UNIT         ?PR?_QIANSHOU_4?QIANSHOU
            CODE    90D6H     020EH     UNIT         ?PR?_QIANSHOU_10?QIANSHOU
            CODE    92E4H     020DH     UNIT         ?PR?PWM_24?MAIN
            CODE    94F1H     020BH     UNIT         ?PR?QHZY_NIU?JIEWU
            CODE    96FCH     01F8H     UNIT         ?PR?PY_SS_LEFT?TICAO
            CODE    98F4H     01F8H     UNIT         ?PR?PY_SS_RIGHT?TICAO
            CODE    9AECH     01F4H     UNIT         ?PR?SHENZHAN?TICAO
            CODE    9CE0H     01E4H     UNIT         ?PR?HP?BASAL
            CODE    9EC4H     01CEH     UNIT         ?PR?HFH_R?JIEWU
            CODE    A092H     01CEH     UNIT         ?PR?HFH_L?JIEWU
            CODE    A260H     01B6H     UNIT         ?PR?KUAIZOU1?WALKING
            CODE    A416H     01B4H     UNIT         ?PR?QIANPAXIA?BASAL
            CODE    A5CAH     01A1H     UNIT         ?PR?_WDL_PYI?JIEWU
            CODE    A76BH     01A1H     UNIT         ?PR?_WDR_PYI?JIEWU
            CODE    A90CH     0194H     UNIT         ?PR?XIYANG_5?QIAOXIYANG
            CODE    AAA0H     0187H     UNIT         ?PR?HPQ?BASAL
            CODE    AC27H     015FH     UNIT         ?PR?CS_XD_LEFT?TICAO
            CODE    AD86H     015FH     UNIT         ?PR?CS_XD_RIGHT?TICAO
            CODE    AEE5H     0141H     UNIT         ?PR?_YANGWOQIZUO?BASAL
            CODE    B026H     013BH     UNIT         ?PR?DPZHCH?JIEWU
            CODE    B161H     013BH     UNIT         ?PR?QIANSHOU_1?QIANSHOU
            CODE    B29CH     0137H     UNIT         ?PR?ADC_INT?ADC
            CODE    B3D3H     0134H     UNIT         ?PR?ZUOGOUQIU?BASAL
            CODE    B507H     0132H     UNIT         ?PR?YOUGOUQIU?BASAL
            CODE    B639H     0125H     UNIT         ?PR?_QIANSHOU_9?QIANSHOU
            CODE    B75EH     011CH     UNIT         ?PR?_QIANSHOU_3?QIANSHOU
            CODE    B87AH     010DH     UNIT         ?PR?UART2_INTERRUPT?MAIN
            CODE    B987H     0106H     UNIT         ?PR?_INITIAL_POSITION_SLOWONE?BASAL
            CODE    BA8DH     0106H     UNIT         ?PR?DT_L?BASAL
            CODE    BB93H     0106H     UNIT         ?PR?DT_R?BASAL
            CODE    BC99H     0102H     UNIT         ?PR?_READSDCARDFILEALLBYTES?MAIN
            CODE    BD9BH     0102H     UNIT         ?PR?QIANSHOU_8?QIANSHOU
            CODE    BE9DH     00F8H     UNIT         ?PR?_CH376SETFILENAME?MAIN
            CODE    BF95H     00F3H     UNIT         ?PR?_DPZC_1?JIEWU
            CODE    C088H     00EDH     UNIT         ?PR?KUOXIONG?TICAO
            CODE    C175H     00EAH     UNIT         ?PR?_RELATIVE?BASAL
            CODE    C25FH     00D6H     UNIT         ?PR?TIMER1_INTERRUPT?HT1621
            CODE    C335H     00CFH     UNIT         ?PR?JIEWU?JIEWU
            CODE    C404H     00C8H     UNIT         ?PR?ARRAY?BASAL
            CODE    C4CCH     00C7H     UNIT         ?PR?_CH376SEPARATEPATH?MAIN
            CODE    C593H     00C4H     UNIT         ?PR?_WALK?WALKING
            CODE    C657H     00C4H     UNIT         ?PR?_HOUTUI?WALKING
            CODE    C71BH     00BDH     UNIT         ?PR?QIANSHOU?QIANSHOU
            CODE    C7D8H     00BAH     UNIT         ?PR?TAIJIAOZI?BASAL
            CODE    C892H     00B9H     UNIT         ?PR?JINGLI_L?BASAL
            CODE    C94BH     00B4H     UNIT         ?PR?JINGLI_R?BASAL
            CODE    C9FFH     00B4H     UNIT         ?PR?XIYANG_8?QIAOXIYANG
BL51 BANKED LINKER/LOCATER V6.22                                                      06/24/2016  11:44:38  PAGE 5


            CODE    CAB3H     00B0H     UNIT         ?PR?INITIAL_POSITION?BASAL
            CODE    CB63H     009FH     UNIT         ?PR?TICAO?TICAO
            CODE    CC02H     0095H     UNIT         ?PR?_CREATESDCARDFILE?MAIN
            CODE    CC97H     0094H     UNIT         ?PR?_QIANSHOU_5?QIANSHOU
            CODE    CD2BH     008FH     UNIT         ?PR?_CH376FILEOPENDIR?MAIN
            CODE    CDBAH     008DH     UNIT         ?PR?_START_STATUS?WALKING
            CODE    CE47H     008CH     UNIT         ?C_C51STARTUP
            CODE    CED3H     008AH     UNIT         ?PR?QIANSHOU_2?QIANSHOU
            CODE    CF5DH     0089H     UNIT         ?PR?_MP3_SETPLAY?MAIN
            CODE    CFE6H     0086H     UNIT         ?PR?_QHZY_NIU_2?JIEWU
            CODE    D06CH     0083H     UNIT         ?PR?_CH376BYTEREAD?MAIN
            CODE    D0EFH     0080H     UNIT         ?PR?CH376READ32BITDAT?MAIN
            CODE    D16FH     0077H     UNIT         ?PR?_CH376BYTEWRITE?MAIN
            CODE    D1E6H     0073H     UNIT         ?PR?_MAX?BASAL
            CODE    D259H     006BH     UNIT         ?PR?CLEAR_PSXBUFF?MAIN
            CODE    D2C4H     0063H     UNIT         ?PR?PSXKEY_FILTER?MAIN
            CODE    D327H     005FH     UNIT         ?PR?SETJMP?SETJMP
            CODE    D386H     005EH     UNIT         ?PR?FUWEI?BASAL
            CODE    D3E4H     0059H     UNIT         ?PR?READRAM?TUXINGHUA
            CODE    D43DH     0058H     UNIT         ?PR?XREADCH376DATA?MAIN
            CODE    D495H     0058H     UNIT         ?PR?_XIYANG_XIAO7?QIAOXIYANG
            CODE    D4EDH     0055H     UNIT         ?PR?UART1_INTERRUPT?MAIN
            CODE    D542H     0055H     UNIT         ?PR?_LEFT_UP_1?WALKING
            CODE    D597H     0053H     UNIT         ?PR?WAIT376INTERRUPT?MAIN
            CODE    D5EAH     0052H     UNIT         ?PR?SETVALUEPARAS?MAIN
            CODE    D63CH     0050H     UNIT         ?PR?CPU_INIT?MAIN
            CODE    D68CH     004FH     UNIT         ?PR?_CH376WRITEVAR32?MAIN
            CODE    D6DBH     0049H     UNIT         ?PR?_LEFT_UP?WALKING
            CODE    D724H     0049H     UNIT         ?PR?_RIGHT_UP?WALKING
            CODE    D76DH     0049H     UNIT         ?PR?_LEFT_DOWN?WALKING
            CODE    D7B6H     0049H     UNIT         ?PR?_RIGHT_DOWN?WALKING
            CODE    D7FFH     0045H     UNIT         ?PR?_CH376FILEOPEN?MAIN
            CODE    D844H     0042H     UNIT         ?PR?_WRITESDCARDFILEBUFFBYTES?MAIN
            CODE    D886H     0042H     UNIT         ?PR?_LOW_LEVEL_500U?BASAL
            CODE    D8C8H     0042H     UNIT         ?PR?_SIT_DOWN?BASAL
            CODE    D90AH     0042H     UNIT         ?PR?_STAND_UP?BASAL
            CODE    D94CH     0042H     UNIT         ?PR?TABU1?WALKING
            CODE    D98EH     0041H     UNIT         ?PR?BACKDELAY?BASAL
            CODE    D9CFH     0041H     UNIT         ?PR?INITIAL_POSITION_SLOW?BASAL
            CODE    DA10H     0040H     UNIT         ?PR?_XSETCH376CMDDATA?MAIN
            CODE    DA50H     003DH     UNIT         ?PR?_READSDCARDFILE32BYTES?MAIN
            CODE    DA8DH     003CH     UNIT         ?PR?FORWARDDELAY?BASAL
            CODE    DAC9H     003CH     UNIT         ?PR?_LEFT_FORWARD?WALKING
            CODE    DB05H     003CH     UNIT         ?PR?_RIGHT_FORWARD?WALKING
            CODE    DB41H     003BH     UNIT         ?PR?_CH376BYTELOCATE?MAIN
            CODE    DB7CH     003AH     UNIT         ?PR?QIANSHOU_DOINIT?MAIN
            CODE    DBB6H     0039H     UNIT         ?PR?UART_INIT?MAIN
            CODE    DBEFH     0038H     UNIT         ?PR?_CH376WRITEREQBLOCK?MAIN
            CODE    DC27H     0038H     UNIT         ?PR?DOCHECKOUT_ONLINE?MAIN
            CODE    DC5FH     0038H     UNIT         ?PR?_LEFT_CS?WALKING
            CODE    DC97H     0038H     UNIT         ?PR?_RIGHT_CS?WALKING
            CODE    DCCFH     0036H     UNIT         ?PR?_DELAY1S?DELAY
            CODE    DD05H     0035H     UNIT         ?PR?GET_BALANCE_VALUE?ADC
            CODE    DD3AH     0034H     UNIT         ?PR?_XSETCH376CMD?MAIN
            CODE    DD6EH     0033H     UNIT         ?PR?ONLINE_DOINIT?MAIN
            CODE    DDA1H     0032H     UNIT         ?PR?_UART1_PRINTARRAYBYTES?MAIN
            CODE    DDD3H     002EH     UNIT         ?PR?_DUOJI?TUXINGHUA
BL51 BANKED LINKER/LOCATER V6.22                                                      06/24/2016  11:44:38  PAGE 6


            CODE    DE01H     002DH     UNIT         ?PR?UART1SEND_INITPOSITON?MAIN
            CODE    DE2EH     002CH     UNIT         ?PR?MINITCH376HOST?MAIN
            CODE    DE5AH     002AH     UNIT         ?PR?_XWRITECH376CMD?MAIN
            CODE    DE84H     002AH     UNIT         ?PR?_FM300MS?BUZZ
            CODE    DEAEH     002AH     UNIT         ?PR?_FM200MS?BUZZ
            CODE    DED8H     002AH     UNIT         ?PR?_FM100MS?BUZZ
            CODE    DF02H     002AH     UNIT         ?PR?_FM50MS?BUZZ
            CODE    DF2CH     002AH     UNIT         ?PR?_FM1MS?BUZZ
            CODE    DF56H     0028H     UNIT         ?PR?_MP3_SETVOLUME?MAIN
            CODE    DF7EH     0028H     UNIT         ?PR?_DELAY10MS?DELAY
            CODE    DFA6H     0028H     UNIT         ?PR?_DELAY500MS?DELAY
            CODE    DFCEH     0027H     UNIT         ?PR?PUTCHAR?PUTCHAR
            CODE    DFF5H     0025H     UNIT         ?PR?_XWRITECH376DATA?MAIN
            CODE    E01AH     0022H     UNIT         ?PR?UART4_INTERRUPT?MAIN
            CODE    E03CH     0022H     UNIT         ?CO?MAIN
            CODE    E05EH     0022H     UNIT         ?CO?TUXINGHUA
            CODE    E080H     0021H     UNIT         ?PR?QIAOXIYANG?QIAOXIYANG
            CODE    E0A1H     0020H     UNIT         ?PR?UART3_INTERRUPT?MAIN
            CODE    E0C1H     001FH     UNIT         ?PR?GET_PRESENT_VALUE?ADC
            CODE    E0E0H     001EH     UNIT         ?PR?INT0_INTERRUPT?HT1621
            CODE    E0FEH     0019H     UNIT         ?PR?_DELAY100US?DELAY
            CODE    E117H     0019H     UNIT         ?PR?_DELAY1MS?DELAY
            CODE    E130H     0019H     UNIT         ?PR?T0_INTERRUPT?BASAL
            CODE    E149H     0018H     UNIT         ?PR?_UART1_PRINTSTRING?MAIN
            CODE    E161H     0018H     UNIT         ?PR?T0_INIT?BASAL
            CODE    E179H     0017H     UNIT         ?PR?_UART3_PRINTBYTE?MAIN
            CODE    E190H     0016H     UNIT         ?PR?ACCEL_INIT?MAIN
            CODE    E1A6H     0016H     UNIT         ?PR?INF_INIT?HT1621
            CODE    E1BCH     0013H     UNIT         ?PR?_LOW_LEVEL_T0?BASAL
            CODE    E1CFH     0012H     UNIT         ?PR?INIT_SPI?MAIN
            CODE    E1E1H     0012H     UNIT         ?PR?_DELAY8US?DELAY
            CODE    E1F3H     0012H     UNIT         ?PR?_DELAY10US?DELAY
            CODE    E205H     0011H     UNIT         ?PR?_CH376WRITEVAR8?MAIN
            CODE    E216H     0011H     UNIT         ?PR?INITIAL_ADC?ADC
            CODE    E227H     0010H     UNIT         ?PR?_CH376READVAR8?MAIN
            CODE    E237H     0010H     UNIT         ?PR?_CH376READVAR32?MAIN
            CODE    E247H     0010H     UNIT         ?PR?_CH376SENDCMDDATWAITINT?MAIN
            CODE    E257H     000EH     UNIT         ?PR?_CH376FILECREATE?MAIN
            CODE    E265H     000CH     UNIT         ?PR?START_ADC?ADC
            CODE    E271H     000CH     UNIT         ?PR?_ABS?ABS
            CODE    E27DH     000BH     UNIT         ?PR?QUERY376INTERRUPT?MAIN
            CODE    E288H     000AH     UNIT         ?PR?_UART1_PRINTBYTE?MAIN
            CODE    E292H     0009H     UNIT         ?PR?CH376GETINTSTATUS?MAIN
            CODE    E29BH     0008H     UNIT         ?PR?DELAY3US_PSX?MAIN
            CODE    E2A3H     0008H     UNIT         ?CO?BASAL
            CODE    E2ABH     0007H     UNIT         ?PR?CH376ENDDIRINFO?MAIN
            CODE    E2B2H     0007H     UNIT         ?PR?_CH376SENDCMDWAITINT?MAIN
            CODE    E2B9H     0006H     UNIT         ?PR?CH376GETFILESIZE?MAIN
            CODE    E2BFH     0006H     UNIT         ?PR?CH376GETDISKSTATUS?MAIN
            CODE    E2C5H     0006H     UNIT         ?PR?_RIGHT_UP_1?WALKING
            CODE    E2CBH     0006H     UNIT         ?PR?_WALK1?WALKING



OVERLAY MAP OF MODULE:   ProjectTarget (MAIN)


BL51 BANKED LINKER/LOCATER V6.22                                                      06/24/2016  11:44:38  PAGE 7


SEGMENT                                        BIT_GROUP          DATA_GROUP          XDATA_GROUP
  +--> CALLED SEGMENT                       START    LENGTH     START    LENGTH     START    LENGTH
---------------------------------------------------------------------------------------------------
?PR?ADC_INT?ADC                             -----    -----      -----    -----      01D9H    0003H

*** NEW ROOT ***************************************************

?C_C51STARTUP                               -----    -----      -----    -----      -----    -----
  +--> ?PR?MAIN?MAIN
  +--> ?C_INITSEG

?PR?MAIN?MAIN                               -----    -----      -----    -----      01DCH    0007H
  +--> ?PR?CPU_INIT?MAIN
  +--> ?PR?_FM100MS?BUZZ
  +--> ?PR?QIANSHOU_DOINIT?MAIN
  +--> ?PR?INITIAL_POSITION?BASAL
  +--> ?PR?ACCEL_INIT?MAIN
  +--> ?PR?_MP3_SETVOLUME?MAIN
  +--> ?PR?_FM200MS?BUZZ
  +--> ?PR?_MP3_SETPLAY?MAIN
  +--> ?PR?SETJMP?SETJMP
  +--> ?PR?DOCHECKOUT_ONLINE?MAIN
  +--> ?PR?ONLINE_DOINIT?MAIN
  +--> ?PR?_DELAY1S?DELAY
  +--> ?PR?MAIN1?TUXINGHUA
  +--> ?PR?_START_STATUS?WALKING
  +--> ?PR?KUAIZOU2?WALKING
  +--> ?PR?KUAIZOU1?WALKING
  +--> ?PR?HOUTUI2?WALKING
  +--> ?PR?HOUTUI1?WALKING
  +--> ?PR?_TURN_LEFT?BASAL
  +--> ?PR?_TURN_RIGHT?BASAL
  +--> ?PR?QGF?BASAL
  +--> ?PR?HGF?BASAL
  +--> ?PR?_L_PYI?BASAL
  +--> ?PR?_R_PYI?BASAL
  +--> ?PR?_INITIAL_POSITION_SLOWONE?BASAL
  +--> ?PR?_LOCATION?TUXINGHUA
  +--> ?PR?ADC_ADJUST?ADC
  +--> ?PR?_DELAY100US?DELAY
  +--> ?PR?OBTAIN_PSXCODE?MAIN
  +--> ?PR?PSXKEY_FILTER?MAIN
  +--> ?PR?_FWC?BASAL
  +--> ?PR?YOUGOUQIU?BASAL
  +--> ?PR?ZUOGOUQIU?BASAL
  +--> ?PR?_YANGWOQIZUO?BASAL
  +--> ?PR?_GOAL_R?BASAL
  +--> ?PR?_GOAL_L?BASAL
  +--> ?PR?CLEAR_PSXBUFF?MAIN
  +--> ?PR?JIEWU?JIEWU
  +--> ?PR?TICAO?TICAO
  +--> ?PR?QIANSHOU?QIANSHOU
  +--> ?PR?QIAOXIYANG?QIAOXIYANG
  +--> ?PR?DT_L?BASAL
  +--> ?PR?DT_R?BASAL
  +--> ?PR?WUDAO?BASAL
  +--> ?PR?QIANPAXIA?BASAL
BL51 BANKED LINKER/LOCATER V6.22                                                      06/24/2016  11:44:38  PAGE 8


  +--> ?PR?QIANPQ?BASAL
  +--> ?PR?DAOLI?BASAL
  +--> ?PR?HP?BASAL
  +--> ?PR?HPQ?BASAL
  +--> ?PR?PCH?BASAL
  +--> ?PR?SETVALUEPARAS?MAIN
  +--> ?PR?_WALK?WALKING
  +--> ?PR?_RELATIVE?BASAL
  +--> ?PR?_HOUTUI?WALKING
  +--> ?PR?_P_TO_P?BASAL
  +--> ?PR?_DELAY10MS?DELAY

?PR?CPU_INIT?MAIN                           -----    -----      -----    -----      -----    -----
  +--> ?PR?UART_INIT?MAIN
  +--> ?PR?INF_INIT?HT1621
  +--> ?PR?T0_INIT?BASAL
  +--> ?PR?INIT_SPI?MAIN
  +--> ?PR?MINITCH376HOST?MAIN

?PR?MINITCH376HOST?MAIN                     -----    -----      -----    -----      -----    -----
  +--> ?PR?_XSETCH376CMDDATA?MAIN
  +--> ?PR?_XSETCH376CMD?MAIN
  +--> ?PR?_XWRITECH376CMD?MAIN
  +--> ?PR?_XWRITECH376DATA?MAIN
  +--> ?PR?UART4_RESETBAUTERATE?MAIN
  +--> ?PR?XREADCH376DATA?MAIN

?PR?XREADCH376DATA?MAIN                     -----    -----      -----    -----      0238H    0004H
  +--> ?PR?_XWRITECH376CMD?MAIN

?PR?_FM100MS?BUZZ                           -----    -----      -----    -----      01F6H    0002H
  +--> ?PR?_DELAY10MS?DELAY

?PR?_DELAY10MS?DELAY                        -----    -----      -----    -----      0249H    0002H
  +--> ?PR?_DELAY1MS?DELAY

?PR?_DELAY1MS?DELAY                         -----    -----      -----    -----      -----    -----
  +--> ?PR?_DELAY10US?DELAY

?PR?QIANSHOU_DOINIT?MAIN                    -----    -----      -----    -----      01E3H    000AH
  +--> ?CO?MAIN
  +--> ?PR?_READSDCARDFILE32BYTES?MAIN

?PR?_READSDCARDFILE32BYTES?MAIN             -----    -----      -----    -----      0226H    0002H
  +--> ?PR?_CH376FILEOPENDIR?MAIN
  +--> ?PR?_CH376BYTELOCATE?MAIN
  +--> ?PR?_CH376BYTEREAD?MAIN
  +--> ?PR?_CH376SENDCMDDATWAITINT?MAIN

?PR?_CH376FILEOPENDIR?MAIN                  -----    -----      -----    -----      0228H    0005H
  +--> ?PR?_CH376FILEOPEN?MAIN

?PR?_CH376FILEOPEN?MAIN                     -----    -----      -----    -----      022DH    0003H
  +--> ?PR?_CH376SETFILENAME?MAIN
  +--> ?PR?_CH376WRITEVAR32?MAIN
  +--> ?PR?_CH376SENDCMDWAITINT?MAIN

BL51 BANKED LINKER/LOCATER V6.22                                                      06/24/2016  11:44:38  PAGE 9


?PR?_CH376SETFILENAME?MAIN                  -----    -----      -----    -----      0230H    0004H
  +--> ?PR?_XWRITECH376CMD?MAIN
  +--> ?PR?XREADCH376DATA?MAIN
  +--> ?PR?_CH376READVAR8?MAIN
  +--> ?PR?_XWRITECH376DATA?MAIN
  +--> ?PR?_CH376SENDCMDWAITINT?MAIN
  +--> ?PR?_CH376READVAR32?MAIN
  +--> ?PR?_CH376WRITEVAR32?MAIN

?PR?_CH376READVAR8?MAIN                     -----    -----      -----    -----      -----    -----
  +--> ?PR?_XWRITECH376CMD?MAIN
  +--> ?PR?_XWRITECH376DATA?MAIN
  +--> ?PR?XREADCH376DATA?MAIN

?PR?_CH376SENDCMDWAITINT?MAIN               -----    -----      -----    -----      -----    -----
  +--> ?PR?_XWRITECH376CMD?MAIN
  +--> ?PR?WAIT376INTERRUPT?MAIN

?PR?WAIT376INTERRUPT?MAIN                   -----    -----      -----    -----      0234H    0004H
  +--> ?PR?QUERY376INTERRUPT?MAIN
  +--> ?PR?CH376GETINTSTATUS?MAIN

?PR?CH376GETINTSTATUS?MAIN                  -----    -----      -----    -----      -----    -----
  +--> ?PR?_XWRITECH376CMD?MAIN
  +--> ?PR?XREADCH376DATA?MAIN

?PR?_CH376READVAR32?MAIN                    -----    -----      -----    -----      -----    -----
  +--> ?PR?_XWRITECH376CMD?MAIN
  +--> ?PR?_XWRITECH376DATA?MAIN
  +--> ?PR?CH376READ32BITDAT?MAIN

?PR?CH376READ32BITDAT?MAIN                  -----    -----      -----    -----      0234H    0004H
  +--> ?PR?XREADCH376DATA?MAIN

?PR?_CH376WRITEVAR32?MAIN                   -----    -----      -----    -----      0234H    0005H
  +--> ?PR?_XWRITECH376CMD?MAIN
  +--> ?PR?_XWRITECH376DATA?MAIN

?PR?_CH376BYTELOCATE?MAIN                   -----    -----      -----    -----      0228H    0004H
  +--> ?PR?_XWRITECH376CMD?MAIN
  +--> ?PR?_XWRITECH376DATA?MAIN
  +--> ?PR?WAIT376INTERRUPT?MAIN

?PR?_CH376BYTEREAD?MAIN                     -----    -----      -----    -----      0228H    0008H
  +--> ?PR?_XWRITECH376CMD?MAIN
  +--> ?PR?_XWRITECH376DATA?MAIN
  +--> ?PR?WAIT376INTERRUPT?MAIN
  +--> ?PR?_CH376READBLOCK?MAIN

?PR?_CH376READBLOCK?MAIN                    -----    -----      -----    -----      0230H    0005H
  +--> ?PR?XREADCH376DATA?MAIN

?PR?_CH376SENDCMDDATWAITINT?MAIN            -----    -----      -----    -----      -----    -----
  +--> ?PR?_XWRITECH376CMD?MAIN
  +--> ?PR?_XWRITECH376DATA?MAIN
  +--> ?PR?WAIT376INTERRUPT?MAIN

BL51 BANKED LINKER/LOCATER V6.22                                                      06/24/2016  11:44:38  PAGE 10


?PR?INITIAL_POSITION?BASAL                  -----    -----      -----    -----      021BH    000BH
  +--> ?CO?BASAL
  +--> ?PR?_READSDCARDFILE32BYTES?MAIN
  +--> ?PR?PWM_24?MAIN
  +--> ?PR?_LOW_LEVEL_500U?BASAL

?PR?PWM_24?MAIN                             -----    -----      -----    -----      0246H    0002H
  +--> ?PR?ARRAY?BASAL
  +--> ?PR?_LOW_LEVEL_T0?BASAL
  +--> ?PR?_DELAY500US?DELAY
  +--> ?PR?_DELAY8US?DELAY
  +--> ?PR?ADC_ADJUST?ADC
  +--> ?PR?SETJMP?SETJMP

?PR?ADC_ADJUST?ADC                          -----    -----      -----    -----      0248H    0001H
  +--> ?PR?GET_PRESENT_VALUE?ADC
  +--> ?PR?_DELAY500US?DELAY
  +--> ?PR?_DELAY500MS?DELAY
  +--> ?PR?HPQ?BASAL
  +--> ?PR?QIANPQ?BASAL

?PR?GET_PRESENT_VALUE?ADC                   -----    -----      -----    -----      -----    -----
  +--> ?PR?START_ADC?ADC

?PR?_DELAY500MS?DELAY                       -----    -----      -----    -----      0249H    0002H
  +--> ?PR?_DELAY1MS?DELAY

?PR?HPQ?BASAL                               -----    -----      -----    -----      -----    -----
  +--> ?PR?_RELATIVE?BASAL
  +--> ?PR?_DELAY10MS?DELAY

?PR?_RELATIVE?BASAL                         -----    -----      -----    -----      0249H    002DH

?PR?QIANPQ?BASAL                            -----    -----      -----    -----      -----    -----
  +--> ?PR?_RELATIVE?BASAL
  +--> ?PR?_DELAY10MS?DELAY

?PR?_LOW_LEVEL_500U?BASAL                   -----    -----      -----    -----      0246H    0004H
  +--> ?PR?_DELAY500US?DELAY

?PR?ACCEL_INIT?MAIN                         -----    -----      -----    -----      -----    -----
  +--> ?PR?_DELAY500US?DELAY
  +--> ?PR?INITIAL_ADC?ADC
  +--> ?PR?GET_BALANCE_VALUE?ADC

?PR?GET_BALANCE_VALUE?ADC                   -----    -----      -----    -----      -----    -----
  +--> ?PR?START_ADC?ADC

?PR?_MP3_SETVOLUME?MAIN                     -----    -----      -----    -----      -----    -----
  +--> ?PR?_UART3_PRINTBYTE?MAIN

?PR?_FM200MS?BUZZ                           -----    -----      -----    -----      01F6H    0002H
  +--> ?PR?_DELAY10MS?DELAY

?PR?_MP3_SETPLAY?MAIN                       -----    -----      -----    -----      -----    -----
  +--> ?PR?_UART3_PRINTBYTE?MAIN

BL51 BANKED LINKER/LOCATER V6.22                                                      06/24/2016  11:44:38  PAGE 11


?PR?DOCHECKOUT_ONLINE?MAIN                  -----    -----      -----    -----      01E3H    0002H
  +--> ?PR?READRAM?TUXINGHUA
  +--> ?PR?_DELAY10MS?DELAY

?PR?ONLINE_DOINIT?MAIN                      -----    -----      -----    -----      01E3H    000AH
  +--> ?PR?_UART1_PRINTBYTE?MAIN
  +--> ?PR?_DELAY1S?DELAY
  +--> ?CO?MAIN
  +--> ?PR?_READSDCARDFILE32BYTES?MAIN
  +--> ?PR?UART1SEND_INITPOSITON?MAIN

?PR?_DELAY1S?DELAY                          -----    -----      -----    -----      021EH    0003H
  +--> ?PR?_DELAY10MS?DELAY

?PR?UART1SEND_INITPOSITON?MAIN              -----    -----      -----    -----      01EDH    0001H
  +--> ?PR?_UART1_PRINTBYTE?MAIN
  +--> ?PR?_DELAY10MS?DELAY

?PR?MAIN1?TUXINGHUA                         0020H.0  0000H.1    -----    -----      01E3H    0013H
  +--> ?PR?READRAM?TUXINGHUA
  +--> ?CO?TUXINGHUA
  +--> ?PR?PRINTF?PRINTF
  +--> ?PR?_CH376FILEOPENDIR?MAIN
  +--> ?PR?_CH376READVAR32?MAIN
  +--> ?PR?_WRITESDCARDFILEBUFFBYTES?MAIN
  +--> ?PR?_DUOJI?TUXINGHUA
  +--> ?PR?_FM200MS?BUZZ
  +--> ?PR?_UART1_PRINTBYTE?MAIN
  +--> ?PR?_READSDCARDFILEALLBYTES?MAIN
  +--> ?PR?_DELAY10MS?DELAY
  +--> ?PR?_FM100MS?BUZZ
  +--> ?PR?_DELAY500MS?DELAY
  +--> ?PR?_CREATESDCARDFILE?MAIN
  +--> ?PR?_P_TO_P?BASAL

?PR?PRINTF?PRINTF                           0020H.1  0001H.1    0008H    0005H      0204H    0030H
  +--> ?PR?PUTCHAR?PUTCHAR

?PR?_WRITESDCARDFILEBUFFBYTES?MAIN          -----    -----      -----    -----      01F6H    0004H
  +--> ?PR?_CH376FILEOPENDIR?MAIN
  +--> ?PR?_CH376BYTELOCATE?MAIN
  +--> ?PR?_CH376BYTEWRITE?MAIN
  +--> ?PR?_CH376SENDCMDDATWAITINT?MAIN

?PR?_CH376BYTEWRITE?MAIN                    -----    -----      -----    -----      01FAH    0008H
  +--> ?PR?_XWRITECH376CMD?MAIN
  +--> ?PR?_XWRITECH376DATA?MAIN
  +--> ?PR?WAIT376INTERRUPT?MAIN
  +--> ?PR?_CH376WRITEREQBLOCK?MAIN

?PR?_CH376WRITEREQBLOCK?MAIN                -----    -----      -----    -----      0202H    0003H
  +--> ?PR?XREADCH376DATA?MAIN
  +--> ?PR?_XWRITECH376DATA?MAIN

?PR?_DUOJI?TUXINGHUA                        -----    -----      -----    -----      -----    -----
  +--> ?PR?_P_TO_P?BASAL

BL51 BANKED LINKER/LOCATER V6.22                                                      06/24/2016  11:44:38  PAGE 12


?PR?_P_TO_P?BASAL                           -----    -----      -----    -----      021EH    0028H
  +--> ?PR?_MAX?BASAL
  +--> ?PR?PWM_24?MAIN
  +--> ?PR?_LOW_LEVEL_500U?BASAL

?PR?_MAX?BASAL                              -----    -----      -----    -----      0246H    0004H
  +--> ?PR?_ABS?ABS

?PR?_READSDCARDFILEALLBYTES?MAIN            -----    -----      -----    -----      01F6H    000EH
  +--> ?PR?_CH376FILEOPENDIR?MAIN
  +--> ?PR?CH376GETFILESIZE?MAIN
  +--> ?PR?_CH376BYTELOCATE?MAIN
  +--> ?PR?_CH376BYTEREAD?MAIN
  +--> ?PR?_UART1_PRINTARRAYBYTES?MAIN
  +--> ?PR?_CH376SENDCMDDATWAITINT?MAIN

?PR?CH376GETFILESIZE?MAIN                   -----    -----      -----    -----      -----    -----
  +--> ?PR?_CH376READVAR32?MAIN

?PR?_UART1_PRINTARRAYBYTES?MAIN             -----    -----      -----    -----      0204H    0002H

?PR?_CREATESDCARDFILE?MAIN                  -----    -----      -----    -----      01F6H    0009H
  +--> ?PR?_CH376SEPARATEPATH?MAIN
  +--> ?PR?_CH376FILEOPENDIR?MAIN
  +--> ?PR?_CH376READVAR32?MAIN
  +--> ?PR?_CH376FILECREATE?MAIN
  +--> ?PR?_CH376SENDCMDDATWAITINT?MAIN

?PR?_CH376SEPARATEPATH?MAIN                 -----    -----      -----    -----      01FFH    0006H

?PR?_CH376FILECREATE?MAIN                   -----    -----      -----    -----      -----    -----
  +--> ?PR?_CH376SETFILENAME?MAIN
  +--> ?PR?_CH376SENDCMDWAITINT?MAIN

?PR?_START_STATUS?WALKING                   -----    -----      -----    -----      01E3H    0001H
  +--> ?PR?_RELATIVE?BASAL
  +--> ?PR?_P_TO_P?BASAL

?PR?KUAIZOU2?WALKING                        -----    -----      -----    -----      01E3H    0001H
  +--> ?PR?_RELATIVE?BASAL
  +--> ?PR?_P_TO_P?BASAL

?PR?KUAIZOU1?WALKING                        -----    -----      -----    -----      01E3H    0001H
  +--> ?PR?_RELATIVE?BASAL
  +--> ?PR?_P_TO_P?BASAL

?PR?HOUTUI2?WALKING                         -----    -----      -----    -----      01E3H    0001H
  +--> ?PR?_RELATIVE?BASAL
  +--> ?PR?_P_TO_P?BASAL

?PR?HOUTUI1?WALKING                         -----    -----      -----    -----      01E3H    0001H
  +--> ?PR?_RELATIVE?BASAL
  +--> ?PR?_P_TO_P?BASAL

?PR?_TURN_LEFT?BASAL                        -----    -----      -----    -----      0217H    0002H
  +--> ?PR?_RELATIVE?BASAL
  +--> ?PR?_P_TO_P?BASAL
BL51 BANKED LINKER/LOCATER V6.22                                                      06/24/2016  11:44:38  PAGE 13



?PR?_TURN_RIGHT?BASAL                       -----    -----      -----    -----      0217H    0002H
  +--> ?PR?_RELATIVE?BASAL
  +--> ?PR?_P_TO_P?BASAL

?PR?QGF?BASAL                               -----    -----      -----    -----      -----    -----
  +--> ?PR?_RELATIVE?BASAL
  +--> ?PR?_P_TO_P?BASAL

?PR?HGF?BASAL                               -----    -----      -----    -----      -----    -----
  +--> ?PR?_RELATIVE?BASAL
  +--> ?PR?_P_TO_P?BASAL
  +--> ?PR?_DELAY10MS?DELAY

?PR?_L_PYI?BASAL                            -----    -----      -----    -----      0217H    0002H
  +--> ?PR?_RELATIVE?BASAL
  +--> ?PR?_P_TO_P?BASAL

?PR?_R_PYI?BASAL                            -----    -----      -----    -----      0217H    0002H
  +--> ?PR?_RELATIVE?BASAL
  +--> ?PR?_P_TO_P?BASAL

?PR?_INITIAL_POSITION_SLOWONE?BASAL         -----    -----      -----    -----      01E3H    0001H
  +--> ?PR?_RELATIVE?BASAL
  +--> ?PR?_P_TO_P?BASAL

?PR?_LOCATION?TUXINGHUA                     -----    -----      -----    -----      01E3H    0021H
  +--> ?CO?TUXINGHUA
  +--> ?PR?PRINTF?PRINTF
  +--> ?PR?_CH376FILEOPENDIR?MAIN
  +--> ?PR?_CH376READVAR32?MAIN
  +--> ?PR?_CH376BYTELOCATE?MAIN
  +--> ?PR?_CH376BYTEREAD?MAIN
  +--> ?PR?_UART3_PRINTBYTE?MAIN
  +--> ?PR?DAOLI?BASAL
  +--> ?PR?PCH?BASAL
  +--> ?PR?_TURN_LEFT?BASAL
  +--> ?PR?_WALK?WALKING
  +--> ?PR?_TURN_RIGHT?BASAL
  +--> ?PR?_L_PYI?BASAL
  +--> ?PR?_FWC?BASAL
  +--> ?PR?_R_PYI?BASAL
  +--> ?PR?_GOAL_L?BASAL
  +--> ?PR?_YANGWOQIZUO?BASAL
  +--> ?PR?_GOAL_R?BASAL
  +--> ?PR?JINGLI_L?BASAL
  +--> ?PR?JINGLI_R?BASAL
  +--> ?PR?QIAOXIYANG?QIAOXIYANG
  +--> ?PR?JIEWU?JIEWU
  +--> ?PR?QIANSHOU?QIANSHOU
  +--> ?PR?TICAO?TICAO
  +--> ?PR?QGF?BASAL
  +--> ?PR?HGF?BASAL
  +--> ?PR?QIANPAXIA?BASAL
  +--> ?PR?QIANPQ?BASAL
  +--> ?PR?HP?BASAL
  +--> ?PR?HPQ?BASAL
BL51 BANKED LINKER/LOCATER V6.22                                                      06/24/2016  11:44:38  PAGE 14


  +--> ?PR?TAIJIAOZI?BASAL
  +--> ?PR?_P_TO_P?BASAL
  +--> ?PR?_DELAY10MS?DELAY
  +--> ?PR?_CYC?TUXINGHUA
  +--> ?PR?_CH376SENDCMDDATWAITINT?MAIN

?PR?DAOLI?BASAL                             -----    -----      -----    -----      0217H    0002H
  +--> ?PR?INITIAL_POSITION?BASAL
  +--> ?PR?_RELATIVE?BASAL
  +--> ?PR?_P_TO_P?BASAL
  +--> ?PR?_DELAY1S?DELAY

?PR?PCH?BASAL                               -----    -----      -----    -----      -----    -----
  +--> ?PR?_RELATIVE?BASAL
  +--> ?PR?_P_TO_P?BASAL
  +--> ?PR?_DELAY1S?DELAY

?PR?_WALK?WALKING                           -----    -----      -----    -----      0217H    0002H
  +--> ?PR?_SIT_DOWN?BASAL
  +--> ?PR?_DELAY500MS?DELAY
  +--> ?PR?_LEFT_CS?WALKING
  +--> ?PR?_RIGHT_UP?WALKING
  +--> ?PR?_RIGHT_FORWARD?WALKING
  +--> ?PR?_RIGHT_DOWN?WALKING
  +--> ?PR?_RIGHT_CS?WALKING
  +--> ?PR?_LEFT_UP?WALKING
  +--> ?PR?_LEFT_FORWARD?WALKING
  +--> ?PR?_LEFT_DOWN?WALKING
  +--> ?PR?_STAND_UP?BASAL

?PR?_SIT_DOWN?BASAL                         -----    -----      -----    -----      021AH    0002H
  +--> ?PR?PWM_24?MAIN
  +--> ?PR?_LOW_LEVEL_500U?BASAL

?PR?_LEFT_CS?WALKING                        -----    -----      -----    -----      0219H    0002H
  +--> ?PR?PWM_24?MAIN
  +--> ?PR?_LOW_LEVEL_500U?BASAL

?PR?_RIGHT_UP?WALKING                       -----    -----      -----    -----      0219H    0002H
  +--> ?PR?PWM_24?MAIN
  +--> ?PR?_LOW_LEVEL_500U?BASAL

?PR?_RIGHT_FORWARD?WALKING                  -----    -----      -----    -----      0219H    0002H
  +--> ?PR?PWM_24?MAIN
  +--> ?PR?_LOW_LEVEL_500U?BASAL

?PR?_RIGHT_DOWN?WALKING                     -----    -----      -----    -----      0219H    0002H
  +--> ?PR?PWM_24?MAIN
  +--> ?PR?_LOW_LEVEL_500U?BASAL

?PR?_RIGHT_CS?WALKING                       -----    -----      -----    -----      0219H    0002H
  +--> ?PR?PWM_24?MAIN
  +--> ?PR?_LOW_LEVEL_500U?BASAL

?PR?_LEFT_UP?WALKING                        -----    -----      -----    -----      0219H    0002H
  +--> ?PR?PWM_24?MAIN
  +--> ?PR?_LOW_LEVEL_500U?BASAL
BL51 BANKED LINKER/LOCATER V6.22                                                      06/24/2016  11:44:38  PAGE 15



?PR?_LEFT_FORWARD?WALKING                   -----    -----      -----    -----      0219H    0002H
  +--> ?PR?PWM_24?MAIN
  +--> ?PR?_LOW_LEVEL_500U?BASAL

?PR?_LEFT_DOWN?WALKING                      -----    -----      -----    -----      0219H    0002H
  +--> ?PR?PWM_24?MAIN
  +--> ?PR?_LOW_LEVEL_500U?BASAL

?PR?_STAND_UP?BASAL                         -----    -----      -----    -----      021AH    0002H
  +--> ?PR?PWM_24?MAIN
  +--> ?PR?_LOW_LEVEL_500U?BASAL

?PR?_FWC?BASAL                              -----    -----      -----    -----      0217H    0003H
  +--> ?PR?INITIAL_POSITION?BASAL
  +--> ?PR?_RELATIVE?BASAL
  +--> ?PR?_P_TO_P?BASAL
  +--> ?PR?PWM_24?MAIN
  +--> ?PR?_LOW_LEVEL_500U?BASAL
  +--> ?PR?_DELAY10MS?DELAY

?PR?_GOAL_L?BASAL                           -----    -----      -----    -----      0217H    0002H
  +--> ?PR?_RELATIVE?BASAL
  +--> ?PR?_P_TO_P?BASAL
  +--> ?PR?_DELAY500MS?DELAY

?PR?_YANGWOQIZUO?BASAL                      -----    -----      -----    -----      0217H    0003H
  +--> ?PR?HP?BASAL
  +--> ?PR?_DELAY10MS?DELAY
  +--> ?PR?PWM_24?MAIN
  +--> ?PR?_LOW_LEVEL_500U?BASAL
  +--> ?PR?_DELAY1MS?DELAY
  +--> ?PR?_RELATIVE?BASAL
  +--> ?PR?_P_TO_P?BASAL
  +--> ?PR?HPQ?BASAL

?PR?HP?BASAL                                -----    -----      -----    -----      -----    -----
  +--> ?PR?_RELATIVE?BASAL
  +--> ?PR?_P_TO_P?BASAL
  +--> ?PR?_DELAY10MS?DELAY
  +--> ?PR?INITIAL_POSITION?BASAL

?PR?_GOAL_R?BASAL                           -----    -----      -----    -----      0217H    0002H
  +--> ?PR?_RELATIVE?BASAL
  +--> ?PR?_P_TO_P?BASAL
  +--> ?PR?_DELAY500MS?DELAY

?PR?JINGLI_L?BASAL                          -----    -----      -----    -----      0219H    0001H
  +--> ?PR?_STAND_UP?BASAL
  +--> ?PR?PWM_24?MAIN
  +--> ?PR?_LOW_LEVEL_500U?BASAL
  +--> ?PR?_DELAY500MS?DELAY
  +--> ?PR?_SIT_DOWN?BASAL

?PR?JINGLI_R?BASAL                          -----    -----      -----    -----      0217H    0001H
  +--> ?PR?_STAND_UP?BASAL
  +--> ?PR?PWM_24?MAIN
BL51 BANKED LINKER/LOCATER V6.22                                                      06/24/2016  11:44:38  PAGE 16


  +--> ?PR?_LOW_LEVEL_500U?BASAL
  +--> ?PR?_DELAY1S?DELAY
  +--> ?PR?_SIT_DOWN?BASAL

?PR?QIAOXIYANG?QIAOXIYANG                   -----    -----      -----    -----      -----    -----
  +--> ?PR?XIYANG_6?QIAOXIYANG
  +--> ?PR?XIYANG_4?QIAOXIYANG
  +--> ?PR?XIYANG_3?QIAOXIYANG
  +--> ?PR?XIYANG_5?QIAOXIYANG
  +--> ?PR?XIYANG_2?QIAOXIYANG
  +--> ?PR?XIYANG_9?QIAOXIYANG
  +--> ?PR?XIYANG_1?QIAOXIYANG
  +--> ?PR?XIYANG_7?QIAOXIYANG
  +--> ?PR?XIYANG_10?QIAOXIYANG
  +--> ?PR?XIYANG_8?QIAOXIYANG

?PR?XIYANG_6?QIAOXIYANG                     -----    -----      -----    -----      0217H    0004H
  +--> ?PR?PWM_24?MAIN
  +--> ?PR?_LOW_LEVEL_500U?BASAL
  +--> ?PR?_DELAY10MS?DELAY
  +--> ?PR?_DELAY500MS?DELAY
  +--> ?PR?INITIAL_POSITION?BASAL

?PR?XIYANG_5?QIAOXIYANG                     -----    -----      -----    -----      0217H    0002H
  +--> ?PR?PWM_24?MAIN
  +--> ?PR?_LOW_LEVEL_500U?BASAL
  +--> ?PR?_DELAY10MS?DELAY
  +--> ?PR?FORWARDDELAY?BASAL
  +--> ?PR?_DELAY500MS?DELAY
  +--> ?PR?BACKDELAY?BASAL
  +--> ?PR?INITIAL_POSITION?BASAL

?PR?FORWARDDELAY?BASAL                      -----    -----      -----    -----      021EH    0001H
  +--> ?PR?_DELAY10MS?DELAY

?PR?BACKDELAY?BASAL                         -----    -----      -----    -----      021EH    0001H
  +--> ?PR?_DELAY10MS?DELAY

?PR?XIYANG_9?QIAOXIYANG                     -----    -----      -----    -----      0217H    0002H
  +--> ?PR?PWM_24?MAIN
  +--> ?PR?_LOW_LEVEL_500U?BASAL
  +--> ?PR?_DELAY10MS?DELAY
  +--> ?PR?INITIAL_POSITION?BASAL

?PR?XIYANG_7?QIAOXIYANG                     -----    -----      -----    -----      0217H    0003H
  +--> ?PR?PWM_24?MAIN
  +--> ?PR?_LOW_LEVEL_500U?BASAL
  +--> ?PR?_XIYANG_XIAO7?QIAOXIYANG
  +--> ?PR?_DELAY10MS?DELAY
  +--> ?PR?_DELAY500MS?DELAY
  +--> ?PR?INITIAL_POSITION?BASAL

?PR?_XIYANG_XIAO7?QIAOXIYANG                -----    -----      -----    -----      021AH    0002H
  +--> ?PR?PWM_24?MAIN
  +--> ?PR?_LOW_LEVEL_500U?BASAL

?PR?XIYANG_10?QIAOXIYANG                    -----    -----      -----    -----      0217H    0002H
BL51 BANKED LINKER/LOCATER V6.22                                                      06/24/2016  11:44:38  PAGE 17


  +--> ?PR?PWM_24?MAIN
  +--> ?PR?_LOW_LEVEL_500U?BASAL
  +--> ?PR?_DELAY10MS?DELAY
  +--> ?PR?INITIAL_POSITION?BASAL

?PR?XIYANG_8?QIAOXIYANG                     -----    -----      -----    -----      0217H    0001H
  +--> ?PR?PWM_24?MAIN
  +--> ?PR?_LOW_LEVEL_500U?BASAL
  +--> ?PR?_DELAY1S?DELAY
  +--> ?PR?INITIAL_POSITION?BASAL

?PR?JIEWU?JIEWU                             -----    -----      -----    -----      -----    -----
  +--> ?PR?INITIAL_POSITION?BASAL
  +--> ?PR?_DELAY500MS?DELAY
  +--> ?PR?YAOBIBAITOU?JIEWU
  +--> ?PR?DPZHCH?JIEWU
  +--> ?PR?_SHOU_DD?JIEWU
  +--> ?PR?QHZY_NIU?JIEWU
  +--> ?PR?_WDL_PYI?JIEWU
  +--> ?PR?_FWC?BASAL
  +--> ?PR?HFH_R?JIEWU
  +--> ?PR?_WDR_PYI?JIEWU
  +--> ?PR?HFH_L?JIEWU
  +--> ?PR?JINGLI_R?BASAL
  +--> ?PR?JINGLI_L?BASAL

?PR?YAOBIBAITOU?JIEWU                       -----    -----      -----    -----      0217H    0003H
  +--> ?PR?PWM_24?MAIN
  +--> ?PR?_LOW_LEVEL_500U?BASAL
  +--> ?PR?_DELAY10MS?DELAY

?PR?DPZHCH?JIEWU                            -----    -----      -----    -----      0217H    0003H
  +--> ?PR?_SIT_DOWN?BASAL
  +--> ?PR?PWM_24?MAIN
  +--> ?PR?_LOW_LEVEL_500U?BASAL
  +--> ?PR?_DPZC_1?JIEWU
  +--> ?PR?_STAND_UP?BASAL

?PR?_DPZC_1?JIEWU                           -----    -----      -----    -----      021AH    0002H
  +--> ?PR?PWM_24?MAIN
  +--> ?PR?_LOW_LEVEL_500U?BASAL

?PR?_SHOU_DD?JIEWU                          -----    -----      -----    -----      0217H    0004H
  +--> ?PR?PWM_24?MAIN
  +--> ?PR?_LOW_LEVEL_500U?BASAL

?PR?QHZY_NIU?JIEWU                          -----    -----      -----    -----      0217H    0002H
  +--> ?PR?_SIT_DOWN?BASAL
  +--> ?PR?PWM_24?MAIN
  +--> ?PR?_LOW_LEVEL_500U?BASAL
  +--> ?PR?_DELAY1S?DELAY
  +--> ?PR?_DELAY500MS?DELAY
  +--> ?PR?_QHZY_NIU_2?JIEWU
  +--> ?PR?_STAND_UP?BASAL

?PR?_QHZY_NIU_2?JIEWU                       -----    -----      -----    -----      0219H    0003H
  +--> ?PR?PWM_24?MAIN
BL51 BANKED LINKER/LOCATER V6.22                                                      06/24/2016  11:44:38  PAGE 18


  +--> ?PR?_LOW_LEVEL_500U?BASAL

?PR?_WDL_PYI?JIEWU                          -----    -----      -----    -----      0217H    0003H
  +--> ?PR?_SIT_DOWN?BASAL
  +--> ?PR?PWM_24?MAIN
  +--> ?PR?_LOW_LEVEL_500U?BASAL
  +--> ?PR?_DELAY500MS?DELAY
  +--> ?PR?_STAND_UP?BASAL

?PR?HFH_R?JIEWU                             -----    -----      -----    -----      0217H    0002H
  +--> ?PR?PWM_24?MAIN
  +--> ?PR?_LOW_LEVEL_500U?BASAL
  +--> ?PR?_SIT_DOWN?BASAL
  +--> ?PR?_DELAY10MS?DELAY
  +--> ?PR?_STAND_UP?BASAL
  +--> ?PR?INITIAL_POSITION?BASAL

?PR?_WDR_PYI?JIEWU                          -----    -----      -----    -----      0217H    0003H
  +--> ?PR?_SIT_DOWN?BASAL
  +--> ?PR?PWM_24?MAIN
  +--> ?PR?_LOW_LEVEL_500U?BASAL
  +--> ?PR?_DELAY500MS?DELAY
  +--> ?PR?_STAND_UP?BASAL

?PR?HFH_L?JIEWU                             -----    -----      -----    -----      0217H    0002H
  +--> ?PR?PWM_24?MAIN
  +--> ?PR?_LOW_LEVEL_500U?BASAL
  +--> ?PR?_SIT_DOWN?BASAL
  +--> ?PR?_DELAY10MS?DELAY
  +--> ?PR?_STAND_UP?BASAL
  +--> ?PR?INITIAL_POSITION?BASAL

?PR?QIANSHOU?QIANSHOU                       -----    -----      -----    -----      0217H    0001H
  +--> ?PR?PWM_24?MAIN
  +--> ?PR?_LOW_LEVEL_500U?BASAL
  +--> ?PR?_DELAY1S?DELAY
  +--> ?PR?QIANSHOU_1?QIANSHOU
  +--> ?PR?QIANSHOU_2?QIANSHOU
  +--> ?PR?_QIANSHOU_3?QIANSHOU
  +--> ?PR?_QIANSHOU_4?QIANSHOU
  +--> ?PR?_QIANSHOU_9?QIANSHOU
  +--> ?PR?_QIANSHOU_10?QIANSHOU
  +--> ?PR?_QIANSHOU_5?QIANSHOU
  +--> ?PR?_DELAY500MS?DELAY
  +--> ?PR?QIANSHOU_6?QIANSHOU
  +--> ?PR?_QIANSHOU_7?QIANSHOU
  +--> ?PR?QIANSHOU_8?QIANSHOU

?PR?QIANSHOU_1?QIANSHOU                     -----    -----      -----    -----      0218H    0001H
  +--> ?PR?PWM_24?MAIN
  +--> ?PR?_LOW_LEVEL_500U?BASAL
  +--> ?PR?_DELAY500MS?DELAY

?PR?QIANSHOU_2?QIANSHOU                     -----    -----      -----    -----      0218H    0001H
  +--> ?PR?FORWARDDELAY?BASAL
  +--> ?PR?PWM_24?MAIN
  +--> ?PR?_LOW_LEVEL_500U?BASAL
BL51 BANKED LINKER/LOCATER V6.22                                                      06/24/2016  11:44:38  PAGE 19


  +--> ?PR?BACKDELAY?BASAL

?PR?_QIANSHOU_3?QIANSHOU                    -----    -----      -----    -----      0218H    0003H
  +--> ?PR?PWM_24?MAIN
  +--> ?PR?_LOW_LEVEL_500U?BASAL
  +--> ?PR?FORWARDDELAY?BASAL
  +--> ?PR?_DELAY1S?DELAY
  +--> ?PR?BACKDELAY?BASAL

?PR?_QIANSHOU_4?QIANSHOU                    -----    -----      -----    -----      0218H    0003H
  +--> ?PR?PWM_24?MAIN
  +--> ?PR?_LOW_LEVEL_500U?BASAL
  +--> ?PR?FORWARDDELAY?BASAL
  +--> ?PR?BACKDELAY?BASAL

?PR?_QIANSHOU_9?QIANSHOU                    -----    -----      -----    -----      0218H    0003H
  +--> ?PR?FORWARDDELAY?BASAL
  +--> ?PR?PWM_24?MAIN
  +--> ?PR?_LOW_LEVEL_500U?BASAL
  +--> ?PR?BACKDELAY?BASAL

?PR?_QIANSHOU_10?QIANSHOU                   -----    -----      -----    -----      0218H    0003H
  +--> ?PR?PWM_24?MAIN
  +--> ?PR?_LOW_LEVEL_500U?BASAL
  +--> ?PR?FORWARDDELAY?BASAL
  +--> ?PR?BACKDELAY?BASAL

?PR?_QIANSHOU_5?QIANSHOU                    -----    -----      -----    -----      0218H    0004H
  +--> ?PR?PWM_24?MAIN
  +--> ?PR?_LOW_LEVEL_500U?BASAL

?PR?QIANSHOU_6?QIANSHOU                     -----    -----      -----    -----      0218H    0006H
  +--> ?PR?FORWARDDELAY?BASAL
  +--> ?PR?_RELATIVE?BASAL
  +--> ?PR?_P_TO_P?BASAL
  +--> ?PR?BACKDELAY?BASAL
  +--> ?PR?_DELAY1S?DELAY
  +--> ?PR?_DELAY500MS?DELAY

?PR?_QIANSHOU_7?QIANSHOU                    -----    -----      -----    -----      0218H    0003H
  +--> ?PR?PWM_24?MAIN
  +--> ?PR?_LOW_LEVEL_500U?BASAL
  +--> ?PR?FORWARDDELAY?BASAL
  +--> ?PR?BACKDELAY?BASAL
  +--> ?PR?_DELAY10MS?DELAY

?PR?QIANSHOU_8?QIANSHOU                     -----    -----      -----    -----      0218H    0001H
  +--> ?PR?PWM_24?MAIN
  +--> ?PR?_LOW_LEVEL_500U?BASAL
  +--> ?PR?FORWARDDELAY?BASAL
  +--> ?PR?_DELAY1S?DELAY
  +--> ?PR?BACKDELAY?BASAL

?PR?TICAO?TICAO                             -----    -----      -----    -----      -----    -----
  +--> ?PR?INITIAL_POSITION?BASAL
  +--> ?PR?_DELAY10MS?DELAY
  +--> ?PR?JINGLI_R?BASAL
BL51 BANKED LINKER/LOCATER V6.22                                                      06/24/2016  11:44:38  PAGE 20


  +--> ?PR?_DELAY500MS?DELAY
  +--> ?PR?TICE_YD?TICAO
  +--> ?PR?CS_XD_LEFT?TICAO
  +--> ?PR?SHENZHAN?TICAO
  +--> ?PR?KUOXIONG?TICAO
  +--> ?PR?CS_XD_RIGHT?TICAO
  +--> ?PR?PY_SS_LEFT?TICAO
  +--> ?PR?PY_SS_RIGHT?TICAO
  +--> ?PR?XQ_TD?TICAO

?PR?TICE_YD?TICAO                           -----    -----      -----    -----      0217H    0002H
  +--> ?PR?PWM_24?MAIN
  +--> ?PR?_LOW_LEVEL_500U?BASAL
  +--> ?PR?_DELAY10MS?DELAY
  +--> ?PR?_DELAY1S?DELAY
  +--> ?PR?_DELAY500MS?DELAY

?PR?CS_XD_LEFT?TICAO                        -----    -----      -----    -----      0217H    0001H
  +--> ?PR?PWM_24?MAIN
  +--> ?PR?_LOW_LEVEL_500U?BASAL

?PR?SHENZHAN?TICAO                          -----    -----      -----    -----      0217H    0001H
  +--> ?PR?_P_TO_P?BASAL
  +--> ?PR?_DELAY500MS?DELAY
  +--> ?PR?_DELAY10MS?DELAY

?PR?KUOXIONG?TICAO                          -----    -----      -----    -----      0217H    0001H
  +--> ?PR?_P_TO_P?BASAL
  +--> ?PR?_DELAY10MS?DELAY
  +--> ?PR?_DELAY1S?DELAY

?PR?CS_XD_RIGHT?TICAO                       -----    -----      -----    -----      0217H    0001H
  +--> ?PR?PWM_24?MAIN
  +--> ?PR?_LOW_LEVEL_500U?BASAL

?PR?PY_SS_LEFT?TICAO                        -----    -----      -----    -----      0217H    0002H
  +--> ?PR?_SIT_DOWN?BASAL
  +--> ?PR?PWM_24?MAIN
  +--> ?PR?_LOW_LEVEL_500U?BASAL
  +--> ?PR?_STAND_UP?BASAL

?PR?PY_SS_RIGHT?TICAO                       -----    -----      -----    -----      0217H    0002H
  +--> ?PR?_SIT_DOWN?BASAL
  +--> ?PR?PWM_24?MAIN
  +--> ?PR?_LOW_LEVEL_500U?BASAL
  +--> ?PR?_STAND_UP?BASAL

?PR?XQ_TD?TICAO                             -----    -----      -----    -----      0217H    0002H
  +--> ?PR?PWM_24?MAIN
  +--> ?PR?_LOW_LEVEL_500U?BASAL
  +--> ?PR?_DELAY10MS?DELAY
  +--> ?PR?_P_TO_P?BASAL
  +--> ?PR?JINGLI_L?BASAL

?PR?QIANPAXIA?BASAL                         -----    -----      -----    -----      0217H    0001H
  +--> ?PR?_RELATIVE?BASAL
  +--> ?PR?_P_TO_P?BASAL
BL51 BANKED LINKER/LOCATER V6.22                                                      06/24/2016  11:44:38  PAGE 21


  +--> ?PR?PWM_24?MAIN
  +--> ?PR?_LOW_LEVEL_500U?BASAL
  +--> ?PR?_DELAY1S?DELAY

?PR?TAIJIAOZI?BASAL                         -----    -----      -----    -----      0217H    0001H
  +--> ?PR?_P_TO_P?BASAL
  +--> ?PR?_WALK1?WALKING

?PR?_WALK1?WALKING                          -----    -----      -----    -----      0218H    0001H

?PR?_CYC?TUXINGHUA                          -----    -----      -----    -----      0204H    0013H
  +--> ?PR?_CH376BYTELOCATE?MAIN
  +--> ?PR?_CH376BYTEREAD?MAIN
  +--> ?PR?_UART3_PRINTBYTE?MAIN
  +--> ?PR?DAOLI?BASAL
  +--> ?PR?PCH?BASAL
  +--> ?PR?_TURN_LEFT?BASAL
  +--> ?PR?_WALK?WALKING
  +--> ?PR?_TURN_RIGHT?BASAL
  +--> ?PR?_L_PYI?BASAL
  +--> ?PR?_FWC?BASAL
  +--> ?PR?_R_PYI?BASAL
  +--> ?PR?_GOAL_L?BASAL
  +--> ?PR?_YANGWOQIZUO?BASAL
  +--> ?PR?_GOAL_R?BASAL
  +--> ?PR?JINGLI_L?BASAL
  +--> ?PR?JINGLI_R?BASAL
  +--> ?PR?QIAOXIYANG?QIAOXIYANG
  +--> ?PR?JIEWU?JIEWU
  +--> ?PR?QIANSHOU?QIANSHOU
  +--> ?PR?TICAO?TICAO
  +--> ?PR?QGF?BASAL
  +--> ?PR?HGF?BASAL
  +--> ?PR?QIANPAXIA?BASAL
  +--> ?PR?QIANPQ?BASAL
  +--> ?PR?HP?BASAL
  +--> ?PR?HPQ?BASAL
  +--> ?PR?TAIJIAOZI?BASAL
  +--> ?PR?_P_TO_P?BASAL
  +--> ?PR?_DELAY10MS?DELAY

?PR?_DELAY100US?DELAY                       -----    -----      -----    -----      -----    -----
  +--> ?PR?_DELAY10US?DELAY

?PR?OBTAIN_PSXCODE?MAIN                     -----    -----      -----    -----      01E3H    000BH
  +--> ?CO?MAIN
  +--> ?PR?DELAY1US_PSX?MAIN
  +--> ?PR?DELAY3US_PSX?MAIN

?PR?YOUGOUQIU?BASAL                         -----    -----      -----    -----      -----    -----
  +--> ?PR?_RELATIVE?BASAL
  +--> ?PR?_P_TO_P?BASAL

?PR?ZUOGOUQIU?BASAL                         -----    -----      -----    -----      -----    -----
  +--> ?PR?_RELATIVE?BASAL
  +--> ?PR?_P_TO_P?BASAL

BL51 BANKED LINKER/LOCATER V6.22                                                      06/24/2016  11:44:38  PAGE 22


?PR?CLEAR_PSXBUFF?MAIN                      -----    -----      -----    -----      01E3H    000BH
  +--> ?CO?MAIN
  +--> ?PR?DELAY1US_PSX?MAIN
  +--> ?PR?DELAY3US_PSX?MAIN

?PR?DT_L?BASAL                              -----    -----      -----    -----      01E3H    0001H
  +--> ?PR?_RELATIVE?BASAL
  +--> ?PR?_P_TO_P?BASAL
  +--> ?PR?PWM_24?MAIN
  +--> ?PR?_LOW_LEVEL_500U?BASAL
  +--> ?PR?_DELAY10MS?DELAY
  +--> ?PR?_DELAY1S?DELAY
  +--> ?PR?INITIAL_POSITION?BASAL

?PR?DT_R?BASAL                              -----    -----      -----    -----      01E3H    0001H
  +--> ?PR?_RELATIVE?BASAL
  +--> ?PR?_P_TO_P?BASAL
  +--> ?PR?PWM_24?MAIN
  +--> ?PR?_LOW_LEVEL_500U?BASAL
  +--> ?PR?_DELAY10MS?DELAY
  +--> ?PR?_DELAY1S?DELAY
  +--> ?PR?INITIAL_POSITION?BASAL

?PR?WUDAO?BASAL                             -----    -----      -----    -----      01E3H    0001H
  +--> ?PR?_RELATIVE?BASAL
  +--> ?PR?_P_TO_P?BASAL
  +--> ?PR?_DELAY10MS?DELAY
  +--> ?PR?PWM_24?MAIN
  +--> ?PR?_LOW_LEVEL_500U?BASAL

?PR?SETVALUEPARAS?MAIN                      -----    -----      -----    -----      01E3H    000BH
  +--> ?PR?_MP3_SETVOLUME?MAIN
  +--> ?CO?MAIN
  +--> ?PR?_CH376FILEOPENDIR?MAIN
  +--> ?PR?_WRITESDCARDFILEBUFFBYTES?MAIN

?PR?_HOUTUI?WALKING                         -----    -----      -----    -----      01E3H    0002H
  +--> ?PR?_SIT_DOWN?BASAL
  +--> ?PR?_DELAY500MS?DELAY
  +--> ?PR?_LEFT_CS?WALKING
  +--> ?PR?_RIGHT_UP?WALKING
  +--> ?PR?_LEFT_FORWARD?WALKING
  +--> ?PR?_RIGHT_DOWN?WALKING
  +--> ?PR?_RIGHT_CS?WALKING
  +--> ?PR?_LEFT_UP?WALKING
  +--> ?PR?_RIGHT_FORWARD?WALKING
  +--> ?PR?_LEFT_DOWN?WALKING
  +--> ?PR?_STAND_UP?BASAL



SYMBOL TABLE OF MODULE:  ProjectTarget (MAIN)

  VALUE           TYPE          NAME
  ----------------------------------

  -------         MODULE        MAIN
BL51 BANKED LINKER/LOCATER V6.22                                                      06/24/2016  11:44:38  PAGE 23


  C:0000H         SYMBOL        _ICE_DUMMY_
  D:0092H         PUBLIC        P1M0
  D:0093H         PUBLIC        P0M1
  D:0096H         PUBLIC        P2M0
  D:0091H         PUBLIC        P1M1
  D:0080H         PUBLIC        P0
  D:00B2H         PUBLIC        P3M0
  D:0095H         PUBLIC        P2M1
  D:0090H         PUBLIC        P1
  D:00B4H         PUBLIC        P4M0
  D:00B1H         PUBLIC        P3M1
  D:00A0H         PUBLIC        P2
  D:00CAH         PUBLIC        P5M0
  D:00B3H         PUBLIC        P4M1
  D:00B0H         PUBLIC        P3
  D:00CCH         PUBLIC        P6M0
  D:00C9H         PUBLIC        P5M1
  D:00C0H         PUBLIC        P4
  C:E292H         PUBLIC        CH376GetIntStatus
  D:00E2H         PUBLIC        P7M0
  D:00CBH         PUBLIC        P6M1
  D:00C8H         PUBLIC        P5
  B:00A8H.7       PUBLIC        EA
  D:00E1H         PUBLIC        P7M1
  D:00E8H         PUBLIC        P6
  D:00F8H         PUBLIC        P7
  X:0000H         PUBLIC        psx_key
  C:E257H         PUBLIC        _CH376FileCreate
  D:00CEH         PUBLIC        SPCTL
  X:0001H         PUBLIC        envbuf
  X:0008H         PUBLIC        psx_key_buff_flag
  D:00A2H         PUBLIC        P_SW1
  C:D597H         PUBLIC        Wait376Interrupt
  D:00BAH         PUBLIC        P_SW2
  X:0009H         PUBLIC        psx_key_buff
  D:00A8H         PUBLIC        IE
  C:E227H         PUBLIC        _CH376ReadVar8
  C:E27DH         PUBLIC        Query376Interrupt
  B:0021H.2       PUBLIC        anjian_bit_flag
  C:DD6EH         PUBLIC        Online_DoInit
  B:00C8H.4       PUBLIC        SPISS
  C:E2B2H         PUBLIC        _CH376SendCmdWaitInt
  C:DBB6H         PUBLIC        Uart_Init
  X:000AH         PUBLIC        RX2_in
  B:0021H.3       PUBLIC        anjian_bit
  B:00A8H.4       PUBLIC        ES
  D:00B8H         PUBLIC        IP
  C:0046H         PUBLIC        _CH376ReadBlock
  X:000BH         PUBLIC        RX1_Buffer
  X:019BH         PUBLIC        RX2_Buffer
  B:0098H.0       PUBLIC        RI
  X:01ABH         PUBLIC        volume
  X:01ACH         PUBLIC        RX3_Buffer
  X:01ADH         PUBLIC        RX4_Buffer
  B:0098H.1       PUBLIC        TI
  C:E205H         PUBLIC        _CH376WriteVar8
  D:0097H         PUBLIC        CLK_DIV
BL51 BANKED LINKER/LOCATER V6.22                                                      06/24/2016  11:44:38  PAGE 24


  C:DB4CH         PUBLIC        _CH376ByteLocate
  X:01AEH         PUBLIC        naqiu
  C:D440H         PUBLIC        xReadCH376Data
  C:D4EDH         PUBLIC        UART1_Interrupt
  C:B87AH         PUBLIC        UART2_Interrupt
  D:00D8H         PUBLIC        CCON
  C:E0A1H         PUBLIC        UART3_Interrupt
  C:E01AH         PUBLIC        UART4_Interrupt
  C:0096H         PUBLIC        main
  C:D5F0H         PUBLIC        SetValueParas
  X:01AFH         PUBLIC        flag_power
  C:CC02H         PUBLIC        _CreateSdcardFile
  C:E24BH         PUBLIC        _CH376SendCmdDatWaitInt
  C:E006H         PUBLIC        _xWriteCH376Data
  D:0099H         PUBLIC        SBUF
  D:0098H         PUBLIC        SCON
  B:00C0H.0       PUBLIC        P40
  D:0088H         PUBLIC        TCON
  C:DC27H         PUBLIC        DoCheckout_Online
  C:92E4H         PUBLIC        PWM_24
  C:4CEEH         PUBLIC        Obtain_PSXCode
  C:E237H         PUBLIC        _CH376ReadVar32
  D:00AFH         PUBLIC        IE2
  D:008EH         PUBLIC        AUXR
  D:00F0H         PUBLIC        B
  C:D078H         PUBLIC        _CH376ByteRead
  C:E04CH         SYMBOL        _?ix1000
  C:E055H         SYMBOL        _?ix1001
  C:D7FFH         PUBLIC        _CH376FileOpen
  C:DA50H         PUBLIC        _ReadSdcardFile32Bytes
  B:0021H.4       PUBLIC        acc_bit
  C:DE5AH         PUBLIC        _xWriteCH376Cmd
  C:D259H         PUBLIC        Clear_PSXBuff
  C:D68CH         PUBLIC        _CH376WriteVar32
  B:00A8H.0       PUBLIC        EX0
  D:00D6H         PUBLIC        T2H
  D:00D2H         PUBLIC        T4H
  C:E190H         PUBLIC        Accel_Init
  X:01B0H         PUBLIC        zhuangtai
  C:D16FH         PUBLIC        _CH376ByteWrite
  C:DE2EH         PUBLIC        mInitCH376Host
  D:00D7H         PUBLIC        T2L
  C:DBEFH         PUBLIC        _CH376WriteReqBlock
  D:00D3H         PUBLIC        T4L
  B:0088H.4       PUBLIC        TR0
  X:01B1H         PUBLIC        in
  B:0088H.6       PUBLIC        TR1
  C:DB7CH         PUBLIC        QianShou_DoInit
  B:0021H.5       PUBLIC        RX1_flag
  B:0021H.6       PUBLIC        RX2_flag
  X:01B3H         PUBLIC        out
  X:01B5H         PUBLIC        SdcardBuff
  C:DF56H         PUBLIC        _MP3_SetVolume
  C:E149H         PUBLIC        _UART1_PrintString
  B:0021H.7       PUBLIC        RX4_flag
  C:000EH         PUBLIC        UART4_ResetBauteRate
  D:00D1H         PUBLIC        T4T3M
BL51 BANKED LINKER/LOCATER V6.22                                                      06/24/2016  11:44:38  PAGE 25


  C:D63CH         PUBLIC        CPU_Init
  B:0022H.0       PUBLIC        psx_mode_flag
  C:BE9DH         PUBLIC        _CH376SetFileName
  D:00CDH         PUBLIC        SPSTAT
  C:E1CFH         PUBLIC        Init_SPI
  B:0022H.1       PUBLIC        RX1_mode
  D:009BH         PUBLIC        S2BUF
  C:DE01H         PUBLIC        UART1Send_InitPositon
  X:01D5H         PUBLIC        psx_mode
  D:00ADH         PUBLIC        S3BUF
  C:CD2BH         PUBLIC        _CH376FileOpenDir
  C:E2BFH         PUBLIC        CH376GetDiskStatus
  D:0085H         PUBLIC        S4BUF
  C:DA10H         PUBLIC        _xSetCH376CmdData
  D:009AH         PUBLIC        S2CON
  X:01D6H         PUBLIC        RX2_Key
  D:00ACH         PUBLIC        S3CON
  D:0084H         PUBLIC        S4CON
  C:0006H         PUBLIC        Delay1us_PSX
  C:DD3AH         PUBLIC        _xSetCH376Cmd
  C:E29BH         PUBLIC        Delay3us_PSX
  C:D0EFH         PUBLIC        CH376Read32bitDat
  C:DDA1H         PUBLIC        _UART1_PrintArrayBytes
  C:E2B9H         PUBLIC        CH376GetFileSize
  B:0022H.2       PUBLIC        flag_acc_enable
  C:D2C4H         PUBLIC        PSXKey_Filter
  X:01D8H         PUBLIC        anjian
  C:E2ABH         PUBLIC        CH376EndDirInfo
  C:E288H         PUBLIC        _UART1_PrintByte
  C:D844H         PUBLIC        _WriteSdcardFileBuffBytes
  C:C4CCH         PUBLIC        _CH376SeparatePath
  C:CF67H         PUBLIC        _MP3_SetPlay
  C:E17CH         PUBLIC        _UART3_PrintByte
  D:00D0H         PUBLIC        PSW
  C:BC99H         PUBLIC        _ReadSdcardFileAllBytes
  D:00CFH         PUBLIC        SPDAT
  D:0094H         PUBLIC        P0M0
  -------         PROC          UART_INIT
  C:DBB6H         LINE#         75
  C:DBB6H         LINE#         76
  C:DBB6H         LINE#         77
  C:DBB9H         LINE#         79
  C:DBBCH         LINE#         80
  C:DBBFH         LINE#         82
  C:DBC2H         LINE#         83
  C:DBC5H         LINE#         85
  C:DBC8H         LINE#         87
  C:DBCBH         LINE#         88
  C:DBCEH         LINE#         89
  C:DBD1H         LINE#         90
  C:DBD4H         LINE#         91
  C:DBD7H         LINE#         93
  C:DBDAH         LINE#         94
  C:DBDDH         LINE#         95
  C:DBE0H         LINE#         97
  C:DBE3H         LINE#         98
  C:DBE6H         LINE#         100
BL51 BANKED LINKER/LOCATER V6.22                                                      06/24/2016  11:44:38  PAGE 26


  C:DBE9H         LINE#         102
  C:DBEBH         LINE#         103
  C:DBEEH         LINE#         104
  -------         ENDPROC       UART_INIT
  -------         PROC          UART4_RESETBAUTERATE
  C:000EH         LINE#         107
  C:000EH         LINE#         108
  C:000EH         LINE#         109
  C:0011H         LINE#         110
  C:0014H         LINE#         111
  C:0017H         LINE#         112
  C:001AH         LINE#         113
  -------         ENDPROC       UART4_RESETBAUTERATE
  -------         PROC          _UART1_PRINTSTRING
  D:0001H         SYMBOL        str
  C:E149H         LINE#         116
  C:E149H         LINE#         117
  C:E149H         LINE#         118
  C:E14BH         LINE#         119
  C:E150H         LINE#         120
  C:E150H         LINE#         121
  C:E152H         LINE#         122
  C:E155H         LINE#         123
  C:E157H         LINE#         124
  C:E15EH         LINE#         125
  C:E160H         LINE#         126
  -------         ENDPROC       _UART1_PRINTSTRING
  -------         PROC          _UART1_PRINTARRAYBYTES
  D:0001H         SYMBOL        str
  X:0204H         SYMBOL        len
  -------         DO            
  D:0006H         SYMBOL        i
  -------         ENDDO         
  C:DDA1H         LINE#         128
  C:DDA9H         LINE#         129
  C:DDA9H         LINE#         130
  C:DDACH         LINE#         131
  C:DDAEH         LINE#         132
  C:DDBAH         LINE#         133
  C:DDBAH         LINE#         134
  C:DDBFH         LINE#         135
  C:DDC2H         LINE#         136
  C:DDC4H         LINE#         137
  C:DDCBH         LINE#         138
  C:DDD0H         LINE#         139
  C:DDD2H         LINE#         140
  -------         ENDPROC       _UART1_PRINTARRAYBYTES
  -------         PROC          _UART1_PRINTBYTE
  D:0007H         SYMBOL        value
  C:E288H         LINE#         142
  C:E288H         LINE#         143
  C:E288H         LINE#         144
  C:E28AH         LINE#         145
  C:E28CH         LINE#         146
  C:E28FH         LINE#         147
  C:E291H         LINE#         148
  -------         ENDPROC       _UART1_PRINTBYTE
BL51 BANKED LINKER/LOCATER V6.22                                                      06/24/2016  11:44:38  PAGE 27


  -------         PROC          L?0789
  -------         ENDPROC       L?0789
  -------         PROC          _UART3_PRINTBYTE
  D:0007H         SYMBOL        value
  C:E17CH         LINE#         161
  C:E17CH         LINE#         162
  C:E17CH         LINE#         163
  C:E17FH         LINE#         164
  C:E182H         LINE#         165
  C:E184H         LINE#         166
  C:E189H         LINE#         167
  C:E18CH         LINE#         168
  C:E18FH         LINE#         169
  -------         ENDPROC       _UART3_PRINTBYTE
  -------         PROC          _MP3_SETVOLUME
  D:0006H         SYMBOL        volumeValue
  C:DF56H         LINE#         184
  C:DF58H         LINE#         185
  C:DF58H         LINE#         186
  C:DF64H         LINE#         187
  C:DF64H         LINE#         188
  C:DF69H         LINE#         189
  C:DF6EH         LINE#         190
  C:DF73H         LINE#         191
  C:DF78H         LINE#         192
  C:DF7DH         LINE#         193
  C:DF7DH         LINE#         194
  -------         ENDPROC       _MP3_SETVOLUME
  C:CF5DH         SYMBOL        L?0781
  C:CF62H         SYMBOL        L?0782
  -------         PROC          L?0780
  -------         ENDPROC       L?0780
  C:CF5DH         SYMBOL        L?0781
  C:CF62H         SYMBOL        L?0782
  -------         PROC          _MP3_SETPLAY
  D:0006H         SYMBOL        wenjian
  D:0005H         SYMBOL        mulu1
  D:0003H         SYMBOL        mulu2
  -------         DO            
  D:0007H         SYMBOL        i
  D:0006H         SYMBOL        j
  -------         ENDDO         
  C:CF67H         LINE#         196
  C:CF69H         LINE#         197
  C:CF69H         LINE#         199
  C:CF6EH         LINE#         200
  C:CF73H         LINE#         201
  C:CF78H         LINE#         202
  C:CF7DH         LINE#         204
  C:CFA8H         LINE#         205
  C:CFA8H         LINE#         206
  C:CFACH         LINE#         207
  C:CFB0H         LINE#         208
  C:CFB4H         LINE#         209
  C:CFB8H         LINE#         210
  C:CFBCH         LINE#         211
  C:CFC0H         LINE#         212
BL51 BANKED LINKER/LOCATER V6.22                                                      06/24/2016  11:44:38  PAGE 28


  C:CFC5H         LINE#         213
  C:CFC5H         LINE#         215
  C:CFC9H         LINE#         217
  C:CFD0H         LINE#         219
  C:CFD3H         LINE#         220
  C:CFD7H         LINE#         221
  C:CFD7H         LINE#         222
  C:CFDAH         LINE#         224
  C:CFDEH         LINE#         225
  C:CFE1H         LINE#         227
  -------         ENDPROC       _MP3_SETPLAY
  -------         PROC          _XWRITECH376CMD
  D:0007H         SYMBOL        mCmd
  C:DE5AH         LINE#         70
  C:DE5AH         LINE#         71
  C:DE5AH         LINE#         72
  C:DE5DH         LINE#         74
  C:DE60H         LINE#         75
  C:DE63H         LINE#         76
  C:DE68H         LINE#         77
  C:DE6BH         LINE#         78
  C:DE6EH         LINE#         79
  C:DE73H         LINE#         80
  C:DE76H         LINE#         81
  C:DE78H         LINE#         82
  C:DE7DH         LINE#         83
  C:DE80H         LINE#         85
  C:DE83H         LINE#         86
  -------         ENDPROC       _XWRITECH376CMD
  -------         PROC          L?0783
  -------         ENDPROC       L?0783
  -------         PROC          _XWRITECH376DATA
  D:0007H         SYMBOL        mData
  C:E006H         LINE#         95
  C:E006H         LINE#         96
  C:E006H         LINE#         97
  C:E009H         LINE#         99
  C:E00CH         LINE#         100
  C:E00EH         LINE#         101
  C:E013H         LINE#         102
  C:E016H         LINE#         104
  C:E019H         LINE#         105
  -------         ENDPROC       _XWRITECH376DATA
  -------         PROC          L?0788
  -------         ENDPROC       L?0788
  -------         PROC          XREADCH376DATA
  -------         DO            
  X:0238H         SYMBOL        i
  -------         ENDDO         
  C:D440H         LINE#         113
  C:D440H         LINE#         114
  C:D440H         LINE#         118
  C:D466H         LINE#         119
  C:D466H         LINE#         120
  C:D469H         LINE#         121
  C:D469H         LINE#         122
  C:D46BH         LINE#         124
BL51 BANKED LINKER/LOCATER V6.22                                                      06/24/2016  11:44:38  PAGE 29


  C:D471H         LINE#         125
  C:D471H         LINE#         126
  C:D492H         LINE#         128
  C:D494H         LINE#         129
  -------         ENDPROC       XREADCH376DATA
  -------         PROC          _XSETCH376CMDDATA
  D:0007H         SYMBOL        mCmd
  D:0005H         SYMBOL        mData
  -------         DO            
  D:0007H         SYMBOL        res
  -------         ENDDO         
  C:DA10H         LINE#         133
  C:DA10H         LINE#         134
  C:DA10H         LINE#         137
  C:DA13H         LINE#         139
  C:DA16H         LINE#         140
  C:DA19H         LINE#         141
  C:DA1EH         LINE#         142
  C:DA21H         LINE#         143
  C:DA24H         LINE#         144
  C:DA29H         LINE#         145
  C:DA2CH         LINE#         146
  C:DA2EH         LINE#         147
  C:DA33H         LINE#         148
  C:DA36H         LINE#         149
  C:DA3AH         LINE#         150
  C:DA3FH         LINE#         151
  C:DA42H         LINE#         153
  C:DA47H         LINE#         154
  C:DA4AH         LINE#         155
  C:DA4CH         LINE#         157
  C:DA4FH         LINE#         159
  C:DA4FH         LINE#         160
  -------         ENDPROC       _XSETCH376CMDDATA
  -------         PROC          _XSETCH376CMD
  D:0007H         SYMBOL        mCmd
  -------         DO            
  D:0007H         SYMBOL        res
  -------         ENDDO         
  C:DD3AH         LINE#         163
  C:DD3AH         LINE#         164
  C:DD3AH         LINE#         167
  C:DD3DH         LINE#         169
  C:DD40H         LINE#         170
  C:DD43H         LINE#         171
  C:DD48H         LINE#         172
  C:DD4BH         LINE#         173
  C:DD4EH         LINE#         174
  C:DD53H         LINE#         175
  C:DD56H         LINE#         176
  C:DD58H         LINE#         177
  C:DD5DH         LINE#         178
  C:DD60H         LINE#         180
  C:DD65H         LINE#         181
  C:DD68H         LINE#         182
  C:DD6AH         LINE#         184
  C:DD6DH         LINE#         186
BL51 BANKED LINKER/LOCATER V6.22                                                      06/24/2016  11:44:38  PAGE 30


  C:DD6DH         LINE#         187
  -------         ENDPROC       _XSETCH376CMD
  -------         PROC          QUERY376INTERRUPT
  C:E27DH         LINE#         197
  C:E27DH         LINE#         198
  C:E27DH         LINE#         203
  C:E280H         LINE#         204
  C:E280H         LINE#         205
  C:E282H         LINE#         207
  C:E285H         LINE#         208
  C:E285H         LINE#         210
  C:E285H         LINE#         211
  C:E287H         LINE#         212
  C:E287H         LINE#         214
  -------         ENDPROC       QUERY376INTERRUPT
  -------         PROC          MINITCH376HOST
  -------         DO            
  D:0007H         SYMBOL        res
  -------         ENDDO         
  C:DE2EH         LINE#         224
  C:DE2EH         LINE#         225
  C:DE2EH         LINE#         227
  C:DE35H         LINE#         229
  C:DE3CH         LINE#         231
  C:DE41H         LINE#         233
  C:DE45H         LINE#         234
  C:DE45H         LINE#         235
  C:DE4AH         LINE#         236
  C:DE4EH         LINE#         237
  C:DE53H         LINE#         238
  C:DE56H         LINE#         239
  C:DE59H         LINE#         240
  C:DE59H         LINE#         242
  C:DE59H         LINE#         244
  -------         ENDPROC       MINITCH376HOST
  -------         PROC          _CH376READBLOCK
  X:0230H         SYMBOL        buf
  -------         DO            
  X:0233H         SYMBOL        s
  X:0234H         SYMBOL        l
  -------         ENDDO         
  C:0046H         LINE#         253
  C:0051H         LINE#         254
  C:0051H         LINE#         257
  C:0053H         LINE#         258
  C:005FH         LINE#         259
  C:0061H         LINE#         260
  C:0061H         LINE#         262
  C:0061H         LINE#         263
  C:0073H         LINE#         264
  C:007DH         LINE#         265
  C:0085H         LINE#         266
  C:0085H         LINE#         267
  C:008AH         LINE#         268
  -------         ENDPROC       _CH376READBLOCK
  -------         PROC          _CH376WRITEREQBLOCK
  X:0202H         SYMBOL        buf
BL51 BANKED LINKER/LOCATER V6.22                                                      06/24/2016  11:44:38  PAGE 31


  -------         DO            
  D:0005H         SYMBOL        s
  D:0006H         SYMBOL        l
  -------         ENDDO         
  C:DBEFH         LINE#         277
  C:DBFAH         LINE#         278
  C:DBFAH         LINE#         281
  C:DBFCH         LINE#         282
  C:DC03H         LINE#         283
  C:DC06H         LINE#         284
  C:DC06H         LINE#         286
  C:DC06H         LINE#         287
  C:DC18H         LINE#         288
  C:DC22H         LINE#         289
  C:DC24H         LINE#         290
  C:DC24H         LINE#         292
  C:DC26H         LINE#         293
  -------         ENDPROC       _CH376WRITEREQBLOCK
  -------         PROC          CH376READ32BITDAT
  -------         DO            
  X:0234H         SYMBOL        c0
  X:0235H         SYMBOL        c1
  X:0236H         SYMBOL        c2
  X:0237H         SYMBOL        c3
  -------         ENDDO         
  C:D0EFH         LINE#         301
  C:D0EFH         LINE#         302
  C:D0EFH         LINE#         305
  C:D0F7H         LINE#         306
  C:D0FFH         LINE#         307
  C:D107H         LINE#         308
  C:D10FH         LINE#         309
  C:D16EH         LINE#         310
  -------         ENDPROC       CH376READ32BITDAT
  -------         PROC          _CH376READVAR8
  D:0006H         SYMBOL        var
  -------         DO            
  D:0007H         SYMBOL        c0
  -------         ENDDO         
  C:E227H         LINE#         318
  C:E229H         LINE#         319
  C:E229H         LINE#         322
  C:E22EH         LINE#         323
  C:E233H         LINE#         324
  C:E236H         LINE#         325
  C:E236H         LINE#         326
  -------         ENDPROC       _CH376READVAR8
  -------         PROC          _CH376WRITEVAR8
  D:0006H         SYMBOL        var
  D:0005H         SYMBOL        dat
  C:E205H         LINE#         337
  C:E207H         LINE#         338
  C:E207H         LINE#         339
  C:E20CH         LINE#         340
  C:E211H         LINE#         341
  -------         ENDPROC       _CH376WRITEVAR8
  -------         PROC          _CH376READVAR32
BL51 BANKED LINKER/LOCATER V6.22                                                      06/24/2016  11:44:38  PAGE 32


  D:0006H         SYMBOL        var
  C:E237H         LINE#         351
  C:E239H         LINE#         352
  C:E239H         LINE#         353
  C:E23EH         LINE#         354
  C:E243H         LINE#         355
  C:E246H         LINE#         356
  -------         ENDPROC       _CH376READVAR32
  -------         PROC          _CH376WRITEVAR32
  D:0006H         SYMBOL        var
  X:0235H         SYMBOL        dat
  C:D68CH         LINE#         367
  C:D68EH         LINE#         368
  C:D68EH         LINE#         369
  C:D693H         LINE#         370
  C:D698H         LINE#         371
  C:D6A3H         LINE#         372
  C:D6AFH         LINE#         373
  C:D6C5H         LINE#         374
  -------         ENDPROC       _CH376WRITEVAR32
  -------         PROC          CH376ENDDIRINFO
  C:E2ABH         LINE#         383
  C:E2ABH         LINE#         384
  C:E2ABH         LINE#         385
  -------         ENDPROC       CH376ENDDIRINFO
  -------         PROC          CH376GETFILESIZE
  C:E2B9H         LINE#         394
  C:E2B9H         LINE#         395
  C:E2B9H         LINE#         396
  C:E2BEH         LINE#         397
  -------         ENDPROC       CH376GETFILESIZE
  -------         PROC          CH376GETDISKSTATUS
  C:E2BFH         LINE#         405
  C:E2BFH         LINE#         406
  C:E2BFH         LINE#         407
  C:E2C4H         LINE#         408
  -------         ENDPROC       CH376GETDISKSTATUS
  -------         PROC          CH376GETINTSTATUS
  -------         DO            
  D:0007H         SYMBOL        s
  -------         ENDDO         
  C:E292H         LINE#         417
  C:E292H         LINE#         418
  C:E292H         LINE#         421
[...]
  C:7BFDH         LINE#         1453
  C:7C0CH         LINE#         1454
  C:7C0CH         LINE#         1455
  C:7C12H         LINE#         1456
  C:7C16H         LINE#         1458
  C:7C1AH         LINE#         1459
  C:7C1EH         LINE#         1461
  C:7C24H         LINE#         1462
  C:7C2AH         LINE#         1464
  C:7C30H         LINE#         1465
  C:7C36H         LINE#         1467
  C:7C3FH         LINE#         1468
  C:7C3FH         LINE#         1469
  C:7C45H         LINE#         1470
  C:7C4BH         LINE#         1472
  C:7C51H         LINE#         1473
  C:7C57H         LINE#         1474
  C:7C57H         LINE#         1475
  C:7C5AH         LINE#         1476
  C:7C61H         LINE#         1477
  C:7C69H         LINE#         1480
  C:7C6EH         LINE#         1481
  C:7C6EH         LINE#         1482
  C:7C75H         LINE#         1483
  C:7C7CH         LINE#         1484
  C:7C7FH         LINE#         1485
  C:7C86H         LINE#         1486
  C:7C92H         LINE#         1487
  C:7CA1H         LINE#         1488
  C:7CA6H         LINE#         1489
  C:7CA6H         LINE#         1490
  C:7CACH         LINE#         1491
  C:7CB1H         LINE#         1492
  C:7CB5H         LINE#         1494
  C:7CB9H         LINE#         1495
  C:7CBEH         LINE#         1496
  C:7CC2H         LINE#         1497
  C:7CC5H         LINE#         1498
  C:7CCCH         LINE#         1499
  C:7CD8H         LINE#         1500
  C:7CDDH         LINE#         1501
  -------         ENDPROC       XIYANG_9
  -------         PROC          XIYANG_10
  -------         DO            
  X:0217H         SYMBOL        j
  X:0218H         SYMBOL        i
  -------         ENDDO         
  C:7CE0H         LINE#         1510
  C:7CE0H         LINE#         1511
  C:7CE0H         LINE#         1513
  C:7CE5H         LINE#         1514
  C:7CE5H         LINE#         1515
BL51 BANKED LINKER/LOCATER V6.22                                                      06/24/2016  11:44:38  PAGE 172


  C:7CEBH         LINE#         1516
  C:7CF0H         LINE#         1517
  C:7CF4H         LINE#         1519
  C:7CF8H         LINE#         1520
  C:7CFDH         LINE#         1521
  C:7D01H         LINE#         1522
  C:7D04H         LINE#         1523
  C:7D0BH         LINE#         1524
  C:7D17H         LINE#         1526
  C:7D1CH         LINE#         1527
  C:7D1CH         LINE#         1528
  C:7D21H         LINE#         1529
  C:7D21H         LINE#         1530
  C:7D27H         LINE#         1531
  C:7D2BH         LINE#         1533
  C:7D2FH         LINE#         1534
  C:7D33H         LINE#         1536
  C:7D3AH         LINE#         1537
  C:7D41H         LINE#         1538
  C:7D44H         LINE#         1539
  C:7D4BH         LINE#         1540
  C:7D57H         LINE#         1541
  C:7D5CH         LINE#         1542
  C:7D5CH         LINE#         1543
  C:7D62H         LINE#         1544
  C:7D67H         LINE#         1545
  C:7D6BH         LINE#         1546
  C:7D71H         LINE#         1547
  C:7D75H         LINE#         1548
  C:7D7CH         LINE#         1549
  C:7D83H         LINE#         1550
  C:7D86H         LINE#         1551
  C:7D8DH         LINE#         1552
  C:7D99H         LINE#         1554
  C:7D9EH         LINE#         1555
  C:7D9EH         LINE#         1556
  C:7DA4H         LINE#         1557
  C:7DA9H         LINE#         1558
  C:7DADH         LINE#         1559
  C:7DB3H         LINE#         1560
  C:7DB7H         LINE#         1561
  C:7DBEH         LINE#         1562
  C:7DC5H         LINE#         1563
  C:7DC8H         LINE#         1564
  C:7DCFH         LINE#         1565
  C:7DDBH         LINE#         1567
  C:7DE0H         LINE#         1568
  C:7DE0H         LINE#         1569
  C:7DE6H         LINE#         1570
  C:7DEAH         LINE#         1572
  C:7DEEH         LINE#         1573
  C:7DF2H         LINE#         1575
  C:7DF8H         LINE#         1576
  C:7DFEH         LINE#         1578
  C:7E04H         LINE#         1579
  C:7E0AH         LINE#         1580
  C:7E0DH         LINE#         1581
BL51 BANKED LINKER/LOCATER V6.22                                                      06/24/2016  11:44:38  PAGE 173


  C:7E14H         LINE#         1582
  C:7E20H         LINE#         1583
  C:7E25H         LINE#         1584
  C:7E25H         LINE#         1585
  C:7E2BH         LINE#         1586
  C:7E2FH         LINE#         1588
  C:7E36H         LINE#         1589
  C:7E3DH         LINE#         1591
  C:7E44H         LINE#         1592
  C:7E4BH         LINE#         1593
  C:7E4EH         LINE#         1594
  C:7E55H         LINE#         1595
  C:7E61H         LINE#         1596
  C:7E70H         LINE#         1597
  C:7E70H         LINE#         1598
  C:7E76H         LINE#         1599
  C:7E7AH         LINE#         1601
  C:7E7EH         LINE#         1602
  C:7E82H         LINE#         1604
  C:7E88H         LINE#         1605
  C:7E8EH         LINE#         1607
  C:7E94H         LINE#         1608
  C:7E9AH         LINE#         1610
  C:7EA3H         LINE#         1611
  C:7EA3H         LINE#         1612
  C:7EA9H         LINE#         1613
  C:7EAFH         LINE#         1615
  C:7EB5H         LINE#         1616
  C:7EBBH         LINE#         1617
  C:7EBBH         LINE#         1618
  C:7EBEH         LINE#         1619
  C:7EC5H         LINE#         1620
  C:7ECDH         LINE#         1623
  C:7ED2H         LINE#         1624
  C:7ED2H         LINE#         1625
  C:7ED9H         LINE#         1626
  C:7EE0H         LINE#         1627
  C:7EE3H         LINE#         1628
  C:7EEAH         LINE#         1629
  C:7EF6H         LINE#         1631
  C:7F05H         LINE#         1633
  C:7F0AH         LINE#         1634
  C:7F0AH         LINE#         1635
  C:7F10H         LINE#         1636
  C:7F15H         LINE#         1637
  C:7F19H         LINE#         1639
  C:7F1DH         LINE#         1640
  C:7F22H         LINE#         1641
  C:7F26H         LINE#         1642
  C:7F29H         LINE#         1643
  C:7F30H         LINE#         1644
  C:7F3CH         LINE#         1645
  C:7F41H         LINE#         1646
  -------         ENDPROC       XIYANG_10
  -------         PROC          QIAOXIYANG
  C:E080H         LINE#         1654
  C:E080H         LINE#         1655
BL51 BANKED LINKER/LOCATER V6.22                                                      06/24/2016  11:44:38  PAGE 174


  C:E080H         LINE#         1656
  C:E083H         LINE#         1657
  C:E086H         LINE#         1658
  C:E089H         LINE#         1659
  C:E08CH         LINE#         1660
  C:E08FH         LINE#         1661
  C:E092H         LINE#         1662
  C:E095H         LINE#         1663
  C:E098H         LINE#         1664
  C:E09BH         LINE#         1665
  C:E09EH         LINE#         1666
  -------         ENDPROC       QIAOXIYANG
  -------         ENDMOD        QIAOXIYANG

  -------         MODULE        HT1621
  C:0000H         SYMBOL        _ICE_DUMMY_
  D:0080H         PUBLIC        P0
  D:0090H         PUBLIC        P1
  D:00A0H         PUBLIC        P2
  D:00B0H         PUBLIC        P3
  D:00C0H         PUBLIC        P4
  D:00C8H         PUBLIC        P5
  D:00E8H         PUBLIC        P6
  D:00F8H         PUBLIC        P7
  X:032EH         PUBLIC        IR_SampleCnt
  D:00A8H         PUBLIC        IE
  X:032FH         PUBLIC        IR_DataShit
  C:E1A6H         PUBLIC        Inf_Init
  X:0330H         PUBLIC        IR_data
  X:0331H         PUBLIC        IR_code
  D:00B8H         PUBLIC        IP
  D:00D8H         PUBLIC        CCON
  B:0022H.3       PUBLIC        B_IrUserErr
  B:0022H.4       PUBLIC        B_IR_Press
  D:0098H         PUBLIC        SCON
  D:0089H         PUBLIC        TMOD
  D:0088H         PUBLIC        TCON
  B:00B0H.2       PUBLIC        P32
  B:0022H.5       PUBLIC        B_IR_Sync
  D:00F0H         PUBLIC        B
  X:0332H         PUBLIC        IR_BitCnt
  B:00A8H.3       PUBLIC        ET1
  B:0088H.7       PUBLIC        TF1
  D:008DH         PUBLIC        TH1
  B:0088H.0       PUBLIC        IT0
  B:00A8H.0       PUBLIC        EX0
  C:E0E0H         PUBLIC        INT0_Interrupt
  D:008BH         PUBLIC        TL1
  B:00B0H.2       PUBLIC        P_IR_RX
  B:0088H.6       PUBLIC        TR1
  X:0333H         PUBLIC        IR_UserH
  C:C25FH         PUBLIC        Timer1_Interrupt
  X:0334H         PUBLIC        IR_UserL
  B:0022H.6       PUBLIC        P_IR_RX_temp
  B:00D0H.5       PUBLIC        F0
  X:0335H         PUBLIC        SampleTime
  D:00D0H         PUBLIC        PSW
BL51 BANKED LINKER/LOCATER V6.22                                                      06/24/2016  11:44:38  PAGE 175


  -------         PROC          INF_INIT
  C:E1A6H         LINE#         180
  C:E1A6H         LINE#         181
  C:E1A6H         LINE#         182
  C:E1A8H         LINE#         183
  C:E1ABH         LINE#         184
  C:E1AEH         LINE#         185
  C:E1B1H         LINE#         186
  C:E1B3H         LINE#         187
  C:E1B5H         LINE#         188
  C:E1B7H         LINE#         190
  C:E1B9H         LINE#         191
  C:E1BBH         LINE#         194
  -------         ENDPROC       INF_INIT
  -------         PROC          INT0_INTERRUPT
  C:E0E0H         LINE#         197
  C:E0E6H         LINE#         199
  C:E0E8H         LINE#         200
  C:E0EBH         LINE#         201
  C:E0EEH         LINE#         202
  C:E0F3H         LINE#         203
  C:E0F5H         LINE#         204
  C:E0F7H         LINE#         205
  -------         ENDPROC       INT0_INTERRUPT
  -------         PROC          TIMER1_INTERRUPT
  C:C25FH         LINE#         208
  C:C26EH         LINE#         212
  C:C274H         LINE#         214
  C:C278H         LINE#         215
  C:C27CH         LINE#         216
  C:C288H         LINE#         217
  C:C288H         LINE#         218
  C:C28EH         LINE#         219
  C:C293H         LINE#         221
  C:C29EH         LINE#         222
  C:C2A8H         LINE#         223
  C:C2A8H         LINE#         224
  C:C2ADH         LINE#         225
  C:C2ADH         LINE#         226
  C:C2AFH         LINE#         227
  C:C2B5H         LINE#         228
  C:C2B5H         LINE#         229
  C:C2B7H         LINE#         230
  C:C2BAH         LINE#         231
  C:C2BAH         LINE#         232
  C:C2C4H         LINE#         234
  C:C2C4H         LINE#         235
  C:C2CBH         LINE#         236
  C:C2DBH         LINE#         237
  C:C2E3H         LINE#         238
  C:C2E3H         LINE#         239
  C:C2E5H         LINE#         240
  C:C2F1H         LINE#         241
  C:C2F1H         LINE#         242
  C:C2FDH         LINE#         244
  C:C301H         LINE#         245
  C:C303H         LINE#         247
BL51 BANKED LINKER/LOCATER V6.22                                                      06/24/2016  11:44:38  PAGE 176


  C:C308H         LINE#         248
  C:C30AH         LINE#         249
  C:C30CH         LINE#         251
  C:C30CH         LINE#         252
  C:C30EH         LINE#         253
  C:C316H         LINE#         254
  C:C316H         LINE#         255
  C:C31AH         LINE#         256
  C:C322H         LINE#         257
  C:C328H         LINE#         258
  C:C328H         LINE#         259
  C:C328H         LINE#         260
  C:C328H         LINE#         261
  C:C328H         LINE#         262
  -------         ENDPROC       TIMER1_INTERRUPT
  -------         ENDMOD        HT1621

  -------         MODULE        ?C?FPMUL
  C:1B50H         PUBLIC        ?C?FPMUL
  -------         ENDMOD        ?C?FPMUL

  -------         MODULE        ?C?FPDIV
  C:1C59H         PUBLIC        ?C?FPDIV
  -------         ENDMOD        ?C?FPDIV

  -------         MODULE        ?C?FCAST
  C:1D00H         PUBLIC        ?C?FCASTC
  C:1CFBH         PUBLIC        ?C?FCASTI
  C:1CF6H         PUBLIC        ?C?FCASTL
  -------         ENDMOD        ?C?FCAST

  -------         MODULE        ?C?CASTF
  C:1D34H         PUBLIC        ?C?CASTF
  -------         ENDMOD        ?C?CASTF

  -------         MODULE        PRINTF
  X:0204H         PUBLIC        ?_PRINTF?BYTE
  X:0204H         PUBLIC        ?_SPRINTF?BYTE
  C:3459H         PUBLIC        _PRINTF
  C:3453H         PUBLIC        _SPRINTF
  -------         ENDMOD        PRINTF

  -------         MODULE        ?C?FPROUND
  C:1DB5H         PUBLIC        ?C?FPROUND
  -------         ENDMOD        ?C?FPROUND

  -------         MODULE        ?C?FPCONVERT
  C:1DF2H         PUBLIC        ?C?FPCONVERT
  -------         ENDMOD        ?C?FPCONVERT

  -------         MODULE        ?C?FPADD
  C:1EFEH         PUBLIC        ?C?FPADD
  C:1EFAH         PUBLIC        ?C?FPSUB
  -------         ENDMOD        ?C?FPADD

  -------         MODULE        ?C?FTNPWR
  C:201FH         PUBLIC        ?C?FTNPWR
BL51 BANKED LINKER/LOCATER V6.22                                                      06/24/2016  11:44:38  PAGE 177


  -------         ENDMOD        ?C?FTNPWR

  -------         MODULE        ?C?COPY
  C:212FH         PUBLIC        ?C?COPY
  -------         ENDMOD        ?C?COPY

  -------         MODULE        ?C?CLDPTR
  C:2155H         PUBLIC        ?C?CLDPTR
  -------         ENDMOD        ?C?CLDPTR

  -------         MODULE        ?C?CLDOPTR
  C:216EH         PUBLIC        ?C?CLDOPTR
  -------         ENDMOD        ?C?CLDOPTR

  -------         MODULE        ?C?CSTPTR
  C:219BH         PUBLIC        ?C?CSTPTR
  -------         ENDMOD        ?C?CSTPTR

  -------         MODULE        ?C?IMUL
  C:21ADH         PUBLIC        ?C?IMUL
  -------         ENDMOD        ?C?IMUL

  -------         MODULE        ?C?UIDIV
  C:21BFH         PUBLIC        ?C?UIDIV
  -------         ENDMOD        ?C?UIDIV

  -------         MODULE        ?C?IILDX
  C:2214H         PUBLIC        ?C?IILDX
  -------         ENDMOD        ?C?IILDX

  -------         MODULE        ?C?ILDPTR
  C:222AH         PUBLIC        ?C?ILDPTR
  -------         ENDMOD        ?C?ILDPTR

  -------         MODULE        ?C?IILDPTR
  C:2255H         PUBLIC        ?C?IILDPTR
  -------         ENDMOD        ?C?IILDPTR

  -------         MODULE        ?C?ISTPTR
  C:228DH         PUBLIC        ?C?ISTPTR
  -------         ENDMOD        ?C?ISTPTR

  -------         MODULE        ?C?LNEG
  C:22ACH         PUBLIC        ?C?LNEG
  -------         ENDMOD        ?C?LNEG

  -------         MODULE        ?C?SLCMP
  C:22BAH         PUBLIC        ?C?SLCMP
  -------         ENDMOD        ?C?SLCMP

  -------         MODULE        ?C?ULCMP
  C:22D0H         PUBLIC        ?C?ULCMP
  -------         ENDMOD        ?C?ULCMP

  -------         MODULE        ?C?ULSHR
  C:22E1H         PUBLIC        ?C?ULSHR
  -------         ENDMOD        ?C?ULSHR
BL51 BANKED LINKER/LOCATER V6.22                                                      06/24/2016  11:44:38  PAGE 178



  -------         MODULE        ?C?LSHL
  C:22F4H         PUBLIC        ?C?LSHL
  -------         ENDMOD        ?C?LSHL

  -------         MODULE        ?C?LLDPTR
  C:2307H         PUBLIC        ?C?LLDPTR
  -------         ENDMOD        ?C?LLDPTR

  -------         MODULE        ?C?LSTXDATA
  C:2327H         PUBLIC        ?C?LSTXDATA
  -------         ENDMOD        ?C?LSTXDATA

  -------         MODULE        ?C?LSTKXDATA
  C:2333H         PUBLIC        ?C?LSTKXDATA
  -------         ENDMOD        ?C?LSTKXDATA

  -------         MODULE        ?C?PLDIXDATA
  C:2364H         PUBLIC        ?C?PLDIXDATA
  -------         ENDMOD        ?C?PLDIXDATA

  -------         MODULE        ?C?PSTXDATA
  C:237BH         PUBLIC        ?C?PSTXDATA
  -------         ENDMOD        ?C?PSTXDATA

  -------         MODULE        ?C?CCASE
  C:2384H         PUBLIC        ?C?CCASE
  -------         ENDMOD        ?C?CCASE

  -------         MODULE        ?C?ICASE
  C:23AAH         PUBLIC        ?C?ICASE
  -------         ENDMOD        ?C?ICASE

  -------         MODULE        PUTCHAR
  C:DFCEH         PUBLIC        _PUTCHAR
  -------         ENDMOD        PUTCHAR

  -------         MODULE        ABS
  C:E271H         PUBLIC        _ABS
  -------         ENDMOD        ABS

  -------         MODULE        ?C?STRCPY
  C:24A3H         PUBLIC        ?C?STRCPY
  -------         ENDMOD        ?C?STRCPY

  -------         MODULE        SETJMP
  C:D358H         PUBLIC        _LONGJMP
  C:D327H         PUBLIC        _SETJMP
  -------         ENDMOD        SETJMP

  -------         MODULE        ?C?CSTOPTR
  C:24C0H         PUBLIC        ?C?CSTOPTR
  -------         ENDMOD        ?C?CSTOPTR

  -------         MODULE        ?C?ILDOPTR
  C:24E2H         PUBLIC        ?C?ILDOPTR
  -------         ENDMOD        ?C?ILDOPTR
BL51 BANKED LINKER/LOCATER V6.22                                                      06/24/2016  11:44:38  PAGE 179



  -------         MODULE        ?C?ISTOPTR
  C:251AH         PUBLIC        ?C?ISTOPTR
  -------         ENDMOD        ?C?ISTOPTR

  -------         MODULE        ?C?LLDIDATA
  C:2547H         PUBLIC        ?C?LLDIDATA
  -------         ENDMOD        ?C?LLDIDATA

  -------         MODULE        ?C?LLDXDATA
  C:2553H         PUBLIC        ?C?LLDXDATA
  -------         ENDMOD        ?C?LLDXDATA

  -------         MODULE        ?C?LLDPDATA
  C:255FH         PUBLIC        ?C?LLDPDATA
  -------         ENDMOD        ?C?LLDPDATA

  -------         MODULE        ?C?LLDCODE
  C:256BH         PUBLIC        ?C?LLDCODE
  -------         ENDMOD        ?C?LLDCODE

  -------         MODULE        ?C_XBP
  D:000DH         PUBLIC        ?C_XBP
  -------         ENDMOD        ?C_XBP

  -------         MODULE        ?C_IBP
  D:000FH         PUBLIC        ?C_IBP
  -------         ENDMOD        ?C_IBP

  -------         MODULE        ?C_PBP
  D:0010H         PUBLIC        ?C_PBP
  -------         ENDMOD        ?C_PBP

*** WARNING L13: RECURSIVE CALL TO SEGMENT
    SEGMENT: ?PR?PWM_24?MAIN
    CALLER:  ?PR?ADC_ADJUST?ADC

*** WARNING L13: RECURSIVE CALL TO SEGMENT
    SEGMENT: ?PR?_P_TO_P?BASAL
    CALLER:  ?PR?HPQ?BASAL

*** WARNING L13: RECURSIVE CALL TO SEGMENT
    SEGMENT: ?PR?_P_TO_P?BASAL
    CALLER:  ?PR?QIANPQ?BASAL

*** WARNING L16: UNCALLED SEGMENT, IGNORED FOR OVERLAY PROCESS
    SEGMENT: ?PR?_UART1_PRINTSTRING?MAIN

*** WARNING L16: UNCALLED SEGMENT, IGNORED FOR OVERLAY PROCESS
    SEGMENT: ?PR?CH376ENDDIRINFO?MAIN

*** WARNING L16: UNCALLED SEGMENT, IGNORED FOR OVERLAY PROCESS
    SEGMENT: ?PR?CH376GETDISKSTATUS?MAIN

*** WARNING L16: UNCALLED SEGMENT, IGNORED FOR OVERLAY PROCESS
    SEGMENT: ?PR?_FM300MS?BUZZ

BL51 BANKED LINKER/LOCATER V6.22                                                      06/24/2016  11:44:38  PAGE 180


*** WARNING L16: UNCALLED SEGMENT, IGNORED FOR OVERLAY PROCESS
    SEGMENT: ?PR?_FM50MS?BUZZ

*** WARNING L16: UNCALLED SEGMENT, IGNORED FOR OVERLAY PROCESS
    SEGMENT: ?PR?_FM1MS?BUZZ

*** WARNING L16: UNCALLED SEGMENT, IGNORED FOR OVERLAY PROCESS
    SEGMENT: ?PR?INITIAL_POSITION_SLOW?BASAL

*** WARNING L16: UNCALLED SEGMENT, IGNORED FOR OVERLAY PROCESS
    SEGMENT: ?PR?FUWEI?BASAL

*** WARNING L16: UNCALLED SEGMENT, IGNORED FOR OVERLAY PROCESS
    SEGMENT: ?PR?QIMA?WALKING

*** WARNING L16: UNCALLED SEGMENT, IGNORED FOR OVERLAY PROCESS
    SEGMENT: ?PR?TABU1?WALKING

Program Size: data=20.7 xdata=832 code=58052
LINK/LOCATE RUN COMPLETE.  13 WARNING(S),  0 ERROR(S)
