C51 COMPILER V8.05a   QIAOXIYANG                                                           09/09/2017 11:44:40 PAGE 1   


C51 COMPILER V8.05a, COMPILATION OF MODULE QIAOXIYANG
OBJECT MODULE PLACED IN qiaoxiyang.OBJ
COMPILER INVOKED BY: C:\Keil\C51\BIN\C51.EXE qiaoxiyang.c LARGE BROWSE DEBUG OBJECTEXTEND

line level    source

   1          #include "REG15W4Kxx.h"                                 //芯片头文件
   2          #include "delay.h"
   3          #include "main.h"
   4          #include "basal.h"
   5          #include "qianshou.h"
   6          #include "jiewu.h"
   7          
   8          //#############################################################################
   9          // 函数名称：void  xiyang_1()
  10          // 函数说明：俏夕阳抖
  11          // 入口参数：无
  12          // 出口参数：无
  13          //#############################################################################          
  14          void xiyang_1(void)
  15          {
  16   1      /*         uchar j,i;
  17   1                            for(j=0;j<50;j++)                         
  18   1                                  {
  19   1                                   position[6]-=1;
  20   1                                       position[7]+=1;
  21   1                                       PWM_24();
  22   1                       low_level_500u(40);
  23   1                                      }
  24   1                            for(j=0;j<20;j++)                         
  25   1                                  {
  26   1                                   position[13]+=4;
  27   1                                       position[14]+=4;
  28   1                                       position[16]-=3;
  29   1                                       PWM_24();      
  30   1                                       low_level_500u(50);
  31   1                                      }
  32   1                        for(i=0;i<5;i++)                         
  33   1                              {
  34   1                                for(j=0;j<6;j++)                         
  35   1                                  {
  36   1                                   position[8]+=1;
  37   1                                       position[9]-=1;
  38   1                                       position[10]+=1;
  39   1                                       position[11]-=1;
  40   1                                               PWM_24();
  41   1                                       low_level_500u(75);
  42   1                                      }
  43   1                                for(j=0;j<6;j++)                         
  44   1                                  {
  45   1                                   position[8]-=1;
  46   1                                       position[9]+=1;
  47   1                                       position[10]-=1;
  48   1                                       position[11]+=1;
  49   1                                               PWM_24();
  50   1                                       low_level_500u(75);
  51   1                                      }
  52   1                          }
  53   1                                   delay10ms(20);
  54   1                                   ForwardDelay();
  55   1                                       ForwardDelay();
C51 COMPILER V8.05a   QIAOXIYANG                                                           09/09/2017 11:44:40 PAGE 2   

  56   1                                       ForwardDelay();
  57   1                                       ForwardDelay();
  58   1                                       ForwardDelay();
  59   1                                       ForwardDelay();
  60   1                                       ForwardDelay();
  61   1                                
  62   1                                for(j=0;j<20;j++)                         
  63   1                                  {
  64   1                                   position[12]-=4;
  65   1                                       position[13]-=4;
  66   1                                       position[14]-=4;
  67   1                                       position[15]-=4;
  68   1                                       position[16]+=6;
  69   1                                               PWM_24();
  70   1                                       low_level_500u(50);
  71   1                                      }
  72   1                        for(i=0;i<5;i++)                         
  73   1                              {
  74   1                                for(j=0;j<6;j++)                         
  75   1                                  {
  76   1                                   position[8]-=1;
  77   1                                       position[9]+=1;
  78   1                                       position[10]-=1;
  79   1                                       position[11]+=1;
  80   1                                               PWM_24();
  81   1                                       low_level_500u(75);
  82   1                                      }
  83   1                                for(j=0;j<6;j++)                         
  84   1                                  {
  85   1                                   position[8]+=1;
  86   1                                       position[9]-=1;
  87   1                                       position[10]+=1;
  88   1                                       position[11]-=1;
  89   1                                               PWM_24();
  90   1                                       low_level_500u(75);
  91   1                                      }
  92   1                          }
  93   1                                     BackDelay();
  94   1                                         BackDelay();
  95   1                                         BackDelay();
  96   1                                         BackDelay();
  97   1                                         BackDelay();
  98   1                                         BackDelay();
  99   1                                         BackDelay();
 100   1                                         
 101   1                                         delay10ms(20);
 102   1                        for(i=0;i<2;i++)                         
 103   1                              {
 104   1                                for(j=0;j<20;j++)                         
 105   1                                  {
 106   1                                   position[12]+=4;
 107   1                                       position[13]+=4;
 108   1                                       position[14]+=4;
 109   1                                       position[15]+=4;
 110   1                                       position[16]-=6;
 111   1                                               PWM_24();
 112   1                                       low_level_500u(40);
 113   1                                      }
 114   1                                for(j=0;j<20;j++)                         
 115   1                                  {
 116   1                                   position[12]-=4;
 117   1                                       position[13]-=4;
C51 COMPILER V8.05a   QIAOXIYANG                                                           09/09/2017 11:44:40 PAGE 3   

 118   1                                       position[14]-=4;
 119   1                                       position[15]-=4;
 120   1                                       position[16]+=6;
 121   1                                               PWM_24();
 122   1                                       low_level_500u(40);
 123   1                                      }
 124   1                                          delay10ms(20);
 125   1                                              delay10ms(20);
 126   1                              }
 127   1                        for(i=0;i<3;i++)                         
 128   1                              {
 129   1                                for(j=0;j<20;j++)                         
 130   1                                  {
 131   1                                   position[12]+=4;
 132   1                                       position[13]+=4;
 133   1                                       position[14]+=4;
 134   1                                       position[15]+=4;
 135   1                                       position[16]-=6;
 136   1                                               PWM_24();
 137   1                                       low_level_500u(40);
 138   1                                      }
 139   1                                for(j=0;j<20;j++)                         
 140   1                                  {
 141   1                                   position[12]-=4;
 142   1                                       position[13]-=4;
 143   1                                       position[14]-=4;
 144   1                                       position[15]-=4;
 145   1                                       position[16]+=6;
 146   1                                               PWM_24();
 147   1                                       low_level_500u(40);
 148   1                                      }
 149   1                                          
 150   1                              }
 151   1                                for(j=0;j<20;j++)                         
 152   1                                  {
 153   1                                   position[12]+=4;
 154   1                                       position[15]+=4;
 155   1                                       position[16]-=3;
 156   1                                               PWM_24();
 157   1                                       low_level_500u(40);
 158   1                                      }
 159   1                                for(j=0;j<10;j++)                         
 160   1                                  {
 161   1                                   position[6]+=5;
 162   1                                       position[7]-=5;
 163   1                                               PWM_24();
 164   1                                       low_level_500u(40);
 165   1                                      }
 166   1                        delay500ms(1);
 167   1                                        initial_position(); */
 168   1      }
 169          //#############################################################################
 170          // 函数名称：void  qiaoxiyang_2()
 171          // 函数说明：俏夕阳直角肩
 172          // 入口参数：无
 173          // 出口参数：无
 174          //############################################################################# 
 175          void xiyang_2(void)
 176          {
 177   1      /*          
 178   1                   uchar j,i;
 179   1                            for(j=0;j<18;j++)                         
C51 COMPILER V8.05a   QIAOXIYANG                                                           09/09/2017 11:44:40 PAGE 4   

 180   1                                  {
 181   1                                   position[12]-=5;
 182   1                                       position[14]+=5;
 183   1                                              
 184   1                                        PWM_24();
 185   1                       low_level_500u(40);
 186   1                                      }
 187   1                        
 188   1                            for(j=0;j<11;j++)                         
 189   1                                  {
 190   1                                   position[12]-=3;
 191   1                                       position[13]+=6;
 192   1                                       position[14]-=3;
 193   1                                       position[15]+=6;
 194   1                                               PWM_24();
 195   1                       low_level_500u(25);
 196   1                                      }
 197   1                                        delay500ms(1);
 198   1                        for(i=0;i<2;i++)                         
 199   1                              {
 200   1                                for(j=0;j<22;j++)                         
 201   1                                  {
 202   1                                   position[12]+=3;
 203   1                                       position[13]-=6;
 204   1                                       position[14]+=3;
 205   1                                       position[15]-=6;
 206   1                                              PWM_24();
 207   1                                       low_level_500u(25);
 208   1                                      }
 209   1                                         delay10ms(1);
 210   1                                         delay10ms(1);
 211   1                                for(j=0;j<22;j++)                         
 212   1                                  {
 213   1                                   position[12]-=3;
 214   1                                       position[13]+=6;
 215   1                                       position[14]-=3;
 216   1                                       position[15]+=6;
 217   1                                              PWM_24();
 218   1                                       low_level_500u(25);
 219   1                                      }
 220   1                                         delay500ms(1);
 221   1                              }
 222   1                        for(i=0;i<2;i++)                         
 223   1                              {
 224   1                                for(j=0;j<22;j++)                         
 225   1                                  {
 226   1                                   position[12]+=3;
 227   1                                       position[13]-=6;
 228   1                                       position[14]+=3;
 229   1                                       position[15]-=6;
 230   1                                              PWM_24();                               
 231   1                                       low_level_500u(25);
 232   1                                      }
 233   1                                         delay10ms(1);
 234   1                                         delay10ms(1);
 235   1                                for(j=0;j<22;j++)                         
 236   1                                  {
 237   1                                   position[12]-=3;
 238   1                                       position[13]+=6;
 239   1                                       position[14]-=3;
 240   1                                       position[15]+=6;
 241   1                                               PWM_24();
C51 COMPILER V8.05a   QIAOXIYANG                                                           09/09/2017 11:44:40 PAGE 5   

 242   1                                       low_level_500u(25);
 243   1                                      }
 244   1                                         delay10ms(1);
 245   1                                         delay10ms(1);
 246   1                              }
 247   1                                for(j=0;j<22;j++)                         
 248   1                                  {
 249   1                                   position[12]+=3;
 250   1                                       position[13]-=6;
 251   1                                       position[14]+=3;
 252   1                                       position[15]-=6;
 253   1                                               PWM_24();
 254   1                                       low_level_500u(25);
 255   1                                      }
 256   1                                         delay10ms(1);
 257   1                                         delay10ms(1);
 258   1                                for(j=0;j<11;j++)                         
 259   1                                  {
 260   1                                   position[12]-=3;
 261   1                                       position[13]+=6;
 262   1                                       position[14]-=3;
 263   1                                       position[15]+=6;
 264   1                                               PWM_24();
 265   1                                       low_level_500u(25);
 266   1                                      }
 267   1                                       delay10ms(20);
 268   1                                for(j=0;j<10;j++)                         
 269   1                                  {
 270   1                                       position[6]-=9;
 271   1                                       position[7]+=9;
 272   1                                               PWM_24();
 273   1                                       low_level_500u(75);
 274   1                                      }
 275   1                                         delay500ms(1);
 276   1      
 277   1                    for(i=0;i<2;i++)                         
 278   1                          {
 279   1                                for(j=0;j<10;j++)                         
 280   1                                  {
 281   1                                       position[12]+=10;
 282   1                                       position[13]+=5;
 283   1                                       position[14]-=10;
 284   1                                       position[15]-=5;
 285   1                                               PWM_24();
 286   1                        low_level_500u(70);
 287   1                                      }
 288   1                                        delay10ms(1);
 289   1                                for(j=0;j<10;j++)                         
 290   1                                  {
 291   1                                       position[12]-=10;
 292   1                                       position[13]-=5;
 293   1                                       position[14]+=10;
 294   1                                       position[15]+=5;
 295   1                                     PWM_24();
 296   1                        low_level_500u(70);
 297   1                                      }
 298   1                                          delay10ms(20);
 299   1                              }
 300   1                                for(j=0;j<30;j++)                         
 301   1                                  {
 302   1                                       position[0]-=3;
 303   1                                       position[2]-=1;
C51 COMPILER V8.05a   QIAOXIYANG                                                           09/09/2017 11:44:40 PAGE 6   

 304   1                                       position[3]+=3;
 305   1                                       position[5]+=1;
 306   1                                       position[12]+=3;
 307   1                                       position[14]-=3;
 308   1                                              delay1ms(5);
 309   1                                               PWM_24();
 310   1                        low_level_500u(70);
 311   1                                        
 312   1                                      }
 313   1                                         delay500ms(1);
 314   1      
 315   1                        for(i=0;i<2;i++)                         
 316   1                              {
 317   1                                for(j=0;j<20;j++)                         
 318   1                                  {
 319   1                                   position[13]+=4;
 320   1                                       position[14]+=4;
 321   1                                       position[16]-=5;
 322   1                                               PWM_24();
 323   1                                       low_level_500u(35);
 324   1                                      }
 325   1                                for(j=0;j<20;j++)                         
 326   1                                  {
 327   1                                   position[13]-=4;
 328   1                                       position[14]-=4;
 329   1                                       position[16]+=5;
 330   1                                               PWM_24();
 331   1                                       low_level_500u(35);
 332   1                                      }
 333   1                                          delay10ms(20);
 334   1                              }
 335   1      
 336   1                        for(i=0;i<2;i++)                         
 337   1                              {
 338   1                                for(j=0;j<20;j++)                         
 339   1                                  {
 340   1                                   position[12]-=4;
 341   1                                       position[15]-=4;
 342   1                                       position[16]+=5;
 343   1                                               PWM_24();
 344   1                                       low_level_500u(35);
 345   1                                      }
 346   1                                for(j=0;j<20;j++)                         
 347   1                                  {
 348   1                                   position[12]+=4;
 349   1                                       position[15]+=4;
 350   1                                       position[16]-=5;
 351   1                                               PWM_24();
 352   1                                       low_level_500u(35);
 353   1                                      }
 354   1                                          delay10ms(20);
 355   1                              }
 356   1                                for(j=0;j<20;j++)                         
 357   1                                  {
 358   1                                   position[12]-=4;
 359   1                                       position[15]-=4;
 360   1                                       position[16]+=5;
 361   1                                               PWM_24();
 362   1                                       low_level_500u(35);
 363   1                                      }
 364   1                       for(i=0;i<3;i++)                         
 365   1                         {
C51 COMPILER V8.05a   QIAOXIYANG                                                           09/09/2017 11:44:40 PAGE 7   

 366   1                            for(j=0;j<20;j++)                         
 367   1                                  {
 368   1                                   position[12]+=4;
 369   1                                       position[15]+=4;
 370   1                                       position[16]-=5;
 371   1                                               PWM_24();
 372   1                                       low_level_500u(35);
 373   1                                      }
 374   1                                for(j=0;j<20;j++)                         
 375   1                                  {
 376   1                                   position[13]+=4;
 377   1                                       position[14]+=4;
 378   1                                       position[16]-=5;
 379   1                                               PWM_24();
 380   1                                       low_level_500u(35);
 381   1                                      }
 382   1                                        
 383   1                                for(j=0;j<20;j++)                         
 384   1                                  {
 385   1                                   position[13]-=4;
 386   1                                       position[14]-=4;
 387   1                                       position[16]+=5;
 388   1                                               PWM_24();
 389   1                                       low_level_500u(35);
 390   1                                      }
 391   1                                for(j=0;j<20;j++)                         
 392   1                                  {
 393   1                                   position[12]-=4;
 394   1                                       position[15]-=4;
 395   1                                       position[16]+=5;
 396   1                                               PWM_24();
 397   1                                       low_level_500u(35);
 398   1                                      }
 399   1                                        
 400   1                 }
 401   1                            for(j=0;j<20;j++)                         
 402   1                                  {
 403   1                                   position[12]+=4;
 404   1                                       position[15]+=4;
 405   1                                       position[16]-=5;
 406   1                                               PWM_24();
 407   1                                       low_level_500u(35);
 408   1                                      }
 409   1                                         delay10ms(20);
 410   1                                for(j=0;j<30;j++)                         
 411   1                                  {
 412   1                                       position[0]+=3;
 413   1                                       position[2]+=1;
 414   1                                       position[3]-=3;
 415   1                                       position[5]-=1;
 416   1                                       position[6]+=3;
 417   1                                       position[7]-=3;
 418   1                                              delay10ms(1);
 419   1                                               PWM_24();
 420   1                        low_level_500u(70);
 421   1                                        
 422   1                                      }
 423   1                                         delay500ms(1);
 424   1                                 initial_position();  */
 425   1      }
 426          //#############################################################################
 427          // 函数名称：void  qiaoxiyang_3()
C51 COMPILER V8.05a   QIAOXIYANG                                                           09/09/2017 11:44:40 PAGE 8   

 428          // 函数说明：俏夕阳右踢腿
 429          // 入口参数：无
 430          // 出口参数：无
 431          //############################################################################# 
 432          void xiyang_3(void)
 433          { 
 434   1      /*             uchar j,i;
 435   1                            for(j=0;j<20;j++)                         
 436   1                                  {
 437   1                                       position[8]-=1;
 438   1                                       position[9]+=1;
 439   1                                       position[10]-=1;
 440   1                                       position[11]+=1;
 441   1                                               PWM_24();
 442   1                                       low_level_500u(60);
 443   1                                      }
 444   1                                         delay500ms(1);
 445   1                        for(i=0;i<2;i++)                         
 446   1                          {
 447   1                                for(j=0;j<20;j++)                         
 448   1                                  {
 449   1                                       position[3]+=2;
 450   1                                       position[4]-=4;
 451   1                                       position[5]-=2;
 452   1                                       position[6]-=4;
 453   1                                               PWM_24();
 454   1                                       low_level_500u(40);
 455   1                                      }
 456   1                                        delay10ms(1);
 457   1                                for(j=0;j<20;j++)                         
 458   1                                  {
 459   1                                       position[3]-=2;
 460   1                                       position[4]+=4;
 461   1                                       position[5]+=2;
 462   1                                       position[6]+=4;
 463   1                                               PWM_24();
 464   1                                       low_level_500u(40);
 465   1                                      }
 466   1                                        delay500ms(1);
 467   1                          }
 468   1                        for(i=0;i<3;i++)                         
 469   1                          {
 470   1                                for(j=0;j<20;j++)                         
 471   1                                  {
 472   1                                       position[3]+=2;
 473   1                                       position[4]-=4;
 474   1                                       position[5]-=2;
 475   1                                       position[6]-=4;
 476   1                                               PWM_24();
 477   1                                       low_level_500u(40);
 478   1                                      }
 479   1                                for(j=0;j<20;j++)                         
 480   1                                  {
 481   1                                       position[3]-=2;
 482   1                                       position[4]+=4;
 483   1                                       position[5]+=2;
 484   1                                       position[6]+=4;
 485   1                                               PWM_24();
 486   1                                       low_level_500u(40);
 487   1                                      }
 488   1                              }
 489   1                                   delay10ms(1);
C51 COMPILER V8.05a   QIAOXIYANG                                                           09/09/2017 11:44:40 PAGE 9   

 490   1                                for(j=0;j<20;j++)                         
 491   1                                  {
 492   1                                       position[8]+=1;
 493   1                                       position[9]-=1;
 494   1                                       position[10]+=1;
 495   1                                       position[11]-=1;
 496   1                                               PWM_24();
 497   1                                       low_level_500u(60);
 498   1                                      }
 499   1                                       delay500ms(1);
 500   1                                       initial_position();   */
 501   1      }
 502          //#############################################################################
 503          // 函数名称：void  qiaoxiyang_4()
 504          // 函数说明：俏夕阳摆手
 505          // 入口参数：无
 506          // 出口参数：无
 507          //############################################################################# 
 508          void xiyang_4(void)
 509          { 
 510   1      /*     uchar j,i;
 511   1               uint m,i1,i2;
 512   1               i1=part;
 513   1               i2=total;
 514   1                       m=180/(i2-1);
 515   1                      for(i=1;i<=(part-1);i++)                           
 516   1                          {
 517   1                          relative(0,0,0,0,0,0,0,0,0,0,0,0,(-1)*i*m,0,i*m,0,0,0,0,0,0,0);
 518   1                      p_to_p(15,15);
 519   1                              delay500ms(1);
 520   1                              }
 521   1                       
 522   1                        for(i=0;i<(total-part);i++)                           
 523   1                          {
 524   1                                for(j=0;j<11;j++)                           
 525   1                                  {
 526   1                                   position[12]-=0;
 527   1                                       position[14]+=0;
 528   1                                        PWM_24();
 529   1                                       low_level_500u(25);
 530   1                                  }
 531   1                                        delay500ms(1);
 532   1                          }   
 533   1                                m=180/(i2-1);
 534   1                                for(j=0;j<(total-1);j++)                           
 535   1                                  {
 536   1                                      if(j>=part)
 537   1                                     position[12]-=m;                         //若循环次数大于台数，则左肩抬起来。
 538   1                                  else
 539   1                                         position[12]-=0;                         //否则左肩不动
 540   1                                      
 541   1                                      if(part>total-j)
 542   1                                         position[14]-=m;                     //若台数大于总数减循环次数，则右肩放下
 543   1                                      else
 544   1                                         position[14]-=0;
 545   1                                          PWM_24();                                   //否则右肩不动
 546   1                                       low_level_500u(25);
 547   1                                       delay500ms(1);
 548   1                               
 549   1                                  } 
 550   1                                      
 551   1                                delay500ms(1);
C51 COMPILER V8.05a   QIAOXIYANG                                                           09/09/2017 11:44:40 PAGE 10  

 552   1                                 ForwardDelay();
 553   1                                for(j=0;j<77;j++)                         
 554   1                                  {
 555   1                                       position[12]+=2;
 556   1                                       position[14]+=2;
 557   1                                               PWM_24();
 558   1                                       low_level_500u(60);
 559   1                                      }       
 560   1                                       BackDelay();
 561   1                               /* for(j=0;j<5;j++)                         
 562   1                                  {
 563   1                                       position[12]-=18;
 564   1                                       position[14]-=13;
 565   1                                               PWM_24();
 566   1                                       low_level_500u(75);
 567   1                                      }  */
 568   1                                      
 569   1      /*                  relative(0,0,0,0,0,0,0,0,0,0,0,0,-88,0,88,0,0,0,0,0,0,0);
 570   1                      p_to_p(15,15);
 571   1                              
 572   1                         for(i=0;i<2;i++)                         
 573   1                           {
 574   1                                for(j=0;j<20;j++)                         
 575   1                                  {
 576   1                                       position[9]-=1;
 577   1                                       position[11]+=1;
 578   1                                       position[12]-=4;
 579   1                                       position[13]-=4;
 580   1                                       position[14]+=4;
 581   1                                       position[15]+=4;
 582   1                                               PWM_24();
 583   1                                       low_level_500u(60);
 584   1                                      }
 585   1                                        delay10ms(1);
 586   1                                for(j=0;j<20;j++)                         
 587   1                                  {
 588   1                                       position[9]+=1;
 589   1                                       position[11]-=1;
 590   1                                       position[12]+=4;
 591   1                                       position[13]+=4;
 592   1                                       position[14]-=4;
 593   1                                       position[15]-=4;
 594   1                                               PWM_24();
 595   1                                       low_level_500u(60);
 596   1                                      }
 597   1                                         delay10ms(20);
 598   1                           }
 599   1                      
 600   1                                    delay10ms(20);
 601   1                                for(j=0;j<50;j++)                         
 602   1                                  {
 603   1                                   position[6]-=1;
 604   1                                       position[7]+=1;
 605   1                                               PWM_24();
 606   1                                       low_level_500u(30);
 607   1                                      }
 608   1                                       UART1_PrintByte(0x99);
 609   1               
 610   1              if ((part%2)==1)
 611   1                       {
 612   1      
 613   1                                for(j=0;j<20;j++)                         
C51 COMPILER V8.05a   QIAOXIYANG                                                           09/09/2017 11:44:40 PAGE 11  

 614   1                                  {
 615   1                                   position[12]+=4;
 616   1                                       position[13]+=4;
 617   1                                       position[16]-=3;
 618   1                                               PWM_24();
 619   1                                       low_level_500u(50);
 620   1                                      }
 621   1                        for(i=0;i<5;i++)                         
 622   1                              {
 623   1                                for(j=0;j<8;j++)                         
 624   1                                  {
 625   1                                   position[8]+=1;
 626   1                                       position[9]-=1;
 627   1                                       position[10]+=1;
 628   1                                       position[11]-=1;
 629   1                                               PWM_24();
 630   1                                       low_level_500u(75);
 631   1                                      }
 632   1                                for(j=0;j<8;j++)                         
 633   1                                  {
 634   1                                   position[8]-=1;
 635   1                                       position[9]+=1;
 636   1                                       position[10]-=1;
 637   1                                       position[11]+=1;
 638   1                                               PWM_24();
 639   1                                       low_level_500u(75);
 640   1                                      }
 641   1                          }
 642   1                                for(j=0;j<20;j++)                         
 643   1                                  {
 644   1                                   position[12]-=4;
 645   1                                       position[13]-=4;
 646   1                                       position[14]-=4;
 647   1                                       position[15]-=4;
 648   1                                       position[16]+=6;
 649   1                                               PWM_24();
 650   1                                       low_level_500u(50);
 651   1                                      }
 652   1                        for(i=0;i<5;i++)                         
 653   1                              {
 654   1                                for(j=0;j<8;j++)                         
 655   1                                  {
 656   1                                   position[8]-=1;
 657   1                                       position[9]+=1;
 658   1                                       position[10]-=1;
 659   1                                       position[11]+=1;
 660   1                                               PWM_24();
 661   1                                       low_level_500u(75);
 662   1                                      }
 663   1                                for(j=0;j<8;j++)                         
 664   1                                  {
 665   1                                   position[8]+=1;
 666   1                                       position[9]-=1;
 667   1                                       position[10]+=1;
 668   1                                       position[11]-=1;
 669   1                                               PWM_24();
 670   1                                       low_level_500u(75);
 671   1                                      }
 672   1                          }
 673   1                                for(j=0;j<10;j++)                         
 674   1                                  {
 675   1                                   position[12]+=9;
C51 COMPILER V8.05a   QIAOXIYANG                                                           09/09/2017 11:44:40 PAGE 12  

 676   1                                       position[14]-=1;
 677   1                                       position[15]+=8;
 678   1                                       position[16]-=6;
 679   1                                               PWM_24();
 680   1                                       low_level_500u(70);
 681   1                                      }
 682   1                      }
 683   1      
 684   1                 else
 685   1                      {
 686   1                            for(j=0;j<20;j++)                         
 687   1                                  {
 688   1                                   position[14]-=4;
 689   1                                       position[15]-=4;
 690   1                                       position[16]+=3;
 691   1                                               PWM_24();
 692   1                                       low_level_500u(50);
 693   1                                      }
 694   1                        for(i=0;i<5;i++)                         
 695   1                              {
 696   1                                for(j=0;j<8;j++)                         
 697   1                                  {
 698   1                                   position[8]-=1;
 699   1                                       position[9]+=1;
 700   1                                       position[10]-=1;
 701   1                                       position[11]+=1;
 702   1                                               PWM_24();
 703   1                                       low_level_500u(75);
 704   1                                      }
 705   1                                for(j=0;j<8;j++)                         
 706   1                                  {
 707   1                                   position[8]+=1;
 708   1                                       position[9]-=1;
 709   1                                       position[10]+=1;
 710   1                                       position[11]-=1;
 711   1                                               PWM_24();
 712   1                                       low_level_500u(75);
 713   1                                      }
 714   1                          }
 715   1                                for(j=0;j<20;j++)                         
 716   1                                  {
 717   1                                   position[12]+=4;
 718   1                                       position[13]+=4;
 719   1                                       position[14]+=4;
 720   1                                       position[15]+=4;
 721   1                                       position[16]-=6;
 722   1                                               PWM_24();
 723   1                                       low_level_500u(50);
 724   1                                      }
 725   1                        for(i=0;i<5;i++)                         
 726   1                              {
 727   1                                for(j=0;j<8;j++)                         
 728   1                                  {
 729   1                                   position[8]+=1;
 730   1                                       position[9]-=1;
 731   1                                       position[10]+=1;
 732   1                                       position[11]-=1;
 733   1                                               PWM_24();
 734   1                                       low_level_500u(75);
 735   1                                      }
 736   1                                for(j=0;j<8;j++)                         
 737   1                                  {
C51 COMPILER V8.05a   QIAOXIYANG                                                           09/09/2017 11:44:40 PAGE 13  

 738   1                                   position[8]-=1;
 739   1                                       position[9]+=1;
 740   1                                       position[10]-=1;
 741   1                                       position[11]+=1;
 742   1                                               PWM_24();
 743   1                                       low_level_500u(75);
 744   1                                      }
 745   1                          }
 746   1                                for(j=0;j<10;j++)                         
 747   1                                  {
 748   1                                       position[12]+=1;
 749   1                                   position[13]-=8;
 750   1                                       position[14]-=9;
 751   1                                       position[16]+=6;
 752   1                                               PWM_24();
 753   1                                       low_level_500u(70);
 754   1                                      }
 755   1                      }
 756   1                            for(j=0;j<50;j++)                         
 757   1                                  {
 758   1                                   position[6]+=1;
 759   1                                       position[7]-=1;
 760   1                                               PWM_24();
 761   1                                       low_level_500u(30);
 762   1                                      }
 763   1                                
 764   1                                 delay500ms(1); 
 765   1                                 initial_position();  */
 766   1      }
 767          //#############################################################################
 768          // 函数名称：void  qiaoxiyang_5()
 769          // 函数说明：俏夕阳佐踢腿
 770          // 入口参数：无
 771          // 出口参数：无
 772          //############################################################################# 
 773          
 774          void xiyang_5(void)
 775          { 
 776   1                   uchar j,i;
 777   1                                for(j=0;j<20;j++)                         
 778   1                                  {
 779   2                                       position[8]+=1;
 780   2                                       position[9]-=1;
 781   2                                       position[10]+=1;
 782   2                                       position[11]-=1;
 783   2                                               PWM_24();
 784   2                                       low_level_500u(60);
 785   2                                      }
 786   1                                         delay10ms(20);
 787   1                                         ForwardDelay();
 788   1                                          ForwardDelay();
 789   1                                               ForwardDelay();
 790   1                                               ForwardDelay();
 791   1                                          ForwardDelay();
 792   1                                               ForwardDelay();
 793   1                                               ForwardDelay();
 794   1                                               ForwardDelay();
 795   1                        for(i=0;i<2;i++)                         
 796   1                          {
 797   2                                for(j=0;j<20;j++)                         
 798   2                                  {
 799   3                                       position[0]-=2;
C51 COMPILER V8.05a   QIAOXIYANG                                                           09/09/2017 11:44:40 PAGE 14  

 800   3                                       position[1]+=4;
 801   3                                       position[2]+=2;
 802   3                                       position[7]+=4;
 803   3                                               PWM_24();
 804   3                                       low_level_500u(40);
 805   3                                      }
 806   2                                        delay10ms(1);
 807   2                                for(j=0;j<20;j++)                         
 808   2                                  {
 809   3                                       position[0]+=2;
 810   3                                       position[1]-=4;
 811   3                                       position[2]-=2;
 812   3                                       position[7]-=4;
 813   3                                               PWM_24();
 814   3                                       low_level_500u(40);
 815   3                                      }
 816   2                                        delay500ms(1);
 817   2                          }
 818   1                                   BackDelay();
 819   1                                       BackDelay();
 820   1                                       BackDelay();
 821   1                                       BackDelay();
 822   1                                       BackDelay();
 823   1                                       BackDelay();
 824   1                                       BackDelay();
 825   1                                       BackDelay();
 826   1                        for(i=0;i<3;i++)                         
 827   1                          {
 828   2                                for(j=0;j<20;j++)                         
 829   2                                  {
 830   3                                       position[0]-=2;
 831   3                                       position[1]+=4;
 832   3                                       position[2]+=2;
 833   3                                       position[7]+=4;
 834   3                                               PWM_24();
 835   3                                       low_level_500u(40);
 836   3                                      }
 837   2                                for(j=0;j<20;j++)                         
 838   2                                  {
 839   3                                       position[0]+=2;
 840   3                                       position[1]-=4;
 841   3                                       position[2]-=2;
 842   3                                       position[7]-=4;
 843   3                                               PWM_24();
 844   3                                       low_level_500u(40);
 845   3                                      }
 846   2                              }
 847   1                                   delay10ms(1);
 848   1                                for(j=0;j<20;j++)                         
 849   1                                  {
 850   2                                       position[8]-=1;
 851   2                                       position[9]+=1;
 852   2                                       position[10]-=1;
 853   2                                       position[11]+=1;
 854   2                                               PWM_24();
 855   2                                       low_level_500u(60);
 856   2                                      }
 857   1                                      delay500ms(1);
 858   1                                      initial_position(); 
 859   1      }
 860          //#############################################################################
 861          // 函数名称：void qiaoxiyang_6()
C51 COMPILER V8.05a   QIAOXIYANG                                                           09/09/2017 11:44:40 PAGE 15  

 862          // 函数说明：俏夕阳上下手
 863          // 入口参数：无
 864          // 出口参数：无
 865          //############################################################################# 
 866          
 867          void xiyang_6(void)
 868          { 
 869   1                   uchar j,i,k,l;
 870   1                                for(j=0;j<30;j++)                         
 871   1                                  {
 872   2                                       position[12]-=3;
 873   2                                       position[14]+=3;
 874   2                                               PWM_24();
 875   2                                       low_level_500u(40);
 876   2                                      }
 877   1                                for(j=0;j<25;j++)                         
 878   1                                  {
 879   2                                       position[13]-=4;
 880   2                                       position[15]-=4;
 881   2                                               PWM_24();
 882   2                                       low_level_500u(40);
 883   2                                      }
 884   1                                         delay10ms(20);
 885   1                        for(i=0;i<2;i++)                         
 886   1                          {
 887   2                                for(j=0;j<8;j++)                         
 888   2                                  {
 889   3                                       position[8]-=1;
 890   3                                       position[9]+=1;
 891   3                                       position[10]-=1;
 892   3                                       position[11]+=1;
 893   3                                       position[12]-=7;
 894   3                                       position[13]+=7;
 895   3                                       position[14]-=7;
 896   3                                       position[15]+=7;
 897   3                                       position[16]+=5;
 898   3                                               PWM_24();
 899   3                                       low_level_500u(70);
 900   3                                      }
 901   2                                         delay10ms(1);
 902   2                                for(j=0;j<8;j++)                         
 903   2                                  {
 904   3                                       position[8]+=1;
 905   3                                       position[9]-=1;
 906   3                                       position[10]+=1;
 907   3                                       position[11]-=1;
 908   3                                       position[12]+=7;
 909   3                                       position[13]-=7;
 910   3                                       position[14]+=7;
 911   3                                       position[15]-=7;
 912   3                                       position[16]-=5;
 913   3                                               PWM_24();
 914   3                                       low_level_500u(70);
 915   3                                      }
 916   2                                      delay500ms(1);
 917   2                      }
 918   1                                for(j=0;j<50;j++)                         
 919   1                                  {
 920   2                                       position[13]+=4;
 921   2                                       position[15]+=4;
 922   2                                               PWM_24();
 923   2                                       low_level_500u(40);
C51 COMPILER V8.05a   QIAOXIYANG                                                           09/09/2017 11:44:40 PAGE 16  

 924   2                                      }
 925   1                        for(i=0;i<2;i++)                         
 926   1                          {
 927   2                                for(j=0;j<8;j++)                         
 928   2                                  {
 929   3                                       position[8]+=1;
 930   3                                       position[9]-=1;
 931   3                                       position[10]+=1;
 932   3                                       position[11]-=1;
 933   3                                       position[12]+=7;
 934   3                                       position[13]-=7;
 935   3                                       position[14]+=7;
 936   3                                       position[15]-=7;
 937   3                                       position[16]-=5;
 938   3                                               PWM_24();
 939   3                                       low_level_500u(70);
 940   3                                      }
 941   2                                         delay10ms(1);
 942   2                                for(j=0;j<8;j++)                         
 943   2                                  {
 944   3                                       position[8]-=1;
 945   3                                       position[9]+=1;
 946   3                                       position[10]-=1;
 947   3                                       position[11]+=1;
 948   3                                       position[12]-=7;
 949   3                                       position[13]+=7;
 950   3                                       position[14]-=7;
 951   3                                       position[15]+=7;
 952   3                                       position[16]+=5;
 953   3                                               PWM_24();
 954   3                                       low_level_500u(70);
 955   3                                      }
 956   2                                      delay500ms(1);
 957   2                      }
 958   1                                for(j=0;j<10;j++)                         
 959   1                                  {
 960   2                                       position[7]+=19;
 961   2                                       position[13]-=10;
 962   2                                       position[15]-=10;
 963   2                                               PWM_24();
 964   2                                       low_level_500u(70);
 965   2                                      }
 966   1                                        delay500ms(1);
 967   1                                  k=4;
 968   1                        for(i=0;i<4;i++)                         
 969   1                              {  
 970   2                                for(j=0;j<8;j++)                         
 971   2                                  {
 972   3                                       position[8]+=1;
 973   3                                       position[9]-=1;
 974   3                                       position[10]+=1;
 975   3                                       position[11]-=1;
 976   3                                       position[12]+=k;
 977   3                                       position[14]-=k;
 978   3                                               PWM_24();
 979   3                                       low_level_500u(70);
 980   3                                      }
 981   2                                       delay10ms(1);
 982   2                                for(j=0;j<8;j++)                         
 983   2                                  {
 984   3                                       position[8]-=1;
 985   3                                       position[9]+=1;
C51 COMPILER V8.05a   QIAOXIYANG                                                           09/09/2017 11:44:40 PAGE 17  

 986   3                                       position[10]-=1;
 987   3                                       position[11]+=1;
 988   3                                       position[12]-=k;
 989   3                                       position[14]+=k;
 990   3                                               PWM_24();
 991   3                                       low_level_500u(70);
 992   3                                      }
 993   2                                      delay10ms(20);
 994   2                                      k=k+2;
 995   2                              }
 996   1                                for(j=0;j<10;j++)                         
 997   1                                  {
 998   2                                       position[6]-=19;
 999   2                                       position[7]-=19;
1000   2                                               PWM_24();
1001   2                                       low_level_500u(70);
1002   2                                      }
1003   1                                        delay10ms(20);
1004   1                                  l=4;
1005   1                        for(i=0;i<4;i++)                         
1006   1                              {  
1007   2                                for(j=0;j<8;j++)                         
1008   2                                  {
1009   3                                       position[8]-=1;
1010   3                                       position[9]+=1;
1011   3                                       position[10]-=1;
1012   3                                       position[11]+=1;
1013   3                                       position[12]+=l;
1014   3                                       position[14]-=l;
1015   3                                       position[16]+=5;
1016   3                                               PWM_24();
1017   3                                       low_level_500u(70);
1018   3                                      }
1019   2                                       delay10ms(1);
1020   2                                for(j=0;j<8;j++)                         
1021   2                                  {
1022   3                                       position[8]+=1;
1023   3                                       position[9]-=1;
1024   3                                       position[10]+=1;
1025   3                                       position[11]-=1;
1026   3                                       position[12]-=l;
1027   3                                       position[14]+=l;
1028   3                                       position[16]-=5;
1029   3                                               PWM_24();
1030   3                                       low_level_500u(70);
1031   3                                      }
1032   2                                      delay10ms(20);   
1033   2                                      l=l+2;
1034   2                              }
1035   1                                for(j=0;j<10;j++)                         
1036   1                                  {
1037   2                                       position[7]+=19;
1038   2                                               PWM_24();
1039   2                                       low_level_500u(70);
1040   2                                      }
1041   1                                        delay10ms(20);
1042   1                        for(i=0;i<3;i++)                         
1043   1                          {
1044   2                                for(j=0;j<10;j++)                         
1045   2                                  {
1046   3                                       position[12]+=10;
1047   3                                       position[13]+=5;
C51 COMPILER V8.05a   QIAOXIYANG                                                           09/09/2017 11:44:40 PAGE 18  

1048   3                                       position[14]-=10;
1049   3                                       position[15]-=5;
1050   3                                            PWM_24();
1051   3                        low_level_500u(70);
1052   3                                      }
1053   2                                        delay10ms(1);
1054   2                                for(j=0;j<10;j++)                         
1055   2                                  {
1056   3                                       position[12]-=10;
1057   3                                       position[13]-=5;
1058   3                                       position[14]+=10;
1059   3                                       position[15]+=5;
1060   3                                             PWM_24();
1061   3                        low_level_500u(70);
1062   3                                      }
1063   2                                          delay10ms(20);
1064   2                              }
1065   1                                for(j=0;j<10;j++)                         
1066   1                                  {
1067   2                                       position[6]+=19;
1068   2                                       position[7]-=19;
1069   2                                               PWM_24();
1070   2                                       low_level_500u(70);
1071   2                                      }
1072   1                                      delay10ms(20);
1073   1                                for(j=0;j<30;j++)                         
1074   1                                  {
1075   2                                       position[12]+=3;
1076   2                                       position[14]-=3;
1077   2                                               PWM_24();
1078   2                                       low_level_500u(70);
1079   2                                      }
1080   1                                      delay500ms(1); 
1081   1                                              initial_position();
1082   1                                     
1083   1      }
1084          //#############################################################################
1085          // 函数名称：void qiaoxiyang_xiao7()
1086          // 函数说明：俏夕阳前夕阳
1087          // 入口参数：无
1088          // 出口参数：无
1089          //############################################################################# 
1090          
1091          void xiyang_xiao7(uchar sudu1)
1092          {
1093   1                    uchar i;
1094   1      
1095   1                for(i=0;i<50;i++)
1096   1                          {  
1097   2                             position[6]-=4;             
1098   2                                 position[7]+=4;              
1099   2                                        PWM_24();
1100   2                                       low_level_500u(sudu1);
1101   2                              
1102   2                  }
1103   1                        for(i=0;i<50;i++)
1104   1                          {  
1105   2                                 position[6]+=4;             
1106   2                                 position[7]-=4;              
1107   2                                  PWM_24();
1108   2                              low_level_500u(sudu1);
1109   2                  }
C51 COMPILER V8.05a   QIAOXIYANG                                                           09/09/2017 11:44:40 PAGE 19  

1110   1               
1111   1                          
1112   1      }
1113          //#############################################################################
1114          // 函数名称：void qiaoxiyang_7()
1115          // 函数说明：俏夕阳前夕阳
1116          // 入口参数：无
1117          // 出口参数：无
1118          //############################################################################# 
1119          
1120          void xiyang_7(void)
1121          {
1122   1                    uchar k,i,j;
1123   1                   for(i=0;i<15;i++)
1124   1                             {   
1125   2                                  position[12]--;            
1126   2                                  position[14]++;       
1127   2                                       PWM_24();      
1128   2                                    low_level_500u(50);
1129   2                     }
1130   1             for(k=0;k<3;k++)
1131   1               {
1132   2                       for(i=0;i<10;i++)
1133   2                             {
1134   3                      position[8]--;           
1135   3                                  position[9]--;           
1136   3                      position[10]--;         
1137   3                                  position[11]--;          
1138   3                      position[12]++;                                     
1139   3                      position[14]++;       
1140   3                                       PWM_24();    
1141   3                                  low_level_500u(70);
1142   3                                 }
1143   2                       for(i=0;i<20;i++)
1144   2                             {
1145   3                                  position[8]++;           
1146   3                                  position[9]++;            
1147   3      
1148   3                      position[10]++;          
1149   3                                  position[11]++;         
1150   3      
1151   3                      position[12]--;           
1152   3                                  
1153   3                      position[14]--;       
1154   3                                       PWM_24();    
1155   3                       low_level_500u(70);
1156   3                                 }
1157   2                       for(i=0;i<10;i++)
1158   2                             {
1159   3                                  position[8]--;            
1160   3                                  position[9]--;            
1161   3                      position[10]--;          
1162   3                                  position[11]--;          
1163   3                      position[12]++;                                     
1164   3                      position[14]++;       
1165   3                                       PWM_24();     
1166   3                                   low_level_500u(70);
1167   3                                 }
1168   2                }
1169   1                 for(i=0;i<15;i++)
1170   1                            {  
1171   2                                 position[12]++;             
C51 COMPILER V8.05a   QIAOXIYANG                                                           09/09/2017 11:44:40 PAGE 20  

1172   2                                 position[14]--;        
1173   2                                  PWM_24();     
1174   2                                 low_level_500u(50);
1175   2                    }
1176   1      
1177   1                        for(i=0;i<95;i++)
1178   1                          {  
1179   2                                 position[12]--;
1180   2                             position[14]++;
1181   2                                  PWM_24();
1182   2                             low_level_500u(25);
1183   2                  }
1184   1      
1185   1                                xiyang_xiao7(50);
1186   1                                xiyang_xiao7(40);
1187   1                                xiyang_xiao7(30);
1188   1                                  delay10ms(20);
1189   1               for(j=0;j<2;j++)
1190   1                 {
1191   2                      if((part%2)==1)
1192   2                        {
1193   3      
1194   3                              for(i=0;i<8;i++)
1195   3                            {
1196   4                     position[8]-=1;              
1197   4                                 position[9]+=1;             
1198   4                                 position[10]-=1;            
1199   4                                 position[11]+=1;       
1200   4                                  PWM_24();     
1201   4                      low_level_500u(40);
1202   4                             }                
1203   3                                   delay10ms(1);
1204   3                              for(i=0;i<20;i++)
1205   3                            {
1206   4                     position[0]-=3;              
1207   4                                 position[1]+=6;
1208   4                                 position[2]+=3;             
1209   4                                 position[10]-=2;            
1210   4                                 position[11]+=2;       
1211   4                                  PWM_24();     
1212   4                      low_level_500u(70);
1213   4                      
1214   4                            }
1215   3                                   delay500ms(1);
1216   3                              for(i=0;i<20;i++)
1217   3                            {
1218   4                     position[0]+=3;              
1219   4                                 position[1]-=6;
1220   4                                 position[2]-=3;             
1221   4                                 position[10]+=2;            
1222   4                                 position[11]-=2;       
1223   4                                  PWM_24();     
1224   4                      low_level_500u(70);
1225   4                             }
1226   3                                   delay10ms(1);
1227   3                              for(i=0;i<8;i++)
1228   3                            {
1229   4                     position[8]+=1;              
1230   4                                 position[9]-=1;             
1231   4                                 position[10]+=1;            
1232   4                                 position[11]-=1;       
1233   4                                  PWM_24();     
C51 COMPILER V8.05a   QIAOXIYANG                                                           09/09/2017 11:44:40 PAGE 21  

1234   4                      low_level_500u(40);
1235   4                             }
1236   3                                   
1237   3                        }
1238   2                      
1239   2                      else
1240   2      
1241   2                        {
1242   3                  for(i=0;i<8;i++)
1243   3                            {
1244   4                     position[8]+=1;              
1245   4                                 position[9]-=1;             
1246   4                                 position[10]+=1;            
1247   4                                 position[11]-=1;       
1248   4                                  PWM_24();     
1249   4                      low_level_500u(40);
1250   4                             }                
1251   3                                   delay10ms(1);
1252   3                              for(i=0;i<20;i++)
1253   3                            {
1254   4                     position[3]+=3;              
1255   4                                 position[4]-=6;
1256   4                                 position[5]-=3;             
1257   4                                 position[8]+=2;            
1258   4                                 position[9]-=2;        
1259   4                                  PWM_24();   
1260   4                      low_level_500u(70);
1261   4                      
1262   4                            }
1263   3                                   delay500ms(1);
1264   3                              for(i=0;i<20;i++)
1265   3                            {
1266   4                     position[3]-=3;              
1267   4                                 position[4]+=6;
1268   4                                 position[5]+=3;             
1269   4                                 position[8]-=2;            
1270   4                                 position[9]+=2;        
1271   4                                  PWM_24();    
1272   4                      low_level_500u(70);
1273   4                             }
1274   3                                   delay10ms(1);
1275   3                              for(i=0;i<8;i++)
1276   3                            {
1277   4                     position[8]-=1;              
1278   4                                 position[9]+=1;             
1279   4                                 position[10]-=1;            
1280   4                                 position[11]+=1;    
1281   4                                  PWM_24();        
1282   4                      low_level_500u(40);
1283   4                             }
1284   3                                    
1285   3                         }
1286   2                           part++;
1287   2                      }
1288   1                   part-=2;
1289   1                        for(j=0;j<5;j++)                           
1290   1                              {
1291   2                                for(i=0;i<1;i++)                           
1292   2                                  {
1293   3                                   position[13]+=19;
1294   3                                       position[15]-=19;
1295   3                                        PWM_24();
C51 COMPILER V8.05a   QIAOXIYANG                                                           09/09/2017 11:44:40 PAGE 22  

1296   3                                       low_level_500u(50);
1297   3                                  }
1298   2                                         delay500ms(1);
1299   2                               }
1300   1      
1301   1                                for(i=0;i<19;i++)                           
1302   1                                  {
1303   2                                   position[12]+=5;
1304   2                                       position[13]-=5;
1305   2                                       position[14]-=5;
1306   2                                       position[15]+=5;
1307   2                                        PWM_24();
1308   2                                       low_level_500u(40);
1309   2                                  }
1310   1                                        delay500ms(1);
1311   1                      initial_position();             
1312   1      }
1313          //#############################################################################
1314          // 函数名称：void qiaoxiyang_8()
1315          // 函数说明：俏夕阳bye bye
1316          // 入口参数：无
1317          // 出口参数：无
1318          //############################################################################# 
1319          
1320          void xiyang_8(void)
1321          {
1322   1       
1323   1            uchar i;
1324   1         
1325   1                  for(i=0;i<20;i++)
1326   1                            {
1327   2                                 position[7]+=3;  
1328   2                         position[15]-=3;
1329   2                     position[14]--;
1330   2                                  PWM_24();
1331   2                                 low_level_500u(40);
1332   2                        }
1333   1                                
1334   1                      for(i=0;i<30;i++)
1335   1                            {
1336   2                                 position[0]--;             
1337   2                                 position[3]++;      
1338   2                                  PWM_24();         
1339   2                                 low_level_500u(40);
1340   2                            }
1341   1                                delay1s(1);
1342   1      
1343   1                      for(i=0;i<30;i++)
1344   1                            {
1345   2                                 position[0]++;             
1346   2                                 position[3]--;      
1347   2                                  PWM_24();       
1348   2                                 low_level_500u(40);
1349   2                            }
1350   1                      for(i=0;i<20;i++)
1351   1                            {
1352   2                                 position[7]-=3;  
1353   2                                 position[15]+=3;
1354   2                                 position[14]++;
1355   2                                  PWM_24();
1356   2                                 low_level_500u(40);
1357   2                            }
C51 COMPILER V8.05a   QIAOXIYANG                                                           09/09/2017 11:44:40 PAGE 23  

1358   1                              initial_position();
1359   1      }
1360          //#############################################################################
1361          // 函数名称：void qiaoxiyang_9()
1362          // 函数说明：俏夕阳平移 1
1363          // 入口参数：无
1364          // 出口参数：无
1365          //############################################################################# 
1366          void xiyang_9(void)
1367          {
1368   1                 uchar j,i;
1369   1                          for(i=0;i<50;i++)
1370   1                            {
1371   2                                 position[0]--;              //左腿下蹲
1372   2                                 position[1]+=2;             
1373   2                                 position[2]++;               
1374   2                                 
1375   2                     position[3]++;              //右腿下蹲
1376   2                                 position[4]-=2;              
1377   2                                 position[5]--;      
1378   2                                  PWM_24();         
1379   2                                 low_level_500u(50);
1380   2                                }
1381   1               for(j=0;j<3;j++) 
1382   1                 {
1383   2                       for(i=0;i<15;i++)                   //向右侧身
1384   2                         {
1385   3                              position[8]-=1;            
1386   3                              position[9]+=1;            
1387   3      
1388   3                  position[10]-=1;           
1389   3                              position[11]+=1;           
1390   3      
1391   3                          position[13]-=4;
1392   3                  position[15]+=4;
1393   3                               PWM_24();
1394   3                  low_level_500u(50);
1395   3                         }  
1396   2               for(i=0;i<10;i++)                 
1397   2                         {
1398   3                  position[3]+=1;                    
1399   3                              position[4]-=2;               
1400   3                              position[5]-=1;               
1401   3                              position[10]-=1;              
1402   3                              position[11]+=1;              
1403   3      
1404   3                              position[13]-=3;
1405   3                  position[15]+=3;
1406   3                     PWM_24();
1407   3                              low_level_500u(50);
1408   3                         }
1409   2      
1410   2                   for(i=0;i<10;i++)                
1411   2                         {
1412   3                  position[3]-=1;              
1413   3                              position[4]+=2;
1414   3                              position[5]+=1;
1415   3                              position[10]-=1;               
1416   3                              position[11]+=1;              
1417   3      
1418   3                              position[13]-=2;
1419   3                  position[15]+=2;
C51 COMPILER V8.05a   QIAOXIYANG                                                           09/09/2017 11:44:40 PAGE 24  

1420   3                     PWM_24();
1421   3                              low_level_500u(50);
1422   3                         }
1423   2      // ┈┈┈┈┈┈┈┈┈┈┈┈┈┈┈┈┈┈┈┈┈┈┈┈┈┈┈┈┈┈┈┈┈┈┈┈┈┈┈
1424   2                       for(i=0;i<50;i++)             
1425   2                         {
1426   3                              position[8]+=1;            
1427   3                              position[9]-=1;            
1428   3      
1429   3                  position[10]+=1;           
1430   3                              position[11]-=1;                          
1431   3      
1432   3                          position[13]++;
1433   3                  position[15]--;
1434   3      
1435   3                      position[12]--;
1436   3                          position[14]++;
1437   3                                  PWM_24();
1438   3                              low_level_500u(50);
1439   3                         }
1440   2                   for(i=0;i<20;i++)             
1441   2                         {
1442   3                              position[8]-=1;            
1443   3                              position[9]+=1;            
1444   3                      
1445   3                  position[13]+=2;
1446   3                  position[15]-=2;
1447   3      
1448   3                              position[12]-=2;
1449   3                          position[14]+=2;
1450   3                                       PWM_24();
1451   3                              low_level_500u(50);
1452   3                         }
1453   2                   for(i=0;i<15;i++)                   //向右侧身
1454   2                         {
1455   3                              position[8]-=1;            
1456   3                              position[9]+=1;            
1457   3      
1458   3                  position[10]-=1;           
1459   3                              position[11]+=1;           
1460   3                              
1461   3                      position[13]+=1;
1462   3                  position[15]-=1;
1463   3      
1464   3                              position[12]-=1;
1465   3                          position[14]+=1;
1466   3      
1467   3                  if((i%3)==0)
1468   3                                {
1469   4                                 position[13]++;
1470   4                     position[15]--;
1471   4      
1472   4                                 position[12]--;
1473   4                             position[14]++;
1474   4                                }
1475   3                      PWM_24();
1476   3                                low_level_500u(50);
1477   3                          }
1478   2      
1479   2      
1480   2               for(i=0;i<55;i++)                   
1481   2                         {
C51 COMPILER V8.05a   QIAOXIYANG                                                           09/09/2017 11:44:40 PAGE 25  

1482   3                          position[12]+=2;
1483   3                          position[14]-=2;
1484   3                               PWM_24();
1485   3                          low_level_500u(50);
1486   3                 }
1487   2                 }
1488   1                       for(i=0;i<50;i++)
1489   1                             {
1490   2                                  position[0]++;             //左褪起立
1491   2                                  position[1]-=2;            
1492   2                                  position[2]--;             
1493   2      
1494   2                      position[3]--;             //右腿起立
1495   2                                  position[4]+=2;           
1496   2                                  position[5]++;     
1497   2                                       PWM_24();       
1498   2                                   low_level_500u(50);                
1499   2                                 }
1500   1                                   delay10ms(20);
1501   1                                       initial_position();
1502   1      }
1503          //#############################################################################
1504          // 函数名称：void qiaoxiyang_10()
1505          // 函数说明：俏夕阳平移2        
1506          // 入口参数：无
1507          // 出口参数：无
1508          //############################################################################# 
1509          
1510          void xiyang_10(void)
1511          {
1512   1                 uchar j,i;
1513   1                          for(i=0;i<50;i++)
1514   1                            {
1515   2                                 position[0]--;              //左腿下蹲
1516   2                                 position[1]+=2;             
1517   2                                 position[2]++;               
1518   2                                 
1519   2                     position[3]++;              //右腿下蹲
1520   2                                 position[4]-=2;              
1521   2                                 position[5]--;      
1522   2                                  PWM_24();         
1523   2                                 low_level_500u(50);
1524   2                                }
1525   1                    
1526   1               for(j=0;j<3;j++) 
1527   1                 {
1528   2                       for(i=0;i<15;i++)             //向右侧身
1529   2                         {
1530   3                              position[8]+=1;           
1531   3                              position[9]-=1;           
1532   3                              
1533   3                  position[10]+=1;           
1534   3                              position[11]-=1;           
1535   3      
1536   3                          position[13]-=4;
1537   3                  position[15]+=4;
1538   3                               PWM_24();
1539   3                  low_level_500u(50);
1540   3                         }  
1541   2               for(i=0;i<10;i++)                 
1542   2                         {
1543   3                  position[0]-=1;                    
C51 COMPILER V8.05a   QIAOXIYANG                                                           09/09/2017 11:44:40 PAGE 26  

1544   3                              position[1]+=2;               
1545   3                              position[2]+=1;               
1546   3                              position[8]+=1;               
1547   3                              position[9]-=1;               
1548   3                  position[13]-=3;
1549   3                  position[15]+=3;
1550   3                               PWM_24();
1551   3                  low_level_500u(50);
1552   3                         }
1553   2      
1554   2                   for(i=0;i<10;i++)                
1555   2                         {
1556   3                  position[0]+=1;               
1557   3                              position[1]-=2;
1558   3                              position[2]-=1;
1559   3                              position[8]+=1;               
1560   3                              position[9]-=1;
1561   3                              position[13]-=2;
1562   3                  position[15]+=2;
1563   3                               PWM_24();
1564   3                  low_level_500u(50);
1565   3                         }
1566   2      //---------------------------------------------------------------------------------
1567   2               for(i=0;i<50;i++)             
1568   2                         {
1569   3                              position[8]-=1;            
1570   3                              position[9]+=1;            
1571   3      
1572   3                  position[10]-=1;           
1573   3                              position[11]+=1;                          
1574   3      
1575   3                          position[13]++;
1576   3                  position[15]--;
1577   3      
1578   3                      position[12]--;
1579   3                          position[14]++;
1580   3                               PWM_24();
1581   3                  low_level_500u(50);
1582   3                         }
1583   2                   for(i=0;i<20;i++)             
1584   2                         {
1585   3                              position[10]+=1;            
1586   3                              position[11]-=1;            
1587   3                                              
1588   3                  position[13]+=2;
1589   3                  position[15]-=2;
1590   3      
1591   3                              position[12]-=2;
1592   3                          position[14]+=2;
1593   3                                       PWM_24();
1594   3                              low_level_500u(50);
1595   3                         }
1596   2                   for(i=0;i<15;i++)             //向右侧身
1597   2                         {
1598   3                              position[8]+=1;           
1599   3                              position[9]-=1;           
1600   3      
1601   3                  position[10]+=1;          
1602   3                              position[11]-=1;          
1603   3      
1604   3                      position[13]+=1;
1605   3                  position[15]-=1;
C51 COMPILER V8.05a   QIAOXIYANG                                                           09/09/2017 11:44:40 PAGE 27  

1606   3      
1607   3                              position[12]-=1;
1608   3                          position[14]+=1;
1609   3      
1610   3                  if((i%3)==0)
1611   3                                {
1612   4                                 position[13]++;
1613   4                     position[15]--;
1614   4      
1615   4                                 position[12]--;
1616   4                             position[14]++;
1617   4                                }
1618   3                      PWM_24();
1619   3                                 low_level_500u(50);
1620   3                        }
1621   2      
1622   2      
1623   2                for(i=0;i<55;i++)                   
1624   2                          {
1625   3                           position[12]+=2;
1626   3                           position[14]-=2;
1627   3                                PWM_24();
1628   3                           low_level_500u(50);
1629   3                  }
1630   2              
1631   2              }
1632   1      
1633   1                               for(i=0;i<50;i++)
1634   1                             {
1635   2                                  position[0]++;             //左褪起立
1636   2                                  position[1]-=2;            
1637   2                                  position[2]--;             
1638   2      
1639   2                      position[3]--;             //右腿起立
1640   2                                  position[4]+=2;           
1641   2                                  position[5]++;     
1642   2                                       PWM_24();       
1643   2                                   low_level_500u(50);                
1644   2                                 }
1645   1                                   delay10ms(20);
1646   1                                       initial_position();
1647   1      }
1648          //#############################################################################
1649          // 函数名称：void  qiaoxiyang()
1650          // 函数说明：俏夕阳
1651          // 入口参数：无
1652          // 出口参数：无
1653          //############################################################################# 
1654          void qiaoxiyang(void)
1655          {                   
1656   1                           xiyang_6();
1657   1                               xiyang_4();
1658   1                               xiyang_3();
1659   1                               xiyang_5();
1660   1                               xiyang_2();
1661   1                               xiyang_9();
1662   1                               xiyang_1();
1663   1                               xiyang_7();
1664   1                               xiyang_10();
1665   1                               xiyang_1();
1666   1                               xiyang_8();                       
1667   1      }
C51 COMPILER V8.05a   QIAOXIYANG                                                           09/09/2017 11:44:40 PAGE 28  



MODULE INFORMATION:   STATIC OVERLAYABLE
   CODE SIZE        =   4035    ----
   CONSTANT SIZE    =   ----    ----
   XDATA SIZE       =   ----      16
   PDATA SIZE       =   ----    ----
   DATA SIZE        =   ----    ----
   IDATA SIZE       =   ----    ----
   BIT SIZE         =   ----    ----
END OF MODULE INFORMATION.


C51 COMPILATION COMPLETE.  0 WARNING(S),  0 ERROR(S)
