BL51 BANKED LINKER/LOCATER V6.00                                                        09/09/2017  17:29:44  PAGE 1


BL51 BANKED LINKER/LOCATER V6.00, INVOKED BY:
C:\KEIL\C51\BIN\BL51.EXE main.obj, delay.obj, tuxinghua.obj, adc.obj, BUZZ.obj, basal.obj, walking.obj, jiewu.obj, ticao
>> .obj, qianshou.obj, qiaoxiyang.obj, HT1621.obj TO SHProject RAMSIZE (256)




PROGRAM RECURSIONS REMOVED FROM CALL TREE
=========================================
+--> ?PR?PWM_24?MAIN
<--+ ?PR?ADC_ADJUST?ADC


+--> ?PR?_P_TO_P?BASAL
|  | ?PR?PWM_24?MAIN
|  | ?PR?ADC_ADJUST?ADC
<--+ ?PR?HPQ?BASAL


+--> ?PR?_P_TO_P?BASAL
|  | ?PR?PWM_24?MAIN
|  | ?PR?ADC_ADJUST?ADC
<--+ ?PR?QIANPQ?BASAL



MEMORY MODEL: LARGE WITH FLOATING POINT ARITHMETIC


INPUT MODULES INCLUDED:
  main.obj (MAIN)
  delay.obj (DELAY)
  tuxinghua.obj (TUXINGHUA)
  adc.obj (ADC)
  BUZZ.obj (BUZZ)
  basal.obj (BASAL)
  walking.obj (WALKING)
  jiewu.obj (JIEWU)
  ticao.obj (TICAO)
  qianshou.obj (QIANSHOU)
  qiaoxiyang.obj (QIAOXIYANG)
  HT1621.obj (HT1621)
  C:\KEIL\C51\LIB\C51FPL.LIB (?C?FPMUL)
  C:\KEIL\C51\LIB\C51FPL.LIB (?C?FPDIV)
  C:\KEIL\C51\LIB\C51FPL.LIB (?C?FCAST)
  C:\KEIL\C51\LIB\C51FPL.LIB (?C?CASTF)
  C:\KEIL\C51\LIB\C51FPL.LIB (PRINTF)
  C:\KEIL\C51\LIB\C51FPL.LIB (?C?FPGETOPN)
  C:\KEIL\C51\LIB\C51FPL.LIB (?C?FPROUND)
  C:\KEIL\C51\LIB\C51FPL.LIB (?C?FPCONVERT)
  C:\KEIL\C51\LIB\C51FPL.LIB (?C?FPADD)
  C:\KEIL\C51\LIB\C51FPL.LIB (?C?FTNPWR)
  C:\KEIL\C51\LIB\C51L.LIB (?C_STARTUP)
  C:\KEIL\C51\LIB\C51L.LIB (?C?COPY)
  C:\KEIL\C51\LIB\C51L.LIB (?C?CLDPTR)
  C:\KEIL\C51\LIB\C51L.LIB (?C?CLDOPTR)
  C:\KEIL\C51\LIB\C51L.LIB (?C?CSTPTR)
  C:\KEIL\C51\LIB\C51L.LIB (?C?IMUL)
BL51 BANKED LINKER/LOCATER V6.00                                                      09/09/2017  17:29:44  PAGE 2


  C:\KEIL\C51\LIB\C51L.LIB (?C?UIDIV)
  C:\KEIL\C51\LIB\C51L.LIB (?C?IILDX)
  C:\KEIL\C51\LIB\C51L.LIB (?C?ILDPTR)
  C:\KEIL\C51\LIB\C51L.LIB (?C?IILDPTR)
  C:\KEIL\C51\LIB\C51L.LIB (?C?ISTPTR)
  C:\KEIL\C51\LIB\C51L.LIB (?C?LNEG)
  C:\KEIL\C51\LIB\C51L.LIB (?C?SLCMP)
  C:\KEIL\C51\LIB\C51L.LIB (?C?ULCMP)
  C:\KEIL\C51\LIB\C51L.LIB (?C?ULSHR)
  C:\KEIL\C51\LIB\C51L.LIB (?C?LSHL)
  C:\KEIL\C51\LIB\C51L.LIB (?C?LLDPTR)
  C:\KEIL\C51\LIB\C51L.LIB (?C?LSTXDATA)
  C:\KEIL\C51\LIB\C51L.LIB (?C?LSTKXDATA)
  C:\KEIL\C51\LIB\C51L.LIB (?C?PLDIXDATA)
  C:\KEIL\C51\LIB\C51L.LIB (?C?PSTXDATA)
  C:\KEIL\C51\LIB\C51L.LIB (?C?CCASE)
  C:\KEIL\C51\LIB\C51L.LIB (?C?ICASE)
  C:\KEIL\C51\LIB\C51L.LIB (PUTCHAR)
  C:\KEIL\C51\LIB\C51L.LIB (ABS)
  C:\KEIL\C51\LIB\C51L.LIB (?C?STRCPY)
  C:\KEIL\C51\LIB\C51L.LIB (SETJMP)
  C:\KEIL\C51\LIB\C51L.LIB (?C_INIT)
  C:\KEIL\C51\LIB\C51L.LIB (?C?CSTOPTR)
  C:\KEIL\C51\LIB\C51L.LIB (?C?ILDOPTR)
  C:\KEIL\C51\LIB\C51L.LIB (?C?ISTOPTR)
  C:\KEIL\C51\LIB\C51L.LIB (?C?LLDIDATA)
  C:\KEIL\C51\LIB\C51L.LIB (?C?LLDXDATA)
  C:\KEIL\C51\LIB\C51L.LIB (?C?LLDPDATA)
  C:\KEIL\C51\LIB\C51L.LIB (?C?LLDCODE)
  C:\KEIL\C51\LIB\C51L.LIB (?C_XBP)
  C:\KEIL\C51\LIB\C51L.LIB (?C_IBP)
  C:\KEIL\C51\LIB\C51L.LIB (?C_PBP)


LINK MAP OF MODULE:  SHProject (MAIN)


            TYPE    BASE      LENGTH    RELOCATION   SEGMENT NAME
            -----------------------------------------------------

            * * * * * * *   D A T A   M E M O R Y   * * * * * * *
            REG     0000H     0008H     ABSOLUTE     "REG BANK 0"
            DATA    0008H     0005H     UNIT         _DATA_GROUP_
            DATA    000DH     0004H     UNIT         ?C?LIB_DATA
                    0011H     000FH                  *** GAP ***
            BIT     0020H.0   0001H.2   UNIT         _BIT_GROUP_
            BIT     0021H.2   0001H.1   UNIT         ?BI?MAIN
            BIT     0022H.3   0000H.4   UNIT         ?BI?HT1621
                    0022H.7   0000H.1                *** GAP ***
            IDATA   0023H     0001H     UNIT         ?STACK

            * * * * * * *  X D A T A   M E M O R Y  * * * * * * *
            XDATA   0000H     01D8H     UNIT         ?XD?MAIN
            XDATA   01D8H     00A1H     UNIT         _XDATA_GROUP_
            XDATA   0279H     0074H     UNIT         ?XD?BASAL
            XDATA   02EDH     0030H     UNIT         ?XD?TUXINGHUA
            XDATA   031DH     0014H     UNIT         ?XD?ADC
BL51 BANKED LINKER/LOCATER V6.00                                                      09/09/2017  17:29:44  PAGE 3


            XDATA   0331H     0008H     UNIT         ?XD?HT1621
            XDATA   0339H     0002H     UNIT         ?XD?_FM300MS?BUZZ
            XDATA   033BH     0002H     UNIT         ?XD?_FM50MS?BUZZ
            XDATA   033DH     0002H     UNIT         ?XD?_FM1MS?BUZZ

            * * * * * * *   C O D E   M E M O R Y   * * * * * * *
            CODE    0000H     0003H     ABSOLUTE     
            CODE    0003H     0003H     ABSOLUTE     
            CODE    0006H     0004H     UNIT         ?PR?DELAY1US_PSX?MAIN
            CODE    000AH     0001H     UNIT         ?PR?XIYANG_1?QIAOXIYANG
            CODE    000BH     0003H     ABSOLUTE     
            CODE    000EH     000DH     UNIT         ?PR?UART4_RESETBAUTERATE?MAIN
            CODE    001BH     0003H     ABSOLUTE     
            CODE    001EH     0001H     UNIT         ?PR?XIYANG_2?QIAOXIYANG
            CODE    001FH     0001H     UNIT         ?PR?XIYANG_3?QIAOXIYANG
            CODE    0020H     0001H     UNIT         ?PR?XIYANG_4?QIAOXIYANG
                    0021H     0002H                  *** GAP ***
            CODE    0023H     0003H     ABSOLUTE     
                    0026H     0005H                  *** GAP ***
            CODE    002BH     0003H     ABSOLUTE     
            CODE    002EH     0013H     UNIT         ?PR?_DELAY500US?DELAY
                    0041H     0002H                  *** GAP ***
            CODE    0043H     0003H     ABSOLUTE     
            CODE    0046H     0045H     UNIT         ?PR?_CH376READBLOCK?MAIN
            CODE    008BH     0003H     ABSOLUTE     
                    008EH     0005H                  *** GAP ***
            CODE    0093H     0003H     ABSOLUTE     
            CODE    0096H     0EADH     UNIT         ?PR?MAIN?MAIN
            CODE    0F43H     0C0CH     UNIT         ?PR?WUDAO?BASAL
            CODE    1B4FH     0A2BH     UNIT         ?C?LIB_CODE
            CODE    257AH     0656H     UNIT         ?PR?DAOLI?BASAL
            CODE    2BD0H     04D0H     UNIT         ?PR?HGF?BASAL
            CODE    30A0H     049EH     UNIT         ?PR?QGF?BASAL
            CODE    353EH     049CH     UNIT         ?PR?XIYANG_6?QIAOXIYANG
            CODE    39DAH     0483H     UNIT         ?PR?PRINTF?PRINTF
            CODE    3E5DH     047DH     UNIT         ?PR?_LOCATION?TUXINGHUA
            CODE    42DAH     0467H     UNIT         ?PR?MAIN1?TUXINGHUA
            CODE    4741H     045DH     UNIT         ?PR?_FWC?BASAL
            CODE    4B9EH     0454H     UNIT         ?PR?PCH?BASAL
            CODE    4FF2H     0417H     UNIT         ?PR?XQ_TD?TICAO
            CODE    5409H     03E3H     UNIT         ?PR?_L_PYI?BASAL
            CODE    57ECH     03E3H     UNIT         ?PR?_R_PYI?BASAL
            CODE    5BCFH     03D4H     UNIT         ?PR?OBTAIN_PSXCODE?MAIN
            CODE    5FA3H     03B4H     UNIT         ?PR?_CYC?TUXINGHUA
            CODE    6357H     039AH     UNIT         ?PR?XIYANG_7?QIAOXIYANG
            CODE    66F1H     035FH     UNIT         ?PR?_SHOU_DD?JIEWU
            CODE    6A50H     033EH     UNIT         ?PR?_QIANSHOU_7?QIANSHOU
            CODE    6D8EH     033AH     UNIT         ?PR?_TURN_RIGHT?BASAL
            CODE    70C8H     0334H     UNIT         ?PR?_TURN_LEFT?BASAL
            CODE    73FCH     0313H     UNIT         ?PR?TICE_YD?TICAO
            CODE    770FH     02F6H     UNIT         ?PR?QIANPQ?BASAL
            CODE    7A05H     02BEH     UNIT         ?PR?_GOAL_L?BASAL
            CODE    7CC3H     02BAH     UNIT         ?PR?_GOAL_R?BASAL
            CODE    7F7DH     02B5H     UNIT         ?PR?KUAIZOU2?WALKING
            CODE    8232H     02B4H     UNIT         ?PR?HOUTUI2?WALKING
            CODE    84E6H     02A1H     UNIT         ?PR?HOUTUI1?WALKING
            CODE    8787H     0278H     UNIT         ?PR?_P_TO_P?BASAL
BL51 BANKED LINKER/LOCATER V6.00                                                      09/09/2017  17:29:44  PAGE 4


            CODE    89FFH     0266H     UNIT         ?C_INITSEG
            CODE    8C65H     0264H     UNIT         ?PR?XIYANG_9?QIAOXIYANG
            CODE    8EC9H     0264H     UNIT         ?PR?XIYANG_10?QIAOXIYANG
            CODE    912DH     0237H     UNIT         ?PR?ADC_ADJUST?ADC
            CODE    9364H     0235H     UNIT         ?PR?YAOBIBAITOU?JIEWU
            CODE    9599H     0233H     UNIT         ?PR?HPQ?BASAL
            CODE    97CCH     0228H     UNIT         ?PR?QIANSHOU_6?QIANSHOU
            CODE    99F4H     020EH     UNIT         ?PR?_QIANSHOU_4?QIANSHOU
            CODE    9C02H     020EH     UNIT         ?PR?_QIANSHOU_10?QIANSHOU
            CODE    9E10H     020DH     UNIT         ?PR?PWM_24?MAIN
            CODE    A01DH     020BH     UNIT         ?PR?QHZY_NIU?JIEWU
            CODE    A228H     01FCH     UNIT         ?PR?HP?BASAL
            CODE    A424H     01F8H     UNIT         ?PR?KUAIZOU1?WALKING
            CODE    A61CH     01F8H     UNIT         ?PR?PY_SS_LEFT?TICAO
            CODE    A814H     01F8H     UNIT         ?PR?PY_SS_RIGHT?TICAO
            CODE    AA0CH     01F4H     UNIT         ?PR?SHENZHAN?TICAO
            CODE    AC00H     01DCH     UNIT         ?PR?QIANPAXIA?BASAL
            CODE    ADDCH     01CEH     UNIT         ?PR?HFH_R?JIEWU
            CODE    AFAAH     01CEH     UNIT         ?PR?HFH_L?JIEWU
            CODE    B178H     01B6H     UNIT         ?PR?_RELATIVE?BASAL
            CODE    B32EH     01A1H     UNIT         ?PR?_WDL_PYI?JIEWU
            CODE    B4CFH     01A1H     UNIT         ?PR?_WDR_PYI?JIEWU
            CODE    B670H     0194H     UNIT         ?PR?XIYANG_5?QIAOXIYANG
            CODE    B804H     0188H     UNIT         ?PR?ZUOGOUQIU?BASAL
            CODE    B98CH     016AH     UNIT         ?PR?YOUGOUQIU?BASAL
            CODE    BAF6H     015FH     UNIT         ?PR?CS_XD_LEFT?TICAO
            CODE    BC55H     015FH     UNIT         ?PR?CS_XD_RIGHT?TICAO
            CODE    BDB4H     0147H     UNIT         ?PR?_YANGWOQIZUO?BASAL
            CODE    BEFBH     013EH     UNIT         ?PR?_INITIAL_POSITION_SLOWONE?BASAL
            CODE    C039H     013BH     UNIT         ?PR?DPZHCH?JIEWU
            CODE    C174H     013BH     UNIT         ?PR?QIANSHOU_1?QIANSHOU
            CODE    C2AFH     0137H     UNIT         ?PR?ADC_INT?ADC
            CODE    C3E6H     0125H     UNIT         ?PR?_QIANSHOU_9?QIANSHOU
            CODE    C50BH     011CH     UNIT         ?PR?_QIANSHOU_3?QIANSHOU
            CODE    C627H     011AH     UNIT         ?PR?DT_L?BASAL
            CODE    C741H     011AH     UNIT         ?PR?DT_R?BASAL
            CODE    C85BH     010DH     UNIT         ?PR?UART2_INTERRUPT?MAIN
            CODE    C968H     0102H     UNIT         ?PR?_READSDCARDFILEALLBYTES?MAIN
            CODE    CA6AH     0102H     UNIT         ?PR?QIANSHOU_8?QIANSHOU
            CODE    CB6CH     00F8H     UNIT         ?PR?_CH376SETFILENAME?MAIN
            CODE    CC64H     00F3H     UNIT         ?PR?_DPZC_1?JIEWU
            CODE    CD57H     00EDH     UNIT         ?PR?KUOXIONG?TICAO
            CODE    CE44H     00D6H     UNIT         ?PR?TIMER1_INTERRUPT?HT1621
            CODE    CF1AH     00CFH     UNIT         ?PR?JIEWU?JIEWU
            CODE    CFE9H     00C8H     UNIT         ?PR?ARRAY?BASAL
            CODE    D0B1H     00C7H     UNIT         ?PR?_CH376SEPARATEPATH?MAIN
            CODE    D178H     00C4H     UNIT         ?PR?_WALK?WALKING
            CODE    D23CH     00C4H     UNIT         ?PR?_HOUTUI?WALKING
            CODE    D300H     00BDH     UNIT         ?PR?QIANSHOU?QIANSHOU
            CODE    D3BDH     00BAH     UNIT         ?PR?TAIJIAOZI?BASAL
            CODE    D477H     00B4H     UNIT         ?PR?XIYANG_8?QIAOXIYANG
            CODE    D52BH     00AFH     UNIT         ?PR?JINGLI_L?BASAL
            CODE    D5DAH     00AAH     UNIT         ?PR?INITIAL_POSITION?BASAL
            CODE    D684H     00AAH     UNIT         ?PR?JINGLI_R?BASAL
            CODE    D72EH     00A9H     UNIT         ?PR?_START_STATUS?WALKING
            CODE    D7D7H     009FH     UNIT         ?PR?TICAO?TICAO
            CODE    D876H     0095H     UNIT         ?PR?_CREATESDCARDFILE?MAIN
BL51 BANKED LINKER/LOCATER V6.00                                                      09/09/2017  17:29:44  PAGE 5


            CODE    D90BH     0094H     UNIT         ?PR?_QIANSHOU_5?QIANSHOU
            CODE    D99FH     008FH     UNIT         ?PR?_CH376FILEOPENDIR?MAIN
            CODE    DA2EH     008CH     UNIT         ?C_C51STARTUP
            CODE    DABAH     008AH     UNIT         ?PR?QIANSHOU_2?QIANSHOU
            CODE    DB44H     0086H     UNIT         ?PR?_QHZY_NIU_2?JIEWU
            CODE    DBCAH     0083H     UNIT         ?PR?_CH376BYTEREAD?MAIN
            CODE    DC4DH     0080H     UNIT         ?PR?CH376READ32BITDAT?MAIN
            CODE    DCCDH     007AH     UNIT         ?PR?FUWEI?BASAL
            CODE    DD47H     0077H     UNIT         ?PR?_CH376BYTEWRITE?MAIN
            CODE    DDBEH     0073H     UNIT         ?PR?_MAX?BASAL
            CODE    DE31H     006BH     UNIT         ?PR?CLEAR_PSXBUFF?MAIN
            CODE    DE9CH     006AH     UNIT         ?PR?CPU_INIT?MAIN
            CODE    DF06H     0063H     UNIT         ?PR?PSXKEY_FILTER?MAIN
            CODE    DF69H     005FH     UNIT         ?PR?SETJMP?SETJMP
            CODE    DFC8H     0059H     UNIT         ?PR?READRAM?TUXINGHUA
            CODE    E021H     0058H     UNIT         ?PR?XREADCH376DATA?MAIN
            CODE    E079H     0058H     UNIT         ?PR?_XIYANG_XIAO7?QIAOXIYANG
            CODE    E0D1H     0055H     UNIT         ?PR?UART1_INTERRUPT?MAIN
            CODE    E126H     0054H     UNIT         ?PR?SETVALUEPARAS?MAIN
            CODE    E17AH     0053H     UNIT         ?PR?WAIT376INTERRUPT?MAIN
            CODE    E1CDH     004FH     UNIT         ?PR?_CH376WRITEVAR32?MAIN
            CODE    E21CH     0049H     UNIT         ?PR?_LEFT_UP?WALKING
            CODE    E265H     0049H     UNIT         ?PR?_RIGHT_UP?WALKING
            CODE    E2AEH     0049H     UNIT         ?PR?_LEFT_DOWN?WALKING
            CODE    E2F7H     0049H     UNIT         ?PR?_RIGHT_DOWN?WALKING
            CODE    E340H     0045H     UNIT         ?PR?_CH376FILEOPEN?MAIN
            CODE    E385H     0042H     UNIT         ?PR?_WRITESDCARDFILEBUFFBYTES?MAIN
            CODE    E3C7H     0042H     UNIT         ?PR?_LOW_LEVEL_500U?BASAL
            CODE    E409H     0042H     UNIT         ?PR?_SIT_DOWN?BASAL
            CODE    E44BH     0042H     UNIT         ?PR?_STAND_UP?BASAL
            CODE    E48DH     0041H     UNIT         ?PR?BACKDELAY?BASAL
            CODE    E4CEH     0041H     UNIT         ?PR?INITIAL_POSITION_SLOW?BASAL
            CODE    E50FH     0040H     UNIT         ?PR?_XSETCH376CMDDATA?MAIN
            CODE    E54FH     003DH     UNIT         ?PR?_READSDCARDFILE32BYTES?MAIN
            CODE    E58CH     003CH     UNIT         ?PR?FORWARDDELAY?BASAL
            CODE    E5C8H     003CH     UNIT         ?PR?_LEFT_FORWARD?WALKING
            CODE    E604H     003CH     UNIT         ?PR?_RIGHT_FORWARD?WALKING
            CODE    E640H     003BH     UNIT         ?PR?_CH376BYTELOCATE?MAIN
            CODE    E67BH     003AH     UNIT         ?PR?QIANSHOU_DOINIT?MAIN
            CODE    E6B5H     0039H     UNIT         ?PR?UART_INIT?MAIN
            CODE    E6EEH     0038H     UNIT         ?PR?_CH376WRITEREQBLOCK?MAIN
            CODE    E726H     0038H     UNIT         ?PR?DOCHECKOUT_ONLINE?MAIN
            CODE    E75EH     0038H     UNIT         ?PR?_LEFT_CS?WALKING
            CODE    E796H     0038H     UNIT         ?PR?_RIGHT_CS?WALKING
            CODE    E7CEH     0036H     UNIT         ?PR?_DELAY1S?DELAY
            CODE    E804H     0035H     UNIT         ?PR?_MP3_SETPLAY?MAIN
            CODE    E839H     0035H     UNIT         ?PR?GET_BALANCE_VALUE?ADC
            CODE    E86EH     0034H     UNIT         ?PR?_XSETCH376CMD?MAIN
            CODE    E8A2H     0033H     UNIT         ?PR?ONLINE_DOINIT?MAIN
            CODE    E8D5H     0032H     UNIT         ?PR?_UART1_PRINTARRAYBYTES?MAIN
            CODE    E907H     002FH     UNIT         ?PR?_MP3_SETVOLUME?MAIN
            CODE    E936H     002EH     UNIT         ?PR?_DUOJI?TUXINGHUA
            CODE    E964H     002DH     UNIT         ?PR?UART1SEND_INITPOSITON?MAIN
            CODE    E991H     002CH     UNIT         ?PR?MINITCH376HOST?MAIN
            CODE    E9BDH     002AH     UNIT         ?PR?_XWRITECH376CMD?MAIN
            CODE    E9E7H     002AH     UNIT         ?PR?_FM300MS?BUZZ
            CODE    EA11H     002AH     UNIT         ?PR?_FM200MS?BUZZ
BL51 BANKED LINKER/LOCATER V6.00                                                      09/09/2017  17:29:44  PAGE 6


            CODE    EA3BH     002AH     UNIT         ?PR?_FM100MS?BUZZ
            CODE    EA65H     002AH     UNIT         ?PR?_FM50MS?BUZZ
            CODE    EA8FH     002AH     UNIT         ?PR?_FM1MS?BUZZ
            CODE    EAB9H     0028H     UNIT         ?PR?_DELAY10MS?DELAY
            CODE    EAE1H     0028H     UNIT         ?PR?_DELAY500MS?DELAY
            CODE    EB09H     0027H     UNIT         ?PR?PUTCHAR?PUTCHAR
            CODE    EB30H     0025H     UNIT         ?PR?_XWRITECH376DATA?MAIN
            CODE    EB55H     0022H     UNIT         ?PR?UART4_INTERRUPT?MAIN
            CODE    EB77H     0022H     UNIT         ?CO?MAIN
            CODE    EB99H     0022H     UNIT         ?CO?TUXINGHUA
            CODE    EBBBH     0021H     UNIT         ?PR?QIAOXIYANG?QIAOXIYANG
            CODE    EBDCH     0020H     UNIT         ?PR?UART3_INTERRUPT?MAIN
            CODE    EBFCH     001FH     UNIT         ?PR?GET_PRESENT_VALUE?ADC
            CODE    EC1BH     001EH     UNIT         ?PR?INT0_INTERRUPT?HT1621
            CODE    EC39H     001BH     UNIT         ?PR?_UART3_PRINTBYTE?MAIN
            CODE    EC54H     0019H     UNIT         ?PR?_DELAY100US?DELAY
            CODE    EC6DH     0019H     UNIT         ?PR?_DELAY1MS?DELAY
            CODE    EC86H     0019H     UNIT         ?PR?T0_INTERRUPT?BASAL
            CODE    EC9FH     0018H     UNIT         ?PR?_UART1_PRINTSTRING?MAIN
            CODE    ECB7H     0018H     UNIT         ?PR?T0_INIT?BASAL
            CODE    ECCFH     0016H     UNIT         ?PR?ACCEL_INIT?MAIN
            CODE    ECE5H     0016H     UNIT         ?PR?INF_INIT?HT1621
            CODE    ECFBH     0013H     UNIT         ?PR?_LOW_LEVEL_T0?BASAL
            CODE    ED0EH     0012H     UNIT         ?PR?INIT_SPI?MAIN
            CODE    ED20H     0012H     UNIT         ?PR?_DELAY8US?DELAY
            CODE    ED32H     0012H     UNIT         ?PR?_DELAY10US?DELAY
            CODE    ED44H     0011H     UNIT         ?PR?MP3_STOP?MAIN
            CODE    ED55H     0011H     UNIT         ?PR?MP3_PAUSE?MAIN
            CODE    ED66H     0011H     UNIT         ?PR?MP3_REPLAY?MAIN
            CODE    ED77H     0011H     UNIT         ?PR?_CH376WRITEVAR8?MAIN
            CODE    ED88H     0011H     UNIT         ?PR?INITIAL_ADC?ADC
            CODE    ED99H     0010H     UNIT         ?PR?_CH376READVAR8?MAIN
            CODE    EDA9H     0010H     UNIT         ?PR?_CH376READVAR32?MAIN
            CODE    EDB9H     0010H     UNIT         ?PR?_CH376SENDCMDDATWAITINT?MAIN
            CODE    EDC9H     000EH     UNIT         ?PR?_CH376FILECREATE?MAIN
            CODE    EDD7H     000CH     UNIT         ?PR?START_ADC?ADC
            CODE    EDE3H     000CH     UNIT         ?PR?_ABS?ABS
            CODE    EDEFH     000BH     UNIT         ?PR?QUERY376INTERRUPT?MAIN
            CODE    EDFAH     000AH     UNIT         ?PR?_UART1_PRINTBYTE?MAIN
            CODE    EE04H     0009H     UNIT         ?PR?CH376GETINTSTATUS?MAIN
            CODE    EE0DH     0008H     UNIT         ?PR?DELAY3US_PSX?MAIN
            CODE    EE15H     0008H     UNIT         ?CO?BASAL
            CODE    EE1DH     0007H     UNIT         ?PR?CH376ENDDIRINFO?MAIN
            CODE    EE24H     0007H     UNIT         ?PR?_CH376SENDCMDWAITINT?MAIN
            CODE    EE2BH     0006H     UNIT         ?PR?CH376GETFILESIZE?MAIN
            CODE    EE31H     0006H     UNIT         ?PR?CH376GETDISKSTATUS?MAIN



OVERLAY MAP OF MODULE:   SHProject (MAIN)


SEGMENT                                        BIT_GROUP          DATA_GROUP          XDATA_GROUP
  +--> CALLED SEGMENT                       START    LENGTH     START    LENGTH     START    LENGTH
---------------------------------------------------------------------------------------------------
?PR?ADC_INT?ADC                             -----    -----      -----    -----      01D8H    0003H

BL51 BANKED LINKER/LOCATER V6.00                                                      09/09/2017  17:29:44  PAGE 7


*** NEW ROOT ***************************************************

?C_C51STARTUP                               -----    -----      -----    -----      -----    -----
  +--> ?PR?MAIN?MAIN
  +--> ?C_INITSEG

?PR?MAIN?MAIN                               -----    -----      -----    -----      01DBH    0007H
  +--> ?PR?CPU_INIT?MAIN
  +--> ?PR?_FM100MS?BUZZ
  +--> ?PR?QIANSHOU_DOINIT?MAIN
  +--> ?PR?INITIAL_POSITION?BASAL
  +--> ?PR?ACCEL_INIT?MAIN
  +--> ?PR?_MP3_SETVOLUME?MAIN
  +--> ?PR?_FM200MS?BUZZ
  +--> ?PR?_MP3_SETPLAY?MAIN
  +--> ?PR?SETJMP?SETJMP
  +--> ?PR?DOCHECKOUT_ONLINE?MAIN
  +--> ?PR?ONLINE_DOINIT?MAIN
  +--> ?PR?_DELAY1S?DELAY
  +--> ?PR?MAIN1?TUXINGHUA
  +--> ?PR?_START_STATUS?WALKING
  +--> ?PR?KUAIZOU2?WALKING
  +--> ?PR?KUAIZOU1?WALKING
  +--> ?PR?HOUTUI2?WALKING
  +--> ?PR?HOUTUI1?WALKING
  +--> ?PR?_TURN_LEFT?BASAL
  +--> ?PR?_TURN_RIGHT?BASAL
  +--> ?PR?QGF?BASAL
  +--> ?PR?HGF?BASAL
  +--> ?PR?_L_PYI?BASAL
  +--> ?PR?_R_PYI?BASAL
  +--> ?PR?ZUOGOUQIU?BASAL
  +--> ?PR?YOUGOUQIU?BASAL
  +--> ?PR?_GOAL_L?BASAL
  +--> ?PR?_GOAL_R?BASAL
  +--> ?PR?SETVALUEPARAS?MAIN
  +--> ?PR?_RELATIVE?BASAL
  +--> ?PR?_P_TO_P?BASAL
  +--> ?PR?_DELAY10MS?DELAY
  +--> ?PR?_LOCATION?TUXINGHUA
  +--> ?PR?ADC_ADJUST?ADC
  +--> ?PR?_DELAY100US?DELAY
  +--> ?PR?OBTAIN_PSXCODE?MAIN
  +--> ?PR?PSXKEY_FILTER?MAIN
  +--> ?PR?_INITIAL_POSITION_SLOWONE?BASAL
  +--> ?PR?CLEAR_PSXBUFF?MAIN
  +--> ?PR?JIEWU?JIEWU
  +--> ?PR?TICAO?TICAO
  +--> ?PR?QIANSHOU?QIANSHOU
  +--> ?PR?QIAOXIYANG?QIAOXIYANG
  +--> ?PR?DT_L?BASAL
  +--> ?PR?DT_R?BASAL
  +--> ?PR?WUDAO?BASAL
  +--> ?PR?QIANPAXIA?BASAL
  +--> ?PR?QIANPQ?BASAL
  +--> ?PR?_FWC?BASAL
  +--> ?PR?DAOLI?BASAL
BL51 BANKED LINKER/LOCATER V6.00                                                      09/09/2017  17:29:44  PAGE 8


  +--> ?PR?HP?BASAL
  +--> ?PR?HPQ?BASAL
  +--> ?PR?_YANGWOQIZUO?BASAL
  +--> ?PR?PCH?BASAL
  +--> ?PR?_WALK?WALKING
  +--> ?PR?_HOUTUI?WALKING

?PR?CPU_INIT?MAIN                           -----    -----      -----    -----      -----    -----
  +--> ?PR?UART_INIT?MAIN
  +--> ?PR?INF_INIT?HT1621
  +--> ?PR?T0_INIT?BASAL
  +--> ?PR?INIT_SPI?MAIN
  +--> ?PR?MINITCH376HOST?MAIN
  +--> ?PR?_MP3_SETPLAY?MAIN
  +--> ?PR?_FM100MS?BUZZ
  +--> ?PR?_DELAY500MS?DELAY
  +--> ?PR?_DELAY10MS?DELAY

?PR?MINITCH376HOST?MAIN                     -----    -----      -----    -----      -----    -----
  +--> ?PR?_XSETCH376CMDDATA?MAIN
  +--> ?PR?_XSETCH376CMD?MAIN
  +--> ?PR?_XWRITECH376CMD?MAIN
  +--> ?PR?_XWRITECH376DATA?MAIN
  +--> ?PR?UART4_RESETBAUTERATE?MAIN
  +--> ?PR?XREADCH376DATA?MAIN

?PR?XREADCH376DATA?MAIN                     -----    -----      -----    -----      0237H    0004H
  +--> ?PR?_XWRITECH376CMD?MAIN

?PR?_MP3_SETPLAY?MAIN                       -----    -----      -----    -----      -----    -----
  +--> ?PR?_UART3_PRINTBYTE?MAIN

?PR?_FM100MS?BUZZ                           -----    -----      -----    -----      01F5H    0002H
  +--> ?PR?_DELAY10MS?DELAY

?PR?_DELAY10MS?DELAY                        -----    -----      -----    -----      0248H    0002H
  +--> ?PR?_DELAY1MS?DELAY

?PR?_DELAY1MS?DELAY                         -----    -----      -----    -----      -----    -----
  +--> ?PR?_DELAY10US?DELAY

?PR?_DELAY500MS?DELAY                       -----    -----      -----    -----      0248H    0002H
  +--> ?PR?_DELAY1MS?DELAY

?PR?QIANSHOU_DOINIT?MAIN                    -----    -----      -----    -----      01E2H    000AH
  +--> ?CO?MAIN
  +--> ?PR?_READSDCARDFILE32BYTES?MAIN

?PR?_READSDCARDFILE32BYTES?MAIN             -----    -----      -----    -----      0225H    0002H
  +--> ?PR?_CH376FILEOPENDIR?MAIN
  +--> ?PR?_CH376BYTELOCATE?MAIN
  +--> ?PR?_CH376BYTEREAD?MAIN
  +--> ?PR?_CH376SENDCMDDATWAITINT?MAIN

?PR?_CH376FILEOPENDIR?MAIN                  -----    -----      -----    -----      0227H    0005H
  +--> ?PR?_CH376FILEOPEN?MAIN

BL51 BANKED LINKER/LOCATER V6.00                                                      09/09/2017  17:29:44  PAGE 9


?PR?_CH376FILEOPEN?MAIN                     -----    -----      -----    -----      022CH    0003H
  +--> ?PR?_CH376SETFILENAME?MAIN
  +--> ?PR?_CH376WRITEVAR32?MAIN
  +--> ?PR?_CH376SENDCMDWAITINT?MAIN

?PR?_CH376SETFILENAME?MAIN                  -----    -----      -----    -----      022FH    0004H
  +--> ?PR?_XWRITECH376CMD?MAIN
  +--> ?PR?XREADCH376DATA?MAIN
  +--> ?PR?_CH376READVAR8?MAIN
  +--> ?PR?_XWRITECH376DATA?MAIN
  +--> ?PR?_CH376SENDCMDWAITINT?MAIN
  +--> ?PR?_CH376READVAR32?MAIN
  +--> ?PR?_CH376WRITEVAR32?MAIN

?PR?_CH376READVAR8?MAIN                     -----    -----      -----    -----      -----    -----
  +--> ?PR?_XWRITECH376CMD?MAIN
  +--> ?PR?_XWRITECH376DATA?MAIN
  +--> ?PR?XREADCH376DATA?MAIN

?PR?_CH376SENDCMDWAITINT?MAIN               -----    -----      -----    -----      -----    -----
  +--> ?PR?_XWRITECH376CMD?MAIN
  +--> ?PR?WAIT376INTERRUPT?MAIN

?PR?WAIT376INTERRUPT?MAIN                   -----    -----      -----    -----      0233H    0004H
  +--> ?PR?QUERY376INTERRUPT?MAIN
  +--> ?PR?CH376GETINTSTATUS?MAIN

?PR?CH376GETINTSTATUS?MAIN                  -----    -----      -----    -----      -----    -----
  +--> ?PR?_XWRITECH376CMD?MAIN
  +--> ?PR?XREADCH376DATA?MAIN

?PR?_CH376READVAR32?MAIN                    -----    -----      -----    -----      -----    -----
  +--> ?PR?_XWRITECH376CMD?MAIN
  +--> ?PR?_XWRITECH376DATA?MAIN
  +--> ?PR?CH376READ32BITDAT?MAIN

?PR?CH376READ32BITDAT?MAIN                  -----    -----      -----    -----      0233H    0004H
  +--> ?PR?XREADCH376DATA?MAIN

?PR?_CH376WRITEVAR32?MAIN                   -----    -----      -----    -----      0233H    0005H
  +--> ?PR?_XWRITECH376CMD?MAIN
  +--> ?PR?_XWRITECH376DATA?MAIN

?PR?_CH376BYTELOCATE?MAIN                   -----    -----      -----    -----      0227H    0004H
  +--> ?PR?_XWRITECH376CMD?MAIN
  +--> ?PR?_XWRITECH376DATA?MAIN
  +--> ?PR?WAIT376INTERRUPT?MAIN

?PR?_CH376BYTEREAD?MAIN                     -----    -----      -----    -----      0227H    0008H
  +--> ?PR?_XWRITECH376CMD?MAIN
  +--> ?PR?_XWRITECH376DATA?MAIN
  +--> ?PR?WAIT376INTERRUPT?MAIN
  +--> ?PR?_CH376READBLOCK?MAIN

?PR?_CH376READBLOCK?MAIN                    -----    -----      -----    -----      022FH    0005H
  +--> ?PR?XREADCH376DATA?MAIN

BL51 BANKED LINKER/LOCATER V6.00                                                      09/09/2017  17:29:44  PAGE 10


?PR?_CH376SENDCMDDATWAITINT?MAIN            -----    -----      -----    -----      -----    -----
  +--> ?PR?_XWRITECH376CMD?MAIN
  +--> ?PR?_XWRITECH376DATA?MAIN
  +--> ?PR?WAIT376INTERRUPT?MAIN

?PR?INITIAL_POSITION?BASAL                  -----    -----      -----    -----      021AH    000BH
  +--> ?CO?BASAL
  +--> ?PR?_READSDCARDFILE32BYTES?MAIN
  +--> ?PR?PWM_24?MAIN
  +--> ?PR?_LOW_LEVEL_500U?BASAL

?PR?PWM_24?MAIN                             -----    -----      -----    -----      0245H    0002H
  +--> ?PR?ARRAY?BASAL
  +--> ?PR?_LOW_LEVEL_T0?BASAL
  +--> ?PR?_DELAY500US?DELAY
  +--> ?PR?_DELAY8US?DELAY
  +--> ?PR?ADC_ADJUST?ADC
  +--> ?PR?SETJMP?SETJMP

?PR?ADC_ADJUST?ADC                          -----    -----      -----    -----      0247H    0001H
  +--> ?PR?GET_PRESENT_VALUE?ADC
  +--> ?PR?_DELAY500US?DELAY
  +--> ?PR?_DELAY500MS?DELAY
  +--> ?PR?HPQ?BASAL
  +--> ?PR?QIANPQ?BASAL

?PR?GET_PRESENT_VALUE?ADC                   -----    -----      -----    -----      -----    -----
  +--> ?PR?START_ADC?ADC

?PR?HPQ?BASAL                               -----    -----      -----    -----      -----    -----
  +--> ?PR?_RELATIVE?BASAL
  +--> ?PR?_DELAY10MS?DELAY

?PR?_RELATIVE?BASAL                         -----    -----      -----    -----      0248H    0031H

?PR?QIANPQ?BASAL                            -----    -----      -----    -----      -----    -----
  +--> ?PR?_RELATIVE?BASAL
  +--> ?PR?_DELAY10MS?DELAY

?PR?_LOW_LEVEL_500U?BASAL                   -----    -----      -----    -----      0245H    0004H
  +--> ?PR?_DELAY500US?DELAY

?PR?ACCEL_INIT?MAIN                         -----    -----      -----    -----      -----    -----
  +--> ?PR?_DELAY500US?DELAY
  +--> ?PR?INITIAL_ADC?ADC
  +--> ?PR?GET_BALANCE_VALUE?ADC

?PR?GET_BALANCE_VALUE?ADC                   -----    -----      -----    -----      -----    -----
  +--> ?PR?START_ADC?ADC

?PR?_MP3_SETVOLUME?MAIN                     -----    -----      -----    -----      -----    -----
  +--> ?PR?_UART3_PRINTBYTE?MAIN

?PR?_FM200MS?BUZZ                           -----    -----      -----    -----      01F5H    0002H
  +--> ?PR?_DELAY10MS?DELAY

?PR?DOCHECKOUT_ONLINE?MAIN                  -----    -----      -----    -----      01E2H    0002H
BL51 BANKED LINKER/LOCATER V6.00                                                      09/09/2017  17:29:44  PAGE 11


  +--> ?PR?READRAM?TUXINGHUA
  +--> ?PR?_DELAY10MS?DELAY

?PR?ONLINE_DOINIT?MAIN                      -----    -----      -----    -----      01E2H    000AH
  +--> ?PR?_UART1_PRINTBYTE?MAIN
  +--> ?PR?_DELAY1S?DELAY
  +--> ?CO?MAIN
  +--> ?PR?_READSDCARDFILE32BYTES?MAIN
  +--> ?PR?UART1SEND_INITPOSITON?MAIN

?PR?_DELAY1S?DELAY                          -----    -----      -----    -----      021DH    0003H
  +--> ?PR?_DELAY10MS?DELAY

?PR?UART1SEND_INITPOSITON?MAIN              -----    -----      -----    -----      01ECH    0001H
  +--> ?PR?_UART1_PRINTBYTE?MAIN
  +--> ?PR?_DELAY10MS?DELAY

?PR?MAIN1?TUXINGHUA                         0020H.0  0000H.1    -----    -----      01E2H    0013H
  +--> ?PR?READRAM?TUXINGHUA
  +--> ?CO?TUXINGHUA
  +--> ?PR?PRINTF?PRINTF
  +--> ?PR?_CH376FILEOPENDIR?MAIN
  +--> ?PR?_CH376READVAR32?MAIN
  +--> ?PR?_WRITESDCARDFILEBUFFBYTES?MAIN
  +--> ?PR?_DUOJI?TUXINGHUA
  +--> ?PR?_FM200MS?BUZZ
  +--> ?PR?_UART1_PRINTBYTE?MAIN
  +--> ?PR?_READSDCARDFILEALLBYTES?MAIN
  +--> ?PR?_DELAY10MS?DELAY
  +--> ?PR?_FM100MS?BUZZ
  +--> ?PR?_DELAY500MS?DELAY
  +--> ?PR?_CREATESDCARDFILE?MAIN
  +--> ?PR?_P_TO_P?BASAL

?PR?PRINTF?PRINTF                           0020H.1  0001H.1    0008H    0005H      0203H    0030H
  +--> ?PR?PUTCHAR?PUTCHAR

?PR?_WRITESDCARDFILEBUFFBYTES?MAIN          -----    -----      -----    -----      01F5H    0004H
  +--> ?PR?_CH376FILEOPENDIR?MAIN
  +--> ?PR?_CH376BYTELOCATE?MAIN
  +--> ?PR?_CH376BYTEWRITE?MAIN
  +--> ?PR?_CH376SENDCMDDATWAITINT?MAIN

?PR?_CH376BYTEWRITE?MAIN                    -----    -----      -----    -----      01F9H    0008H
  +--> ?PR?_XWRITECH376CMD?MAIN
  +--> ?PR?_XWRITECH376DATA?MAIN
  +--> ?PR?WAIT376INTERRUPT?MAIN
  +--> ?PR?_CH376WRITEREQBLOCK?MAIN

?PR?_CH376WRITEREQBLOCK?MAIN                -----    -----      -----    -----      0201H    0003H
  +--> ?PR?XREADCH376DATA?MAIN
  +--> ?PR?_XWRITECH376DATA?MAIN

?PR?_DUOJI?TUXINGHUA                        -----    -----      -----    -----      -----    -----
  +--> ?PR?_P_TO_P?BASAL

?PR?_P_TO_P?BASAL                           -----    -----      -----    -----      021DH    0028H
BL51 BANKED LINKER/LOCATER V6.00                                                      09/09/2017  17:29:44  PAGE 12


  +--> ?PR?_MAX?BASAL
  +--> ?PR?PWM_24?MAIN
  +--> ?PR?_LOW_LEVEL_500U?BASAL

?PR?_MAX?BASAL                              -----    -----      -----    -----      0245H    0004H
  +--> ?PR?_ABS?ABS

?PR?_READSDCARDFILEALLBYTES?MAIN            -----    -----      -----    -----      01F5H    000EH
  +--> ?PR?_CH376FILEOPENDIR?MAIN
  +--> ?PR?CH376GETFILESIZE?MAIN
  +--> ?PR?_CH376BYTELOCATE?MAIN
  +--> ?PR?_CH376BYTEREAD?MAIN
  +--> ?PR?_UART1_PRINTARRAYBYTES?MAIN
  +--> ?PR?_CH376SENDCMDDATWAITINT?MAIN

?PR?CH376GETFILESIZE?MAIN                   -----    -----      -----    -----      -----    -----
  +--> ?PR?_CH376READVAR32?MAIN

?PR?_UART1_PRINTARRAYBYTES?MAIN             -----    -----      -----    -----      0203H    0002H

?PR?_CREATESDCARDFILE?MAIN                  -----    -----      -----    -----      01F5H    0009H
  +--> ?PR?_CH376SEPARATEPATH?MAIN
  +--> ?PR?_CH376FILEOPENDIR?MAIN
  +--> ?PR?_CH376READVAR32?MAIN
  +--> ?PR?_CH376FILECREATE?MAIN
  +--> ?PR?_CH376SENDCMDDATWAITINT?MAIN

?PR?_CH376SEPARATEPATH?MAIN                 -----    -----      -----    -----      01FEH    0006H

?PR?_CH376FILECREATE?MAIN                   -----    -----      -----    -----      -----    -----
  +--> ?PR?_CH376SETFILENAME?MAIN
  +--> ?PR?_CH376SENDCMDWAITINT?MAIN

?PR?_START_STATUS?WALKING                   -----    -----      -----    -----      01E2H    0001H
  +--> ?PR?_RELATIVE?BASAL
  +--> ?PR?_P_TO_P?BASAL

?PR?KUAIZOU2?WALKING                        -----    -----      -----    -----      01E2H    0001H
  +--> ?PR?_RELATIVE?BASAL
  +--> ?PR?_P_TO_P?BASAL
  +--> ?PR?_DELAY10MS?DELAY

?PR?KUAIZOU1?WALKING                        -----    -----      -----    -----      01E2H    0001H
  +--> ?PR?_RELATIVE?BASAL
  +--> ?PR?_P_TO_P?BASAL

?PR?HOUTUI2?WALKING                         -----    -----      -----    -----      01E2H    0001H
  +--> ?PR?_RELATIVE?BASAL
  +--> ?PR?_P_TO_P?BASAL
  +--> ?PR?_DELAY10MS?DELAY

?PR?HOUTUI1?WALKING                         -----    -----      -----    -----      01E2H    0001H
  +--> ?PR?_RELATIVE?BASAL
  +--> ?PR?_P_TO_P?BASAL

?PR?_TURN_LEFT?BASAL                        -----    -----      -----    -----      0216H    0002H
  +--> ?PR?_RELATIVE?BASAL
BL51 BANKED LINKER/LOCATER V6.00                                                      09/09/2017  17:29:44  PAGE 13


  +--> ?PR?_P_TO_P?BASAL

?PR?_TURN_RIGHT?BASAL                       -----    -----      -----    -----      0216H    0002H
  +--> ?PR?_RELATIVE?BASAL
  +--> ?PR?_P_TO_P?BASAL

?PR?QGF?BASAL                               -----    -----      -----    -----      -----    -----
  +--> ?PR?_RELATIVE?BASAL
  +--> ?PR?_P_TO_P?BASAL

?PR?HGF?BASAL                               -----    -----      -----    -----      -----    -----
  +--> ?PR?_RELATIVE?BASAL
  +--> ?PR?_P_TO_P?BASAL
  +--> ?PR?_DELAY10MS?DELAY

?PR?_L_PYI?BASAL                            -----    -----      -----    -----      0216H    0002H
  +--> ?PR?_RELATIVE?BASAL
  +--> ?PR?_P_TO_P?BASAL

?PR?_R_PYI?BASAL                            -----    -----      -----    -----      0216H    0002H
  +--> ?PR?_RELATIVE?BASAL
  +--> ?PR?_P_TO_P?BASAL

?PR?ZUOGOUQIU?BASAL                         -----    -----      -----    -----      -----    -----
  +--> ?PR?_RELATIVE?BASAL
  +--> ?PR?_P_TO_P?BASAL

?PR?YOUGOUQIU?BASAL                         -----    -----      -----    -----      -----    -----
  +--> ?PR?_RELATIVE?BASAL
  +--> ?PR?_P_TO_P?BASAL

?PR?_GOAL_L?BASAL                           -----    -----      -----    -----      0216H    0002H
  +--> ?PR?_RELATIVE?BASAL
  +--> ?PR?_P_TO_P?BASAL
  +--> ?PR?_DELAY500MS?DELAY

?PR?_GOAL_R?BASAL                           -----    -----      -----    -----      0216H    0002H
  +--> ?PR?_RELATIVE?BASAL
  +--> ?PR?_P_TO_P?BASAL
  +--> ?PR?_DELAY500MS?DELAY

?PR?SETVALUEPARAS?MAIN                      -----    -----      -----    -----      01E2H    000BH
  +--> ?PR?_MP3_SETVOLUME?MAIN
  +--> ?CO?MAIN
  +--> ?PR?_CH376FILEOPENDIR?MAIN
  +--> ?PR?_WRITESDCARDFILEBUFFBYTES?MAIN

?PR?_LOCATION?TUXINGHUA                     -----    -----      -----    -----      01E2H    0021H
  +--> ?CO?TUXINGHUA
  +--> ?PR?PRINTF?PRINTF
  +--> ?PR?_CH376FILEOPENDIR?MAIN
  +--> ?PR?_CH376READVAR32?MAIN
  +--> ?PR?_MP3_SETPLAY?MAIN
  +--> ?PR?_DELAY10MS?DELAY
  +--> ?PR?_CH376BYTELOCATE?MAIN
  +--> ?PR?_CH376BYTEREAD?MAIN
  +--> ?PR?MP3_STOP?MAIN
BL51 BANKED LINKER/LOCATER V6.00                                                      09/09/2017  17:29:44  PAGE 14


  +--> ?PR?DAOLI?BASAL
  +--> ?PR?PCH?BASAL
  +--> ?PR?_TURN_LEFT?BASAL
  +--> ?PR?_WALK?WALKING
  +--> ?PR?_TURN_RIGHT?BASAL
  +--> ?PR?_L_PYI?BASAL
  +--> ?PR?_FWC?BASAL
  +--> ?PR?_R_PYI?BASAL
  +--> ?PR?_GOAL_L?BASAL
  +--> ?PR?_YANGWOQIZUO?BASAL
  +--> ?PR?_GOAL_R?BASAL
  +--> ?PR?JINGLI_L?BASAL
  +--> ?PR?JINGLI_R?BASAL
  +--> ?PR?QIAOXIYANG?QIAOXIYANG
  +--> ?PR?JIEWU?JIEWU
  +--> ?PR?QIANSHOU?QIANSHOU
  +--> ?PR?TICAO?TICAO
  +--> ?PR?QGF?BASAL
  +--> ?PR?HGF?BASAL
  +--> ?PR?QIANPAXIA?BASAL
  +--> ?PR?QIANPQ?BASAL
  +--> ?PR?HP?BASAL
  +--> ?PR?HPQ?BASAL
  +--> ?PR?TAIJIAOZI?BASAL
  +--> ?PR?_HOUTUI?WALKING
  +--> ?PR?_P_TO_P?BASAL
  +--> ?PR?_CYC?TUXINGHUA
  +--> ?PR?_CH376SENDCMDDATWAITINT?MAIN

?PR?MP3_STOP?MAIN                           -----    -----      -----    -----      -----    -----
  +--> ?PR?_UART3_PRINTBYTE?MAIN

?PR?DAOLI?BASAL                             -----    -----      -----    -----      -----    -----
  +--> ?PR?INITIAL_POSITION?BASAL
  +--> ?PR?_RELATIVE?BASAL
  +--> ?PR?_P_TO_P?BASAL
  +--> ?PR?_DELAY1S?DELAY
  +--> ?PR?_DELAY10MS?DELAY

?PR?PCH?BASAL                               -----    -----      -----    -----      -----    -----
  +--> ?PR?_RELATIVE?BASAL
  +--> ?PR?_P_TO_P?BASAL
  +--> ?PR?_DELAY1S?DELAY

?PR?_WALK?WALKING                           -----    -----      -----    -----      0217H    0002H
  +--> ?PR?_SIT_DOWN?BASAL
  +--> ?PR?_DELAY500MS?DELAY
  +--> ?PR?_LEFT_CS?WALKING
  +--> ?PR?_RIGHT_UP?WALKING
  +--> ?PR?_RIGHT_FORWARD?WALKING
  +--> ?PR?_RIGHT_DOWN?WALKING
  +--> ?PR?_RIGHT_CS?WALKING
  +--> ?PR?_LEFT_UP?WALKING
  +--> ?PR?_LEFT_FORWARD?WALKING
  +--> ?PR?_LEFT_DOWN?WALKING
  +--> ?PR?_STAND_UP?BASAL

BL51 BANKED LINKER/LOCATER V6.00                                                      09/09/2017  17:29:44  PAGE 15


?PR?_SIT_DOWN?BASAL                         -----    -----      -----    -----      0219H    0002H
  +--> ?PR?PWM_24?MAIN
  +--> ?PR?_LOW_LEVEL_500U?BASAL

?PR?_LEFT_CS?WALKING                        -----    -----      -----    -----      0219H    0002H
  +--> ?PR?PWM_24?MAIN
  +--> ?PR?_LOW_LEVEL_500U?BASAL

?PR?_RIGHT_UP?WALKING                       -----    -----      -----    -----      0219H    0002H
  +--> ?PR?PWM_24?MAIN
  +--> ?PR?_LOW_LEVEL_500U?BASAL

?PR?_RIGHT_FORWARD?WALKING                  -----    -----      -----    -----      0219H    0002H
  +--> ?PR?PWM_24?MAIN
  +--> ?PR?_LOW_LEVEL_500U?BASAL

?PR?_RIGHT_DOWN?WALKING                     -----    -----      -----    -----      0219H    0002H
  +--> ?PR?PWM_24?MAIN
  +--> ?PR?_LOW_LEVEL_500U?BASAL

?PR?_RIGHT_CS?WALKING                       -----    -----      -----    -----      0219H    0002H
  +--> ?PR?PWM_24?MAIN
  +--> ?PR?_LOW_LEVEL_500U?BASAL

?PR?_LEFT_UP?WALKING                        -----    -----      -----    -----      0219H    0002H
  +--> ?PR?PWM_24?MAIN
  +--> ?PR?_LOW_LEVEL_500U?BASAL

?PR?_LEFT_FORWARD?WALKING                   -----    -----      -----    -----      0219H    0002H
  +--> ?PR?PWM_24?MAIN
  +--> ?PR?_LOW_LEVEL_500U?BASAL

?PR?_LEFT_DOWN?WALKING                      -----    -----      -----    -----      0219H    0002H
  +--> ?PR?PWM_24?MAIN
  +--> ?PR?_LOW_LEVEL_500U?BASAL

?PR?_STAND_UP?BASAL                         -----    -----      -----    -----      0219H    0002H
  +--> ?PR?PWM_24?MAIN
  +--> ?PR?_LOW_LEVEL_500U?BASAL

?PR?_FWC?BASAL                              -----    -----      -----    -----      0216H    0003H
  +--> ?PR?_RELATIVE?BASAL
  +--> ?PR?_P_TO_P?BASAL
  +--> ?PR?PWM_24?MAIN
  +--> ?PR?_LOW_LEVEL_500U?BASAL
  +--> ?PR?_DELAY10MS?DELAY

?PR?_YANGWOQIZUO?BASAL                      -----    -----      -----    -----      0216H    0003H
  +--> ?PR?_RELATIVE?BASAL
  +--> ?PR?_P_TO_P?BASAL
  +--> ?PR?HP?BASAL
  +--> ?PR?_DELAY10MS?DELAY
  +--> ?PR?PWM_24?MAIN
  +--> ?PR?_LOW_LEVEL_500U?BASAL
  +--> ?PR?_DELAY1MS?DELAY
  +--> ?PR?HPQ?BASAL

BL51 BANKED LINKER/LOCATER V6.00                                                      09/09/2017  17:29:44  PAGE 16


?PR?HP?BASAL                                -----    -----      -----    -----      -----    -----
  +--> ?PR?_RELATIVE?BASAL
  +--> ?PR?_P_TO_P?BASAL
  +--> ?PR?_DELAY10MS?DELAY
  +--> ?PR?INITIAL_POSITION?BASAL

?PR?JINGLI_L?BASAL                          -----    -----      -----    -----      0218H    0001H
  +--> ?PR?PWM_24?MAIN
  +--> ?PR?_LOW_LEVEL_500U?BASAL
  +--> ?PR?_DELAY500MS?DELAY

?PR?JINGLI_R?BASAL                          -----    -----      -----    -----      0216H    0001H
  +--> ?PR?PWM_24?MAIN
  +--> ?PR?_LOW_LEVEL_500U?BASAL
  +--> ?PR?_DELAY1S?DELAY
  +--> ?PR?_DELAY500MS?DELAY

?PR?QIAOXIYANG?QIAOXIYANG                   -----    -----      -----    -----      -----    -----
  +--> ?PR?XIYANG_6?QIAOXIYANG
  +--> ?PR?XIYANG_4?QIAOXIYANG
  +--> ?PR?XIYANG_3?QIAOXIYANG
  +--> ?PR?XIYANG_5?QIAOXIYANG
  +--> ?PR?XIYANG_2?QIAOXIYANG
  +--> ?PR?XIYANG_9?QIAOXIYANG
  +--> ?PR?XIYANG_1?QIAOXIYANG
  +--> ?PR?XIYANG_7?QIAOXIYANG
  +--> ?PR?XIYANG_10?QIAOXIYANG
  +--> ?PR?XIYANG_8?QIAOXIYANG

?PR?XIYANG_6?QIAOXIYANG                     -----    -----      -----    -----      0216H    0004H
  +--> ?PR?PWM_24?MAIN
  +--> ?PR?_LOW_LEVEL_500U?BASAL
  +--> ?PR?_DELAY10MS?DELAY
  +--> ?PR?_DELAY500MS?DELAY
  +--> ?PR?INITIAL_POSITION?BASAL

?PR?XIYANG_5?QIAOXIYANG                     -----    -----      -----    -----      0216H    0002H
  +--> ?PR?PWM_24?MAIN
  +--> ?PR?_LOW_LEVEL_500U?BASAL
  +--> ?PR?_DELAY10MS?DELAY
  +--> ?PR?FORWARDDELAY?BASAL
  +--> ?PR?_DELAY500MS?DELAY
  +--> ?PR?BACKDELAY?BASAL
  +--> ?PR?INITIAL_POSITION?BASAL

?PR?FORWARDDELAY?BASAL                      -----    -----      -----    -----      021DH    0001H
  +--> ?PR?_DELAY10MS?DELAY

?PR?BACKDELAY?BASAL                         -----    -----      -----    -----      021DH    0001H
  +--> ?PR?_DELAY10MS?DELAY

?PR?XIYANG_9?QIAOXIYANG                     -----    -----      -----    -----      0216H    0002H
  +--> ?PR?PWM_24?MAIN
  +--> ?PR?_LOW_LEVEL_500U?BASAL
  +--> ?PR?_DELAY10MS?DELAY
  +--> ?PR?INITIAL_POSITION?BASAL

BL51 BANKED LINKER/LOCATER V6.00                                                      09/09/2017  17:29:44  PAGE 17


?PR?XIYANG_7?QIAOXIYANG                     -----    -----      -----    -----      0216H    0003H
  +--> ?PR?PWM_24?MAIN
  +--> ?PR?_LOW_LEVEL_500U?BASAL
  +--> ?PR?_XIYANG_XIAO7?QIAOXIYANG
  +--> ?PR?_DELAY10MS?DELAY
  +--> ?PR?_DELAY500MS?DELAY
  +--> ?PR?INITIAL_POSITION?BASAL

?PR?_XIYANG_XIAO7?QIAOXIYANG                -----    -----      -----    -----      0219H    0002H
  +--> ?PR?PWM_24?MAIN
  +--> ?PR?_LOW_LEVEL_500U?BASAL

?PR?XIYANG_10?QIAOXIYANG                    -----    -----      -----    -----      0216H    0002H
  +--> ?PR?PWM_24?MAIN
  +--> ?PR?_LOW_LEVEL_500U?BASAL
  +--> ?PR?_DELAY10MS?DELAY
  +--> ?PR?INITIAL_POSITION?BASAL

?PR?XIYANG_8?QIAOXIYANG                     -----    -----      -----    -----      0216H    0001H
  +--> ?PR?PWM_24?MAIN
  +--> ?PR?_LOW_LEVEL_500U?BASAL
  +--> ?PR?_DELAY1S?DELAY
  +--> ?PR?INITIAL_POSITION?BASAL

?PR?JIEWU?JIEWU                             -----    -----      -----    -----      -----    -----
  +--> ?PR?INITIAL_POSITION?BASAL
  +--> ?PR?_DELAY500MS?DELAY
  +--> ?PR?YAOBIBAITOU?JIEWU
  +--> ?PR?DPZHCH?JIEWU
  +--> ?PR?_SHOU_DD?JIEWU
  +--> ?PR?QHZY_NIU?JIEWU
  +--> ?PR?_WDL_PYI?JIEWU
  +--> ?PR?_FWC?BASAL
  +--> ?PR?HFH_R?JIEWU
  +--> ?PR?_WDR_PYI?JIEWU
  +--> ?PR?HFH_L?JIEWU
  +--> ?PR?JINGLI_R?BASAL
  +--> ?PR?JINGLI_L?BASAL

?PR?YAOBIBAITOU?JIEWU                       -----    -----      -----    -----      0216H    0003H
  +--> ?PR?PWM_24?MAIN
  +--> ?PR?_LOW_LEVEL_500U?BASAL
  +--> ?PR?_DELAY10MS?DELAY

?PR?DPZHCH?JIEWU                            -----    -----      -----    -----      0216H    0003H
  +--> ?PR?_SIT_DOWN?BASAL
  +--> ?PR?PWM_24?MAIN
  +--> ?PR?_LOW_LEVEL_500U?BASAL
  +--> ?PR?_DPZC_1?JIEWU
  +--> ?PR?_STAND_UP?BASAL

?PR?_DPZC_1?JIEWU                           -----    -----      -----    -----      0219H    0002H
  +--> ?PR?PWM_24?MAIN
  +--> ?PR?_LOW_LEVEL_500U?BASAL

?PR?_SHOU_DD?JIEWU                          -----    -----      -----    -----      0216H    0004H
  +--> ?PR?PWM_24?MAIN
BL51 BANKED LINKER/LOCATER V6.00                                                      09/09/2017  17:29:44  PAGE 18


  +--> ?PR?_LOW_LEVEL_500U?BASAL

?PR?QHZY_NIU?JIEWU                          -----    -----      -----    -----      0216H    0002H
  +--> ?PR?_SIT_DOWN?BASAL
  +--> ?PR?PWM_24?MAIN
  +--> ?PR?_LOW_LEVEL_500U?BASAL
  +--> ?PR?_DELAY1S?DELAY
  +--> ?PR?_DELAY500MS?DELAY
  +--> ?PR?_QHZY_NIU_2?JIEWU
  +--> ?PR?_STAND_UP?BASAL

?PR?_QHZY_NIU_2?JIEWU                       -----    -----      -----    -----      0218H    0003H
  +--> ?PR?PWM_24?MAIN
  +--> ?PR?_LOW_LEVEL_500U?BASAL

?PR?_WDL_PYI?JIEWU                          -----    -----      -----    -----      0216H    0003H
  +--> ?PR?_SIT_DOWN?BASAL
  +--> ?PR?PWM_24?MAIN
  +--> ?PR?_LOW_LEVEL_500U?BASAL
  +--> ?PR?_DELAY500MS?DELAY
  +--> ?PR?_STAND_UP?BASAL

?PR?HFH_R?JIEWU                             -----    -----      -----    -----      0216H    0002H
  +--> ?PR?PWM_24?MAIN
  +--> ?PR?_LOW_LEVEL_500U?BASAL
  +--> ?PR?_SIT_DOWN?BASAL
  +--> ?PR?_DELAY10MS?DELAY
  +--> ?PR?_STAND_UP?BASAL
  +--> ?PR?INITIAL_POSITION?BASAL

?PR?_WDR_PYI?JIEWU                          -----    -----      -----    -----      0216H    0003H
  +--> ?PR?_SIT_DOWN?BASAL
  +--> ?PR?PWM_24?MAIN
  +--> ?PR?_LOW_LEVEL_500U?BASAL
  +--> ?PR?_DELAY500MS?DELAY
  +--> ?PR?_STAND_UP?BASAL

?PR?HFH_L?JIEWU                             -----    -----      -----    -----      0216H    0002H
  +--> ?PR?PWM_24?MAIN
  +--> ?PR?_LOW_LEVEL_500U?BASAL
  +--> ?PR?_SIT_DOWN?BASAL
  +--> ?PR?_DELAY10MS?DELAY
  +--> ?PR?_STAND_UP?BASAL
  +--> ?PR?INITIAL_POSITION?BASAL

?PR?QIANSHOU?QIANSHOU                       -----    -----      -----    -----      0216H    0001H
  +--> ?PR?PWM_24?MAIN
  +--> ?PR?_LOW_LEVEL_500U?BASAL
  +--> ?PR?_DELAY1S?DELAY
  +--> ?PR?QIANSHOU_1?QIANSHOU
  +--> ?PR?QIANSHOU_2?QIANSHOU
  +--> ?PR?_QIANSHOU_3?QIANSHOU
  +--> ?PR?_QIANSHOU_4?QIANSHOU
  +--> ?PR?_QIANSHOU_9?QIANSHOU
  +--> ?PR?_QIANSHOU_10?QIANSHOU
  +--> ?PR?_QIANSHOU_5?QIANSHOU
  +--> ?PR?_DELAY500MS?DELAY
BL51 BANKED LINKER/LOCATER V6.00                                                      09/09/2017  17:29:44  PAGE 19


  +--> ?PR?QIANSHOU_6?QIANSHOU
  +--> ?PR?_QIANSHOU_7?QIANSHOU
  +--> ?PR?QIANSHOU_8?QIANSHOU

?PR?QIANSHOU_1?QIANSHOU                     -----    -----      -----    -----      0217H    0001H
  +--> ?PR?PWM_24?MAIN
  +--> ?PR?_LOW_LEVEL_500U?BASAL
  +--> ?PR?_DELAY500MS?DELAY

?PR?QIANSHOU_2?QIANSHOU                     -----    -----      -----    -----      0217H    0001H
  +--> ?PR?FORWARDDELAY?BASAL
  +--> ?PR?PWM_24?MAIN
  +--> ?PR?_LOW_LEVEL_500U?BASAL
  +--> ?PR?BACKDELAY?BASAL

?PR?_QIANSHOU_3?QIANSHOU                    -----    -----      -----    -----      0217H    0003H
  +--> ?PR?PWM_24?MAIN
  +--> ?PR?_LOW_LEVEL_500U?BASAL
  +--> ?PR?FORWARDDELAY?BASAL
  +--> ?PR?_DELAY1S?DELAY
  +--> ?PR?BACKDELAY?BASAL

?PR?_QIANSHOU_4?QIANSHOU                    -----    -----      -----    -----      0217H    0003H
  +--> ?PR?PWM_24?MAIN
  +--> ?PR?_LOW_LEVEL_500U?BASAL
  +--> ?PR?FORWARDDELAY?BASAL
  +--> ?PR?BACKDELAY?BASAL

?PR?_QIANSHOU_9?QIANSHOU                    -----    -----      -----    -----      0217H    0003H
  +--> ?PR?FORWARDDELAY?BASAL
  +--> ?PR?PWM_24?MAIN
  +--> ?PR?_LOW_LEVEL_500U?BASAL
  +--> ?PR?BACKDELAY?BASAL

?PR?_QIANSHOU_10?QIANSHOU                   -----    -----      -----    -----      0217H    0003H
  +--> ?PR?PWM_24?MAIN
  +--> ?PR?_LOW_LEVEL_500U?BASAL
  +--> ?PR?FORWARDDELAY?BASAL
  +--> ?PR?BACKDELAY?BASAL

?PR?_QIANSHOU_5?QIANSHOU                    -----    -----      -----    -----      0217H    0004H
  +--> ?PR?PWM_24?MAIN
  +--> ?PR?_LOW_LEVEL_500U?BASAL

?PR?QIANSHOU_6?QIANSHOU                     -----    -----      -----    -----      0217H    0006H
  +--> ?PR?FORWARDDELAY?BASAL
  +--> ?PR?_RELATIVE?BASAL
  +--> ?PR?_P_TO_P?BASAL
  +--> ?PR?BACKDELAY?BASAL
  +--> ?PR?_DELAY1S?DELAY
  +--> ?PR?_DELAY500MS?DELAY

?PR?_QIANSHOU_7?QIANSHOU                    -----    -----      -----    -----      0217H    0003H
  +--> ?PR?PWM_24?MAIN
  +--> ?PR?_LOW_LEVEL_500U?BASAL
  +--> ?PR?FORWARDDELAY?BASAL
  +--> ?PR?BACKDELAY?BASAL
BL51 BANKED LINKER/LOCATER V6.00                                                      09/09/2017  17:29:44  PAGE 20


  +--> ?PR?_DELAY10MS?DELAY

?PR?QIANSHOU_8?QIANSHOU                     -----    -----      -----    -----      0217H    0001H
  +--> ?PR?PWM_24?MAIN
  +--> ?PR?_LOW_LEVEL_500U?BASAL
  +--> ?PR?FORWARDDELAY?BASAL
  +--> ?PR?_DELAY1S?DELAY
  +--> ?PR?BACKDELAY?BASAL

?PR?TICAO?TICAO                             -----    -----      -----    -----      -----    -----
  +--> ?PR?INITIAL_POSITION?BASAL
  +--> ?PR?_DELAY10MS?DELAY
  +--> ?PR?JINGLI_R?BASAL
  +--> ?PR?_DELAY500MS?DELAY
  +--> ?PR?TICE_YD?TICAO
  +--> ?PR?CS_XD_LEFT?TICAO
  +--> ?PR?SHENZHAN?TICAO
  +--> ?PR?KUOXIONG?TICAO
  +--> ?PR?CS_XD_RIGHT?TICAO
  +--> ?PR?PY_SS_LEFT?TICAO
  +--> ?PR?PY_SS_RIGHT?TICAO
  +--> ?PR?XQ_TD?TICAO

?PR?TICE_YD?TICAO                           -----    -----      -----    -----      0216H    0002H
  +--> ?PR?PWM_24?MAIN
  +--> ?PR?_LOW_LEVEL_500U?BASAL
  +--> ?PR?_DELAY10MS?DELAY
  +--> ?PR?_DELAY1S?DELAY
  +--> ?PR?_DELAY500MS?DELAY

?PR?CS_XD_LEFT?TICAO                        -----    -----      -----    -----      0216H    0001H
  +--> ?PR?PWM_24?MAIN
  +--> ?PR?_LOW_LEVEL_500U?BASAL

?PR?SHENZHAN?TICAO                          -----    -----      -----    -----      0216H    0001H
  +--> ?PR?_P_TO_P?BASAL
  +--> ?PR?_DELAY500MS?DELAY
  +--> ?PR?_DELAY10MS?DELAY

?PR?KUOXIONG?TICAO                          -----    -----      -----    -----      0216H    0001H
  +--> ?PR?_P_TO_P?BASAL
  +--> ?PR?_DELAY10MS?DELAY
  +--> ?PR?_DELAY1S?DELAY

?PR?CS_XD_RIGHT?TICAO                       -----    -----      -----    -----      0216H    0001H
  +--> ?PR?PWM_24?MAIN
  +--> ?PR?_LOW_LEVEL_500U?BASAL

?PR?PY_SS_LEFT?TICAO                        -----    -----      -----    -----      0216H    0002H
  +--> ?PR?_SIT_DOWN?BASAL
  +--> ?PR?PWM_24?MAIN
  +--> ?PR?_LOW_LEVEL_500U?BASAL
  +--> ?PR?_STAND_UP?BASAL

?PR?PY_SS_RIGHT?TICAO                       -----    -----      -----    -----      0216H    0002H
  +--> ?PR?_SIT_DOWN?BASAL
  +--> ?PR?PWM_24?MAIN
BL51 BANKED LINKER/LOCATER V6.00                                                      09/09/2017  17:29:44  PAGE 21


  +--> ?PR?_LOW_LEVEL_500U?BASAL
  +--> ?PR?_STAND_UP?BASAL

?PR?XQ_TD?TICAO                             -----    -----      -----    -----      0216H    0002H
  +--> ?PR?PWM_24?MAIN
  +--> ?PR?_LOW_LEVEL_500U?BASAL
  +--> ?PR?_DELAY10MS?DELAY
  +--> ?PR?_P_TO_P?BASAL
  +--> ?PR?JINGLI_L?BASAL

?PR?QIANPAXIA?BASAL                         -----    -----      -----    -----      0216H    0001H
  +--> ?PR?_RELATIVE?BASAL
  +--> ?PR?_P_TO_P?BASAL
  +--> ?PR?PWM_24?MAIN
  +--> ?PR?_LOW_LEVEL_500U?BASAL
  +--> ?PR?_DELAY1S?DELAY

?PR?TAIJIAOZI?BASAL                         -----    -----      -----    -----      0216H    0001H
  +--> ?PR?_P_TO_P?BASAL
  +--> ?PR?_WALK?WALKING

?PR?_HOUTUI?WALKING                         -----    -----      -----    -----      0216H    0002H
  +--> ?PR?_SIT_DOWN?BASAL
  +--> ?PR?_DELAY500MS?DELAY
  +--> ?PR?_LEFT_CS?WALKING
  +--> ?PR?_RIGHT_UP?WALKING
  +--> ?PR?_LEFT_FORWARD?WALKING
  +--> ?PR?_RIGHT_DOWN?WALKING
  +--> ?PR?_RIGHT_CS?WALKING
  +--> ?PR?_LEFT_UP?WALKING
  +--> ?PR?_RIGHT_FORWARD?WALKING
  +--> ?PR?_LEFT_DOWN?WALKING
  +--> ?PR?_STAND_UP?BASAL

?PR?_CYC?TUXINGHUA                          -----    -----      -----    -----      0203H    0013H
  +--> ?PR?_CH376BYTELOCATE?MAIN
  +--> ?PR?_CH376BYTEREAD?MAIN
  +--> ?PR?MP3_STOP?MAIN
  +--> ?PR?_MP3_SETPLAY?MAIN
  +--> ?PR?DAOLI?BASAL
  +--> ?PR?PCH?BASAL
  +--> ?PR?_TURN_LEFT?BASAL
  +--> ?PR?_WALK?WALKING
  +--> ?PR?_TURN_RIGHT?BASAL
  +--> ?PR?_L_PYI?BASAL
  +--> ?PR?_FWC?BASAL
  +--> ?PR?_R_PYI?BASAL
  +--> ?PR?_GOAL_L?BASAL
  +--> ?PR?_YANGWOQIZUO?BASAL
  +--> ?PR?_GOAL_R?BASAL
  +--> ?PR?JINGLI_L?BASAL
  +--> ?PR?JINGLI_R?BASAL
  +--> ?PR?QIAOXIYANG?QIAOXIYANG
  +--> ?PR?JIEWU?JIEWU
  +--> ?PR?QIANSHOU?QIANSHOU
  +--> ?PR?TICAO?TICAO
  +--> ?PR?QGF?BASAL
BL51 BANKED LINKER/LOCATER V6.00                                                      09/09/2017  17:29:44  PAGE 22


  +--> ?PR?HGF?BASAL
  +--> ?PR?QIANPAXIA?BASAL
  +--> ?PR?QIANPQ?BASAL
  +--> ?PR?HP?BASAL
  +--> ?PR?HPQ?BASAL
  +--> ?PR?TAIJIAOZI?BASAL
  +--> ?PR?_HOUTUI?WALKING
  +--> ?PR?_P_TO_P?BASAL
  +--> ?PR?_DELAY10MS?DELAY

?PR?_DELAY100US?DELAY                       -----    -----      -----    -----      -----    -----
  +--> ?PR?_DELAY10US?DELAY

?PR?OBTAIN_PSXCODE?MAIN                     -----    -----      -----    -----      01E2H    000BH
  +--> ?CO?MAIN
  +--> ?PR?DELAY1US_PSX?MAIN
  +--> ?PR?DELAY3US_PSX?MAIN

?PR?_INITIAL_POSITION_SLOWONE?BASAL         -----    -----      -----    -----      01E2H    0001H
  +--> ?PR?_RELATIVE?BASAL
  +--> ?PR?_P_TO_P?BASAL

?PR?CLEAR_PSXBUFF?MAIN                      -----    -----      -----    -----      01E2H    000BH
  +--> ?CO?MAIN
  +--> ?PR?DELAY1US_PSX?MAIN
  +--> ?PR?DELAY3US_PSX?MAIN

?PR?DT_L?BASAL                              -----    -----      -----    -----      01E2H    0001H
  +--> ?PR?_RELATIVE?BASAL
  +--> ?PR?_P_TO_P?BASAL
  +--> ?PR?PWM_24?MAIN
  +--> ?PR?_LOW_LEVEL_500U?BASAL
  +--> ?PR?_DELAY10MS?DELAY
  +--> ?PR?_DELAY1S?DELAY
  +--> ?PR?INITIAL_POSITION?BASAL

?PR?DT_R?BASAL                              -----    -----      -----    -----      01E2H    0001H
  +--> ?PR?_RELATIVE?BASAL
  +--> ?PR?_P_TO_P?BASAL
  +--> ?PR?PWM_24?MAIN
  +--> ?PR?_LOW_LEVEL_500U?BASAL
  +--> ?PR?_DELAY10MS?DELAY
  +--> ?PR?_DELAY1S?DELAY
  +--> ?PR?INITIAL_POSITION?BASAL

?PR?WUDAO?BASAL                             -----    -----      -----    -----      01E2H    0001H
  +--> ?PR?_RELATIVE?BASAL
  +--> ?PR?_P_TO_P?BASAL
  +--> ?PR?_DELAY10MS?DELAY
  +--> ?PR?PWM_24?MAIN
  +--> ?PR?_LOW_LEVEL_500U?BASAL



SYMBOL TABLE OF MODULE:  SHProject (MAIN)

  VALUE           TYPE          NAME
BL51 BANKED LINKER/LOCATER V6.00                                                      09/09/2017  17:29:44  PAGE 23


  ----------------------------------

  -------         MODULE        MAIN
  C:0000H         SYMBOL        _ICE_DUMMY_
  D:0092H         PUBLIC        P1M0
  D:0093H         PUBLIC        P0M1
  D:0096H         PUBLIC        P2M0
  D:0091H         PUBLIC        P1M1
  D:0080H         PUBLIC        P0
  D:00B2H         PUBLIC        P3M0
  D:0095H         PUBLIC        P2M1
  D:0090H         PUBLIC        P1
  C:ED66H         PUBLIC        MP3_RePlay
  D:00B4H         PUBLIC        P4M0
  D:00B1H         PUBLIC        P3M1
  D:00A0H         PUBLIC        P2
  D:00CAH         PUBLIC        P5M0
  D:00B3H         PUBLIC        P4M1
  D:00B0H         PUBLIC        P3
  D:00CCH         PUBLIC        P6M0
  D:00C9H         PUBLIC        P5M1
  D:00C0H         PUBLIC        P4
  C:EE04H         PUBLIC        CH376GetIntStatus
  D:00E2H         PUBLIC        P7M0
  D:00CBH         PUBLIC        P6M1
  D:00C8H         PUBLIC        P5
  B:00A8H.7       PUBLIC        EA
  D:00E1H         PUBLIC        P7M1
  D:00E8H         PUBLIC        P6
  D:00F8H         PUBLIC        P7
  X:0000H         PUBLIC        psx_key
  C:EDC9H         PUBLIC        _CH376FileCreate
  D:00CEH         PUBLIC        SPCTL
  X:0001H         PUBLIC        envbuf
  X:0008H         PUBLIC        psx_key_buff_flag
  D:00A2H         PUBLIC        P_SW1
  C:E17AH         PUBLIC        Wait376Interrupt
  D:00BAH         PUBLIC        P_SW2
  X:0009H         PUBLIC        psx_key_buff
  D:00A8H         PUBLIC        IE
  C:ED99H         PUBLIC        _CH376ReadVar8
  C:EDEFH         PUBLIC        Query376Interrupt
  B:0021H.2       PUBLIC        anjian_bit_flag
  C:E8A2H         PUBLIC        Online_DoInit
  B:00C8H.4       PUBLIC        SPISS
  C:EE24H         PUBLIC        _CH376SendCmdWaitInt
  C:E6B5H         PUBLIC        Uart_Init
  X:000AH         PUBLIC        RX2_in
  B:0021H.3       PUBLIC        anjian_bit
  B:00A8H.4       PUBLIC        ES
  D:00B8H         PUBLIC        IP
  C:0046H         PUBLIC        _CH376ReadBlock
  X:000BH         PUBLIC        RX1_Buffer
  X:019BH         PUBLIC        RX2_Buffer
  B:0098H.0       PUBLIC        RI
  X:01ABH         PUBLIC        volume
  X:01ACH         PUBLIC        RX3_Buffer
BL51 BANKED LINKER/LOCATER V6.00                                                      09/09/2017  17:29:44  PAGE 24


  X:01ADH         PUBLIC        RX4_Buffer
  B:0098H.1       PUBLIC        TI
  C:ED77H         PUBLIC        _CH376WriteVar8
  D:0097H         PUBLIC        CLK_DIV
  C:E64BH         PUBLIC        _CH376ByteLocate
  C:E024H         PUBLIC        xReadCH376Data
  C:E0D1H         PUBLIC        UART1_Interrupt
  C:C85BH         PUBLIC        UART2_Interrupt
  D:00D8H         PUBLIC        CCON
  C:EBDCH         PUBLIC        UART3_Interrupt
  C:EB55H         PUBLIC        UART4_Interrupt
  C:0096H         PUBLIC        main
  C:E12EH         PUBLIC        SetValueParas
  X:01AEH         PUBLIC        flag_power
  C:D876H         PUBLIC        _CreateSdcardFile
  C:EDBDH         PUBLIC        _CH376SendCmdDatWaitInt
  C:EB41H         PUBLIC        _xWriteCH376Data
  D:0099H         PUBLIC        SBUF
  C:ED55H         PUBLIC        MP3_Pause
  D:0098H         PUBLIC        SCON
  B:00C0H.0       PUBLIC        P40
  D:0088H         PUBLIC        TCON
  C:E726H         PUBLIC        DoCheckout_Online
  B:00C8H.5       PUBLIC        P55
  C:9E10H         PUBLIC        PWM_24
  C:5BCFH         PUBLIC        Obtain_PSXCode
  C:EDA9H         PUBLIC        _CH376ReadVar32
  D:00AFH         PUBLIC        IE2
  D:008EH         PUBLIC        AUXR
  D:00F0H         PUBLIC        B
  C:DBD6H         PUBLIC        _CH376ByteRead
  C:EB87H         SYMBOL        _?ix1000
  C:EB90H         SYMBOL        _?ix1001
  C:E340H         PUBLIC        _CH376FileOpen
  C:E54FH         PUBLIC        _ReadSdcardFile32Bytes
  B:0021H.4       PUBLIC        acc_bit
  C:E9BDH         PUBLIC        _xWriteCH376Cmd
  C:DE31H         PUBLIC        Clear_PSXBuff
  C:E1CDH         PUBLIC        _CH376WriteVar32
  B:00A8H.0       PUBLIC        EX0
  D:00D6H         PUBLIC        T2H
  D:00D2H         PUBLIC        T4H
  C:ECCFH         PUBLIC        Accel_Init
  X:01AFH         PUBLIC        zhuangtai
  C:DD47H         PUBLIC        _CH376ByteWrite
  C:E991H         PUBLIC        mInitCH376Host
  D:00D7H         PUBLIC        T2L
  C:E6EEH         PUBLIC        _CH376WriteReqBlock
  D:00D3H         PUBLIC        T4L
  B:0088H.4       PUBLIC        TR0
  X:01B0H         PUBLIC        in
  B:0088H.6       PUBLIC        TR1
  C:E67BH         PUBLIC        QianShou_DoInit
  B:0021H.5       PUBLIC        RX1_flag
  C:ED44H         PUBLIC        MP3_Stop
  B:0021H.6       PUBLIC        RX2_flag
  X:01B2H         PUBLIC        out
BL51 BANKED LINKER/LOCATER V6.00                                                      09/09/2017  17:29:44  PAGE 25


  X:01B4H         PUBLIC        SdcardBuff
  C:E907H         PUBLIC        _MP3_SetVolume
  C:EC9FH         PUBLIC        _UART1_PrintString
  B:0021H.7       PUBLIC        RX4_flag
  C:000EH         PUBLIC        UART4_ResetBauteRate
  D:00D1H         PUBLIC        T4T3M
  C:DE9CH         PUBLIC        CPU_Init
  B:0022H.0       PUBLIC        psx_mode_flag
  C:CB6CH         PUBLIC        _CH376SetFileName
  D:00CDH         PUBLIC        SPSTAT
  C:ED0EH         PUBLIC        Init_SPI
  B:0022H.1       PUBLIC        RX1_mode
  D:009BH         PUBLIC        S2BUF
  C:E964H         PUBLIC        UART1Send_InitPositon
  X:01D4H         PUBLIC        psx_mode
  D:00ADH         PUBLIC        S3BUF
  C:D99FH         PUBLIC        _CH376FileOpenDir
  C:EE31H         PUBLIC        CH376GetDiskStatus
  D:0085H         PUBLIC        S4BUF
  C:E50FH         PUBLIC        _xSetCH376CmdData
  D:009AH         PUBLIC        S2CON
  X:01D5H         PUBLIC        RX2_Key
  D:00ACH         PUBLIC        S3CON
  D:0084H         PUBLIC        S4CON
  C:0006H         PUBLIC        Delay1us_PSX
  C:E86EH         PUBLIC        _xSetCH376Cmd
  C:EE0DH         PUBLIC        Delay3us_PSX
  C:DC4DH         PUBLIC        CH376Read32bitDat
  C:E8D5H         PUBLIC        _UART1_PrintArrayBytes
  C:EE2BH         PUBLIC        CH376GetFileSize
  B:0022H.2       PUBLIC        flag_acc_enable
  C:DF06H         PUBLIC        PSXKey_Filter
  X:01D7H         PUBLIC        anjian
  C:EE1DH         PUBLIC        CH376EndDirInfo
  C:EDFAH         PUBLIC        _UART1_PrintByte
  C:E385H         PUBLIC        _WriteSdcardFileBuffBytes
  C:D0B1H         PUBLIC        _CH376SeparatePath
  C:E80DH         PUBLIC        _MP3_SetPlay
  C:EC40H         PUBLIC        _UART3_PrintByte
  D:00D0H         PUBLIC        PSW
  C:C968H         PUBLIC        _ReadSdcardFileAllBytes
  D:00CFH         PUBLIC        SPDAT
  D:0094H         PUBLIC        P0M0
  -------         PROC          UART_INIT
  C:E6B5H         LINE#         75
  C:E6B5H         LINE#         76
  C:E6B5H         LINE#         77
  C:E6B8H         LINE#         79
  C:E6BBH         LINE#         80
  C:E6BEH         LINE#         82
  C:E6C1H         LINE#         83
  C:E6C4H         LINE#         85
  C:E6C7H         LINE#         87
  C:E6CAH         LINE#         88
  C:E6CDH         LINE#         89
  C:E6D0H         LINE#         90
  C:E6D3H         LINE#         91
BL51 BANKED LINKER/LOCATER V6.00                                                      09/09/2017  17:29:44  PAGE 26


  C:E6D6H         LINE#         93
  C:E6D9H         LINE#         94
  C:E6DCH         LINE#         95
  C:E6DFH         LINE#         97
  C:E6E2H         LINE#         98
  C:E6E5H         LINE#         100
  C:E6E8H         LINE#         102
  C:E6EAH         LINE#         103
  C:E6EDH         LINE#         104
  -------         ENDPROC       UART_INIT
  -------         PROC          UART4_RESETBAUTERATE
  C:000EH         LINE#         107
  C:000EH         LINE#         108
  C:000EH         LINE#         109
  C:0011H         LINE#         110
  C:0014H         LINE#         111
  C:0017H         LINE#         112
  C:001AH         LINE#         113
  -------         ENDPROC       UART4_RESETBAUTERATE
  -------         PROC          _UART1_PRINTSTRING
  D:0001H         SYMBOL        str
  C:EC9FH         LINE#         116
  C:EC9FH         LINE#         117
  C:EC9FH         LINE#         118
  C:ECA1H         LINE#         119
  C:ECA6H         LINE#         120
  C:ECA6H         LINE#         121
  C:ECA8H         LINE#         122
  C:ECABH         LINE#         123
  C:ECADH         LINE#         124
  C:ECB4H         LINE#         125
  C:ECB6H         LINE#         126
  -------         ENDPROC       _UART1_PRINTSTRING
  -------         PROC          _UART1_PRINTARRAYBYTES
  D:0001H         SYMBOL        str
  X:0203H         SYMBOL        len
  -------         DO            
  D:0006H         SYMBOL        i
  -------         ENDDO         
  C:E8D5H         LINE#         128
  C:E8DDH         LINE#         129
  C:E8DDH         LINE#         130
  C:E8E0H         LINE#         131
  C:E8E2H         LINE#         132
  C:E8EEH         LINE#         133
  C:E8EEH         LINE#         134
  C:E8F3H         LINE#         135
  C:E8F6H         LINE#         136
  C:E8F8H         LINE#         137
  C:E8FFH         LINE#         138
  C:E904H         LINE#         139
  C:E906H         LINE#         140
  -------         ENDPROC       _UART1_PRINTARRAYBYTES
  -------         PROC          _UART1_PRINTBYTE
  D:0007H         SYMBOL        value
  C:EDFAH         LINE#         142
  C:EDFAH         LINE#         143
BL51 BANKED LINKER/LOCATER V6.00                                                      09/09/2017  17:29:44  PAGE 27


  C:EDFAH         LINE#         144
  C:EDFCH         LINE#         145
  C:EDFEH         LINE#         146
  C:EE01H         LINE#         147
  C:EE03H         LINE#         148
  -------         ENDPROC       _UART1_PRINTBYTE
  C:EC39H         SYMBOL        L?0760
  -------         PROC          L?0759
  -------         ENDPROC       L?0759
  C:EC39H         SYMBOL        L?0760
  -------         PROC          _UART3_PRINTBYTE
  D:0007H         SYMBOL        value
  C:EC40H         LINE#         161
  C:EC40H         LINE#         162
  C:EC40H         LINE#         163
  C:EC43H         LINE#         164
  C:EC46H         LINE#         165
  C:EC48H         LINE#         166
  C:EC4DH         LINE#         167
  C:EC50H         LINE#         168
  C:EC53H         LINE#         169
  -------         ENDPROC       _UART3_PRINTBYTE
  -------         PROC          _MP3_SETVOLUME
  D:0006H         SYMBOL        volumeValue
  C:E907H         LINE#         184
  C:E909H         LINE#         185
  C:E909H         LINE#         186
  C:E915H         LINE#         187
  C:E915H         LINE#         188
  C:E91AH         LINE#         189
  C:E91FH         LINE#         190
  C:E924H         LINE#         191
  C:E929H         LINE#         192
  C:E930H         LINE#         193
  C:E935H         LINE#         194
  C:E935H         LINE#         195
  -------         ENDPROC       _MP3_SETVOLUME
  C:E804H         SYMBOL        L?0756
  C:E809H         SYMBOL        L?0757
  -------         PROC          L?0755
  -------         ENDPROC       L?0755
  C:E804H         SYMBOL        L?0756
  C:E809H         SYMBOL        L?0757
  -------         PROC          _MP3_SETPLAY
  D:0006H         SYMBOL        mulu
  D:0005H         SYMBOL        wenjian
  -------         DO            
  D:0004H         SYMBOL        i
  -------         ENDDO         
  C:E80DH         LINE#         197
  C:E80FH         LINE#         198
  C:E80FH         LINE#         199
  C:E811H         LINE#         200
  C:E816H         LINE#         201
  C:E81BH         LINE#         202
  C:E820H         LINE#         203
  C:E825H         LINE#         204
BL51 BANKED LINKER/LOCATER V6.00                                                      09/09/2017  17:29:44  PAGE 28


  C:E828H         LINE#         205
  C:E82DH         LINE#         206
  C:E830H         LINE#         207
  C:E834H         LINE#         208
  -------         ENDPROC       _MP3_SETPLAY
  -------         PROC          MP3_STOP
  C:ED44H         LINE#         212
  C:ED44H         LINE#         213
  C:ED44H         LINE#         214
  C:ED44H         LINE#         215
  C:ED47H         LINE#         216
  C:ED4CH         LINE#         217
  C:ED50H         LINE#         218
  -------         ENDPROC       MP3_STOP
  -------         PROC          MP3_PAUSE
  C:ED55H         LINE#         221
  C:ED55H         LINE#         222
  C:ED55H         LINE#         223
  C:ED55H         LINE#         224
  C:ED58H         LINE#         225
  C:ED5DH         LINE#         226
  C:ED61H         LINE#         227
  -------         ENDPROC       MP3_PAUSE
  -------         PROC          MP3_REPLAY
  C:ED66H         LINE#         230
  C:ED66H         LINE#         231
  C:ED66H         LINE#         232
  C:ED66H         LINE#         233
  C:ED69H         LINE#         234
  C:ED6EH         LINE#         235
  C:ED72H         LINE#         236
  -------         ENDPROC       MP3_REPLAY
  -------         PROC          _XWRITECH376CMD
  D:0007H         SYMBOL        mCmd
  C:E9BDH         LINE#         70
  C:E9BDH         LINE#         71
  C:E9BDH         LINE#         72
  C:E9C0H         LINE#         74
  C:E9C3H         LINE#         75
  C:E9C6H         LINE#         76
  C:E9CBH         LINE#         77
  C:E9CEH         LINE#         78
  C:E9D1H         LINE#         79
  C:E9D6H         LINE#         80
  C:E9D9H         LINE#         81
  C:E9DBH         LINE#         82
  C:E9E0H         LINE#         83
  C:E9E3H         LINE#         85
  C:E9E6H         LINE#         86
  -------         ENDPROC       _XWRITECH376CMD
  -------         PROC          L?0758
  -------         ENDPROC       L?0758
  -------         PROC          _XWRITECH376DATA
  D:0007H         SYMBOL        mData
  C:EB41H         LINE#         95
  C:EB41H         LINE#         96
  C:EB41H         LINE#         97
BL51 BANKED LINKER/LOCATER V6.00                                                      09/09/2017  17:29:44  PAGE 29


  C:EB44H         LINE#         99
  C:EB47H         LINE#         100
  C:EB49H         LINE#         101
  C:EB4EH         LINE#         102
  C:EB51H         LINE#         104
  C:EB54H         LINE#         105
  -------         ENDPROC       _XWRITECH376DATA
  -------         PROC          L?0765
  -------         ENDPROC       L?0765
  -------         PROC          XREADCH376DATA
  -------         DO            
  X:0237H         SYMBOL        i
  -------         ENDDO         
  C:E024H         LINE#         113
  C:E024H         LINE#         114
  C:E024H         LINE#         118
  C:E04AH         LINE#         119
  C:E04AH         LINE#         120
  C:E04DH         LINE#         121
  C:E04DH         LINE#         122
  C:E04FH         LINE#         124
  C:E055H         LINE#         125
  C:E055H         LINE#         126
  C:E076H         LINE#         128
  C:E078H         LINE#         129
  -------         ENDPROC       XREADCH376DATA
  -------         PROC          _XSETCH376CMDDATA
  D:0007H         SYMBOL        mCmd
  D:0005H         SYMBOL        mData
  -------         DO            
  D:0007H         SYMBOL        res
  -------         ENDDO         
  C:E50FH         LINE#         133
  C:E50FH         LINE#         134
  C:E50FH         LINE#         137
  C:E512H         LINE#         139
  C:E515H         LINE#         140
  C:E518H         LINE#         141
  C:E51DH         LINE#         142
  C:E520H         LINE#         143
  C:E523H         LINE#         144
  C:E528H         LINE#         145
  C:E52BH         LINE#         146
  C:E52DH         LINE#         147
  C:E532H         LINE#         148
  C:E535H         LINE#         149
  C:E539H         LINE#         150
  C:E53EH         LINE#         151
  C:E541H         LINE#         153
  C:E546H         LINE#         154
  C:E549H         LINE#         155
  C:E54BH         LINE#         157
  C:E54EH         LINE#         159
  C:E54EH         LINE#         160
  -------         ENDPROC       _XSETCH376CMDDATA
  -------         PROC          _XSETCH376CMD
  D:0007H         SYMBOL        mCmd
BL51 BANKED LINKER/LOCATER V6.00                                                      09/09/2017  17:29:44  PAGE 30


  -------         DO            
  D:0007H         SYMBOL        res
  -------         ENDDO         
  C:E86EH         LINE#         163
  C:E86EH         LINE#         164
  C:E86EH         LINE#         167
  C:E871H         LINE#         169
  C:E874H         LINE#         170
  C:E877H         LINE#         171
  C:E87CH         LINE#         172
  C:E87FH         LINE#         173
  C:E882H         LINE#         174
  C:E887H         LINE#         175
  C:E88AH         LINE#         176
  C:E88CH         LINE#         177
  C:E891H         LINE#         178
  C:E894H         LINE#         180
  C:E899H         LINE#         181
  C:E89CH         LINE#         182
  C:E89EH         LINE#         184
  C:E8A1H         LINE#         186
  C:E8A1H         LINE#         187
  -------         ENDPROC       _XSETCH376CMD
  -------         PROC          QUERY376INTERRUPT
  C:EDEFH         LINE#         197
  C:EDEFH         LINE#         198
  C:EDEFH         LINE#         203
  C:EDF2H         LINE#         204
  C:EDF2H         LINE#         205
  C:EDF4H         LINE#         207
  C:EDF7H         LINE#         208
  C:EDF7H         LINE#         210
  C:EDF7H         LINE#         211
  C:EDF9H         LINE#         212
  C:EDF9H         LINE#         214
  -------         ENDPROC       QUERY376INTERRUPT
  -------         PROC          MINITCH376HOST
  -------         DO            
  D:0007H         SYMBOL        res
  -------         ENDDO         
  C:E991H         LINE#         224
  C:E991H         LINE#         225
  C:E991H         LINE#         227
  C:E998H         LINE#         229
  C:E99FH         LINE#         231
  C:E9A4H         LINE#         233
  C:E9A8H         LINE#         234
  C:E9A8H         LINE#         235
  C:E9ADH         LINE#         236
  C:E9B1H         LINE#         237
  C:E9B6H         LINE#         238
  C:E9B9H         LINE#         239
  C:E9BCH         LINE#         240
  C:E9BCH         LINE#         242
  C:E9BCH         LINE#         244
  -------         ENDPROC       MINITCH376HOST
  -------         PROC          _CH376READBLOCK
BL51 BANKED LINKER/LOCATER V6.00                                                      09/09/2017  17:29:44  PAGE 31


  X:022FH         SYMBOL        buf
  -------         DO            
  X:0232H         SYMBOL        s
  X:0233H         SYMBOL        l
  -------         ENDDO         
  C:0046H         LINE#         253
  C:0051H         LINE#         254
  C:0051H         LINE#         257
  C:0053H         LINE#         258
  C:005FH         LINE#         259
  C:0061H         LINE#         260
  C:0061H         LINE#         262
  C:0061H         LINE#         263
  C:0073H         LINE#         264
  C:007DH         LINE#         265
  C:0085H         LINE#         266
  C:0085H         LINE#         267
  C:008AH         LINE#         268
  -------         ENDPROC       _CH376READBLOCK
  -------         PROC          _CH376WRITEREQBLOCK
  X:0201H         SYMBOL        buf
  -------         DO            
  D:0005H         SYMBOL        s
  D:0006H         SYMBOL        l
  -------         ENDDO         
  C:E6EEH         LINE#         277
  C:E6F9H         LINE#         278
  C:E6F9H         LINE#         281
  C:E6FBH         LINE#         282
  C:E702H         LINE#         283
  C:E705H         LINE#         284
  C:E705H         LINE#         286
  C:E705H         LINE#         287
  C:E717H         LINE#         288
  C:E721H         LINE#         289
  C:E723H         LINE#         290
  C:E723H         LINE#         292
  C:E725H         LINE#         293
  -------         ENDPROC       _CH376WRITEREQBLOCK
  -------         PROC          CH376READ32BITDAT
  -------         DO            
  X:0233H         SYMBOL        c0
  X:0234H         SYMBOL        c1
  X:0235H         SYMBOL        c2
  X:0236H         SYMBOL        c3
  -------         ENDDO         
  C:DC4DH         LINE#         301
  C:DC4DH         LINE#         302
  C:DC4DH         LINE#         305
  C:DC55H         LINE#         306
  C:DC5DH         LINE#         307
  C:DC65H         LINE#         308
  C:DC6DH         LINE#         309
  C:DCCCH         LINE#         310
  -------         ENDPROC       CH376READ32BITDAT
  -------         PROC          _CH376READVAR8
  D:0006H         SYMBOL        var
BL51 BANKED LINKER/LOCATER V6.00                                                      09/09/2017  17:29:44  PAGE 32


  -------         DO            
  D:0007H         SYMBOL        c0
  -------         ENDDO         
  C:ED99H         LINE#         318
  C:ED9BH         LINE#         319
  C:ED9BH         LINE#         322
  C:EDA0H         LINE#         323
  C:EDA5H         LINE#         324
  C:EDA8H         LINE#         325
  C:EDA8H         LINE#         326
  -------         ENDPROC       _CH376READVAR8
  -------         PROC          _CH376WRITEVAR8
  D:0006H         SYMBOL        var
  D:0005H         SYMBOL        dat
  C:ED77H         LINE#         337
  C:ED79H         LINE#         338
  C:ED79H         LINE#         339
  C:ED7EH         LINE#         340
  C:ED83H         LINE#         341
  -------         ENDPROC       _CH376WRITEVAR8
  -------         PROC          _CH376READVAR32
  D:0006H         SYMBOL        var
  C:EDA9H         LINE#         351
  C:EDABH         LINE#         352
  C:EDABH         LINE#         353
  C:EDB0H         LINE#         354
  C:EDB5H         LINE#         355
  C:EDB8H         LINE#         356
  -------         ENDPROC       _CH376READVAR32
  -------         PROC          _CH376WRITEVAR32
  D:0006H         SYMBOL        var
  X:0234H         SYMBOL        dat
  C:E1CDH         LINE#         367
  C:E1CFH         LINE#         368
  C:E1CFH         LINE#         369
  C:E1D4H         LINE#         370
  C:E1D9H         LINE#         371
  C:E1E4H         LINE#         372
  C:E1F0H         LINE#         373
  C:E206H         LINE#         374
  -------         ENDPROC       _CH376WRITEVAR32
  -------         PROC          CH376ENDDIRINFO
  C:EE1DH         LINE#         383
  C:EE1DH         LINE#         384
  C:EE1DH         LINE#         385
  -------         ENDPROC       CH376ENDDIRINFO
  -------         PROC          CH376GETFILESIZE
  C:EE2BH         LINE#         394
  C:EE2BH         LINE#         395
  C:EE2BH         LINE#         396
  C:EE30H         LINE#         397
  -------         ENDPROC       CH376GETFILESIZE
  -------         PROC          CH376GETDISKSTATUS
[...]
  C:8DE6H         LINE#         1453
  C:8DF5H         LINE#         1454
  C:8DF5H         LINE#         1455
  C:8DFBH         LINE#         1456
  C:8DFFH         LINE#         1458
  C:8E03H         LINE#         1459
  C:8E07H         LINE#         1461
  C:8E0DH         LINE#         1462
  C:8E13H         LINE#         1464
  C:8E19H         LINE#         1465
  C:8E1FH         LINE#         1467
  C:8E28H         LINE#         1468
  C:8E28H         LINE#         1469
  C:8E2EH         LINE#         1470
  C:8E34H         LINE#         1472
  C:8E3AH         LINE#         1473
  C:8E40H         LINE#         1474
  C:8E40H         LINE#         1475
  C:8E43H         LINE#         1476
  C:8E4AH         LINE#         1477
  C:8E52H         LINE#         1480
BL51 BANKED LINKER/LOCATER V6.00                                                      09/09/2017  17:29:44  PAGE 170


  C:8E57H         LINE#         1481
  C:8E57H         LINE#         1482
  C:8E5EH         LINE#         1483
  C:8E65H         LINE#         1484
  C:8E68H         LINE#         1485
  C:8E6FH         LINE#         1486
  C:8E7BH         LINE#         1487
  C:8E8AH         LINE#         1488
  C:8E8FH         LINE#         1489
  C:8E8FH         LINE#         1490
  C:8E95H         LINE#         1491
  C:8E9AH         LINE#         1492
  C:8E9EH         LINE#         1494
  C:8EA2H         LINE#         1495
  C:8EA7H         LINE#         1496
  C:8EABH         LINE#         1497
  C:8EAEH         LINE#         1498
  C:8EB5H         LINE#         1499
  C:8EC1H         LINE#         1500
  C:8EC6H         LINE#         1501
  -------         ENDPROC       XIYANG_9
  -------         PROC          XIYANG_10
  -------         DO            
  X:0216H         SYMBOL        j
  X:0217H         SYMBOL        i
  -------         ENDDO         
  C:8EC9H         LINE#         1510
  C:8EC9H         LINE#         1511
  C:8EC9H         LINE#         1513
  C:8ECEH         LINE#         1514
  C:8ECEH         LINE#         1515
  C:8ED4H         LINE#         1516
  C:8ED9H         LINE#         1517
  C:8EDDH         LINE#         1519
  C:8EE1H         LINE#         1520
  C:8EE6H         LINE#         1521
  C:8EEAH         LINE#         1522
  C:8EEDH         LINE#         1523
  C:8EF4H         LINE#         1524
  C:8F00H         LINE#         1526
  C:8F05H         LINE#         1527
  C:8F05H         LINE#         1528
  C:8F0AH         LINE#         1529
  C:8F0AH         LINE#         1530
  C:8F10H         LINE#         1531
  C:8F14H         LINE#         1533
  C:8F18H         LINE#         1534
  C:8F1CH         LINE#         1536
  C:8F23H         LINE#         1537
  C:8F2AH         LINE#         1538
  C:8F2DH         LINE#         1539
  C:8F34H         LINE#         1540
  C:8F40H         LINE#         1541
  C:8F45H         LINE#         1542
  C:8F45H         LINE#         1543
  C:8F4BH         LINE#         1544
  C:8F50H         LINE#         1545
BL51 BANKED LINKER/LOCATER V6.00                                                      09/09/2017  17:29:44  PAGE 171


  C:8F54H         LINE#         1546
  C:8F5AH         LINE#         1547
  C:8F5EH         LINE#         1548
  C:8F65H         LINE#         1549
  C:8F6CH         LINE#         1550
  C:8F6FH         LINE#         1551
  C:8F76H         LINE#         1552
  C:8F82H         LINE#         1554
  C:8F87H         LINE#         1555
  C:8F87H         LINE#         1556
  C:8F8DH         LINE#         1557
  C:8F92H         LINE#         1558
  C:8F96H         LINE#         1559
  C:8F9CH         LINE#         1560
  C:8FA0H         LINE#         1561
  C:8FA7H         LINE#         1562
  C:8FAEH         LINE#         1563
  C:8FB1H         LINE#         1564
  C:8FB8H         LINE#         1565
  C:8FC4H         LINE#         1567
  C:8FC9H         LINE#         1568
  C:8FC9H         LINE#         1569
  C:8FCFH         LINE#         1570
  C:8FD3H         LINE#         1572
  C:8FD7H         LINE#         1573
  C:8FDBH         LINE#         1575
  C:8FE1H         LINE#         1576
  C:8FE7H         LINE#         1578
  C:8FEDH         LINE#         1579
  C:8FF3H         LINE#         1580
  C:8FF6H         LINE#         1581
  C:8FFDH         LINE#         1582
  C:9009H         LINE#         1583
  C:900EH         LINE#         1584
  C:900EH         LINE#         1585
  C:9014H         LINE#         1586
  C:9018H         LINE#         1588
  C:901FH         LINE#         1589
  C:9026H         LINE#         1591
  C:902DH         LINE#         1592
  C:9034H         LINE#         1593
  C:9037H         LINE#         1594
  C:903EH         LINE#         1595
  C:904AH         LINE#         1596
  C:9059H         LINE#         1597
  C:9059H         LINE#         1598
  C:905FH         LINE#         1599
  C:9063H         LINE#         1601
  C:9067H         LINE#         1602
  C:906BH         LINE#         1604
  C:9071H         LINE#         1605
  C:9077H         LINE#         1607
  C:907DH         LINE#         1608
  C:9083H         LINE#         1610
  C:908CH         LINE#         1611
  C:908CH         LINE#         1612
  C:9092H         LINE#         1613
BL51 BANKED LINKER/LOCATER V6.00                                                      09/09/2017  17:29:44  PAGE 172


  C:9098H         LINE#         1615
  C:909EH         LINE#         1616
  C:90A4H         LINE#         1617
  C:90A4H         LINE#         1618
  C:90A7H         LINE#         1619
  C:90AEH         LINE#         1620
  C:90B6H         LINE#         1623
  C:90BBH         LINE#         1624
  C:90BBH         LINE#         1625
  C:90C2H         LINE#         1626
  C:90C9H         LINE#         1627
  C:90CCH         LINE#         1628
  C:90D3H         LINE#         1629
  C:90DFH         LINE#         1631
  C:90EEH         LINE#         1633
  C:90F3H         LINE#         1634
  C:90F3H         LINE#         1635
  C:90F9H         LINE#         1636
  C:90FEH         LINE#         1637
  C:9102H         LINE#         1639
  C:9106H         LINE#         1640
  C:910BH         LINE#         1641
  C:910FH         LINE#         1642
  C:9112H         LINE#         1643
  C:9119H         LINE#         1644
  C:9125H         LINE#         1645
  C:912AH         LINE#         1646
  -------         ENDPROC       XIYANG_10
  -------         PROC          QIAOXIYANG
  C:EBBBH         LINE#         1654
  C:EBBBH         LINE#         1655
  C:EBBBH         LINE#         1656
  C:EBBEH         LINE#         1657
  C:EBC1H         LINE#         1658
  C:EBC4H         LINE#         1659
  C:EBC7H         LINE#         1660
  C:EBCAH         LINE#         1661
  C:EBCDH         LINE#         1662
  C:EBD0H         LINE#         1663
  C:EBD3H         LINE#         1664
  C:EBD6H         LINE#         1665
  C:EBD9H         LINE#         1666
  -------         ENDPROC       QIAOXIYANG
  -------         ENDMOD        QIAOXIYANG

  -------         MODULE        HT1621
  C:0000H         SYMBOL        _ICE_DUMMY_
  D:0080H         PUBLIC        P0
  D:0090H         PUBLIC        P1
  D:00A0H         PUBLIC        P2
  D:00B0H         PUBLIC        P3
  D:00C0H         PUBLIC        P4
  D:00C8H         PUBLIC        P5
  D:00E8H         PUBLIC        P6
  D:00F8H         PUBLIC        P7
  X:0331H         PUBLIC        IR_SampleCnt
  D:00A8H         PUBLIC        IE
BL51 BANKED LINKER/LOCATER V6.00                                                      09/09/2017  17:29:44  PAGE 173


  X:0332H         PUBLIC        IR_DataShit
  C:ECE5H         PUBLIC        Inf_Init
  X:0333H         PUBLIC        IR_data
  X:0334H         PUBLIC        IR_code
  D:00B8H         PUBLIC        IP
  D:00D8H         PUBLIC        CCON
  B:0022H.3       PUBLIC        B_IrUserErr
  B:0022H.4       PUBLIC        B_IR_Press
  D:0098H         PUBLIC        SCON
  D:0089H         PUBLIC        TMOD
  D:0088H         PUBLIC        TCON
  B:00B0H.2       PUBLIC        P32
  B:0022H.5       PUBLIC        B_IR_Sync
  D:00F0H         PUBLIC        B
  X:0335H         PUBLIC        IR_BitCnt
  B:00A8H.3       PUBLIC        ET1
  B:0088H.7       PUBLIC        TF1
  D:008DH         PUBLIC        TH1
  B:0088H.0       PUBLIC        IT0
  B:00A8H.0       PUBLIC        EX0
  C:EC1BH         PUBLIC        INT0_Interrupt
  D:008BH         PUBLIC        TL1
  B:00B0H.2       PUBLIC        P_IR_RX
  B:0088H.6       PUBLIC        TR1
  X:0336H         PUBLIC        IR_UserH
  C:CE44H         PUBLIC        Timer1_Interrupt
  X:0337H         PUBLIC        IR_UserL
  B:0022H.6       PUBLIC        P_IR_RX_temp
  B:00D0H.5       PUBLIC        F0
  X:0338H         PUBLIC        SampleTime
  D:00D0H         PUBLIC        PSW
  -------         PROC          INF_INIT
  C:ECE5H         LINE#         180
  C:ECE5H         LINE#         181
  C:ECE5H         LINE#         182
  C:ECE7H         LINE#         183
  C:ECEAH         LINE#         184
  C:ECEDH         LINE#         185
  C:ECF0H         LINE#         186
  C:ECF2H         LINE#         187
  C:ECF4H         LINE#         188
  C:ECF6H         LINE#         190
  C:ECF8H         LINE#         191
  C:ECFAH         LINE#         194
  -------         ENDPROC       INF_INIT
  -------         PROC          INT0_INTERRUPT
  C:EC1BH         LINE#         197
  C:EC21H         LINE#         199
  C:EC23H         LINE#         200
  C:EC26H         LINE#         201
  C:EC29H         LINE#         202
  C:EC2EH         LINE#         203
  C:EC30H         LINE#         204
  C:EC32H         LINE#         205
  -------         ENDPROC       INT0_INTERRUPT
  -------         PROC          TIMER1_INTERRUPT
  C:CE44H         LINE#         208
BL51 BANKED LINKER/LOCATER V6.00                                                      09/09/2017  17:29:44  PAGE 174


  C:CE53H         LINE#         212
  C:CE59H         LINE#         214
  C:CE5DH         LINE#         215
  C:CE61H         LINE#         216
  C:CE6DH         LINE#         217
  C:CE6DH         LINE#         218
  C:CE73H         LINE#         219
  C:CE78H         LINE#         221
  C:CE83H         LINE#         222
  C:CE8DH         LINE#         223
  C:CE8DH         LINE#         224
  C:CE92H         LINE#         225
  C:CE92H         LINE#         226
  C:CE94H         LINE#         227
  C:CE9AH         LINE#         228
  C:CE9AH         LINE#         229
  C:CE9CH         LINE#         230
  C:CE9FH         LINE#         231
  C:CE9FH         LINE#         232
  C:CEA9H         LINE#         234
  C:CEA9H         LINE#         235
  C:CEB0H         LINE#         236
  C:CEC0H         LINE#         237
  C:CEC8H         LINE#         238
  C:CEC8H         LINE#         239
  C:CECAH         LINE#         240
  C:CED6H         LINE#         241
  C:CED6H         LINE#         242
  C:CEE2H         LINE#         244
  C:CEE6H         LINE#         245
  C:CEE8H         LINE#         247
  C:CEEDH         LINE#         248
  C:CEEFH         LINE#         249
  C:CEF1H         LINE#         251
  C:CEF1H         LINE#         252
  C:CEF3H         LINE#         253
  C:CEFBH         LINE#         254
  C:CEFBH         LINE#         255
  C:CEFFH         LINE#         256
  C:CF07H         LINE#         257
  C:CF0DH         LINE#         258
  C:CF0DH         LINE#         259
  C:CF0DH         LINE#         260
  C:CF0DH         LINE#         261
  C:CF0DH         LINE#         262
  -------         ENDPROC       TIMER1_INTERRUPT
  -------         ENDMOD        HT1621

  -------         MODULE        ?C?FPMUL
  C:1B4FH         PUBLIC        ?C?FPMUL
  -------         ENDMOD        ?C?FPMUL

  -------         MODULE        ?C?FPDIV
  C:1C58H         PUBLIC        ?C?FPDIV
  -------         ENDMOD        ?C?FPDIV

  -------         MODULE        ?C?FCAST
BL51 BANKED LINKER/LOCATER V6.00                                                      09/09/2017  17:29:44  PAGE 175


  C:1CFFH         PUBLIC        ?C?FCASTC
  C:1CFAH         PUBLIC        ?C?FCASTI
  C:1CF5H         PUBLIC        ?C?FCASTL
  -------         ENDMOD        ?C?FCAST

  -------         MODULE        ?C?CASTF
  C:1D33H         PUBLIC        ?C?CASTF
  -------         ENDMOD        ?C?CASTF

  -------         MODULE        PRINTF
  X:0203H         PUBLIC        ?_PRINTF?BYTE
  X:0203H         PUBLIC        ?_SPRINTF?BYTE
  C:3A45H         PUBLIC        _PRINTF
  C:3A3FH         PUBLIC        _SPRINTF
  -------         ENDMOD        PRINTF

  -------         MODULE        ?C?FPROUND
  C:1DB4H         PUBLIC        ?C?FPROUND
  -------         ENDMOD        ?C?FPROUND

  -------         MODULE        ?C?FPCONVERT
  C:1DF1H         PUBLIC        ?C?FPCONVERT
  -------         ENDMOD        ?C?FPCONVERT

  -------         MODULE        ?C?FPADD
  C:1EFDH         PUBLIC        ?C?FPADD
  C:1EF9H         PUBLIC        ?C?FPSUB
  -------         ENDMOD        ?C?FPADD

  -------         MODULE        ?C?FTNPWR
  C:201EH         PUBLIC        ?C?FTNPWR
  -------         ENDMOD        ?C?FTNPWR

  -------         MODULE        ?C?COPY
  C:212EH         PUBLIC        ?C?COPY
  -------         ENDMOD        ?C?COPY

  -------         MODULE        ?C?CLDPTR
  C:2154H         PUBLIC        ?C?CLDPTR
  -------         ENDMOD        ?C?CLDPTR

  -------         MODULE        ?C?CLDOPTR
  C:216DH         PUBLIC        ?C?CLDOPTR
  -------         ENDMOD        ?C?CLDOPTR

  -------         MODULE        ?C?CSTPTR
  C:219AH         PUBLIC        ?C?CSTPTR
  -------         ENDMOD        ?C?CSTPTR

  -------         MODULE        ?C?IMUL
  C:21ACH         PUBLIC        ?C?IMUL
  -------         ENDMOD        ?C?IMUL

  -------         MODULE        ?C?UIDIV
  C:21BEH         PUBLIC        ?C?UIDIV
  -------         ENDMOD        ?C?UIDIV

BL51 BANKED LINKER/LOCATER V6.00                                                      09/09/2017  17:29:44  PAGE 176


  -------         MODULE        ?C?IILDX
  C:2213H         PUBLIC        ?C?IILDX
  -------         ENDMOD        ?C?IILDX

  -------         MODULE        ?C?ILDPTR
  C:2229H         PUBLIC        ?C?ILDPTR
  -------         ENDMOD        ?C?ILDPTR

  -------         MODULE        ?C?IILDPTR
  C:2254H         PUBLIC        ?C?IILDPTR
  -------         ENDMOD        ?C?IILDPTR

  -------         MODULE        ?C?ISTPTR
  C:228CH         PUBLIC        ?C?ISTPTR
  -------         ENDMOD        ?C?ISTPTR

  -------         MODULE        ?C?LNEG
  C:22ABH         PUBLIC        ?C?LNEG
  -------         ENDMOD        ?C?LNEG

  -------         MODULE        ?C?SLCMP
  C:22B9H         PUBLIC        ?C?SLCMP
  -------         ENDMOD        ?C?SLCMP

  -------         MODULE        ?C?ULCMP
  C:22CFH         PUBLIC        ?C?ULCMP
  -------         ENDMOD        ?C?ULCMP

  -------         MODULE        ?C?ULSHR
  C:22E0H         PUBLIC        ?C?ULSHR
  -------         ENDMOD        ?C?ULSHR

  -------         MODULE        ?C?LSHL
  C:22F3H         PUBLIC        ?C?LSHL
  -------         ENDMOD        ?C?LSHL

  -------         MODULE        ?C?LLDPTR
  C:2306H         PUBLIC        ?C?LLDPTR
  -------         ENDMOD        ?C?LLDPTR

  -------         MODULE        ?C?LSTXDATA
  C:2326H         PUBLIC        ?C?LSTXDATA
  -------         ENDMOD        ?C?LSTXDATA

  -------         MODULE        ?C?LSTKXDATA
  C:2332H         PUBLIC        ?C?LSTKXDATA
  -------         ENDMOD        ?C?LSTKXDATA

  -------         MODULE        ?C?PLDIXDATA
  C:2363H         PUBLIC        ?C?PLDIXDATA
  -------         ENDMOD        ?C?PLDIXDATA

  -------         MODULE        ?C?PSTXDATA
  C:237AH         PUBLIC        ?C?PSTXDATA
  -------         ENDMOD        ?C?PSTXDATA

  -------         MODULE        ?C?CCASE
BL51 BANKED LINKER/LOCATER V6.00                                                      09/09/2017  17:29:44  PAGE 177


  C:2383H         PUBLIC        ?C?CCASE
  -------         ENDMOD        ?C?CCASE

  -------         MODULE        ?C?ICASE
  C:23A9H         PUBLIC        ?C?ICASE
  -------         ENDMOD        ?C?ICASE

  -------         MODULE        PUTCHAR
  C:EB09H         PUBLIC        _PUTCHAR
  -------         ENDMOD        PUTCHAR

  -------         MODULE        ABS
  C:EDE3H         PUBLIC        _ABS
  -------         ENDMOD        ABS

  -------         MODULE        ?C?STRCPY
  C:24A2H         PUBLIC        ?C?STRCPY
  -------         ENDMOD        ?C?STRCPY

  -------         MODULE        SETJMP
  C:DF9AH         PUBLIC        _LONGJMP
  C:DF69H         PUBLIC        _SETJMP
  -------         ENDMOD        SETJMP

  -------         MODULE        ?C?CSTOPTR
  C:24BFH         PUBLIC        ?C?CSTOPTR
  -------         ENDMOD        ?C?CSTOPTR

  -------         MODULE        ?C?ILDOPTR
  C:24E1H         PUBLIC        ?C?ILDOPTR
  -------         ENDMOD        ?C?ILDOPTR

  -------         MODULE        ?C?ISTOPTR
  C:2519H         PUBLIC        ?C?ISTOPTR
  -------         ENDMOD        ?C?ISTOPTR

  -------         MODULE        ?C?LLDIDATA
  C:2546H         PUBLIC        ?C?LLDIDATA
  -------         ENDMOD        ?C?LLDIDATA

  -------         MODULE        ?C?LLDXDATA
  C:2552H         PUBLIC        ?C?LLDXDATA
  -------         ENDMOD        ?C?LLDXDATA

  -------         MODULE        ?C?LLDPDATA
  C:255EH         PUBLIC        ?C?LLDPDATA
  -------         ENDMOD        ?C?LLDPDATA

  -------         MODULE        ?C?LLDCODE
  C:256AH         PUBLIC        ?C?LLDCODE
  -------         ENDMOD        ?C?LLDCODE

  -------         MODULE        ?C_XBP
  D:000DH         PUBLIC        ?C_XBP
  -------         ENDMOD        ?C_XBP

  -------         MODULE        ?C_IBP
BL51 BANKED LINKER/LOCATER V6.00                                                      09/09/2017  17:29:44  PAGE 178


  D:000FH         PUBLIC        ?C_IBP
  -------         ENDMOD        ?C_IBP

  -------         MODULE        ?C_PBP
  D:0010H         PUBLIC        ?C_PBP
  -------         ENDMOD        ?C_PBP

*** WARNING L13: RECURSIVE CALL TO SEGMENT
    SEGMENT: ?PR?PWM_24?MAIN
    CALLER:  ?PR?ADC_ADJUST?ADC

*** WARNING L13: RECURSIVE CALL TO SEGMENT
    SEGMENT: ?PR?_P_TO_P?BASAL
    CALLER:  ?PR?HPQ?BASAL

*** WARNING L13: RECURSIVE CALL TO SEGMENT
    SEGMENT: ?PR?_P_TO_P?BASAL
    CALLER:  ?PR?QIANPQ?BASAL

*** WARNING L16: UNCALLED SEGMENT, IGNORED FOR OVERLAY PROCESS
    SEGMENT: ?PR?_UART1_PRINTSTRING?MAIN

*** WARNING L16: UNCALLED SEGMENT, IGNORED FOR OVERLAY PROCESS
    SEGMENT: ?PR?MP3_PAUSE?MAIN

*** WARNING L16: UNCALLED SEGMENT, IGNORED FOR OVERLAY PROCESS
    SEGMENT: ?PR?MP3_REPLAY?MAIN

*** WARNING L16: UNCALLED SEGMENT, IGNORED FOR OVERLAY PROCESS
    SEGMENT: ?PR?CH376ENDDIRINFO?MAIN

*** WARNING L16: UNCALLED SEGMENT, IGNORED FOR OVERLAY PROCESS
    SEGMENT: ?PR?CH376GETDISKSTATUS?MAIN

*** WARNING L16: UNCALLED SEGMENT, IGNORED FOR OVERLAY PROCESS
    SEGMENT: ?PR?_FM300MS?BUZZ

*** WARNING L16: UNCALLED SEGMENT, IGNORED FOR OVERLAY PROCESS
    SEGMENT: ?PR?_FM50MS?BUZZ

*** WARNING L16: UNCALLED SEGMENT, IGNORED FOR OVERLAY PROCESS
    SEGMENT: ?PR?_FM1MS?BUZZ

*** WARNING L16: UNCALLED SEGMENT, IGNORED FOR OVERLAY PROCESS
    SEGMENT: ?PR?INITIAL_POSITION_SLOW?BASAL

*** WARNING L16: UNCALLED SEGMENT, IGNORED FOR OVERLAY PROCESS
    SEGMENT: ?PR?FUWEI?BASAL

Program Size: data=20.7 xdata=831 code=60969
LINK/LOCATE RUN COMPLETE.  13 WARNING(S),  0 ERROR(S)
