C51 COMPILER V8.05a   WALKING                                                              09/09/2017 11:44:39 PAGE 1   


C51 COMPILER V8.05a, COMPILATION OF MODULE WALKING
OBJECT MODULE PLACED IN walking.OBJ
COMPILER INVOKED BY: C:\Keil\C51\BIN\C51.EXE walking.c LARGE BROWSE DEBUG OBJECTEXTEND

line level    source

   1          // 行走子程序
   2          #include <math.h>
   3          //#include "REG15W4Kxx.h"
   4          #include "delay.h"
   5          #include "main.h"
   6          #include "basal.h"
   7          
   8          //#############################################################################
   9          //函数名称： void left_cs(uchar setp)
  10          //函数说明：左侧身子程序
  11          //入口参数：step, 表示左侧身的幅度
  12          //出口参数：无
  13          //#############################################################################
  14          void left_cs(uchar setp)
  15          { uchar i;
  16   1         for (i=0;i<setp;i++)
  17   1         {
  18   2                      position[8]-=1;
  19   2                      position[9]+=1;
  20   2                      position[10]-=1;
  21   2                      position[11]+=1;
  22   2                      PWM_24();
  23   2              low_level_500u(18);
  24   2         }
  25   1      }
  26          //#############################################################################
  27          //函数名称：void right_cs(uchar setp)
  28          //函数说明：右侧身子程序
  29          //入口参数：step, 表示右侧身的幅度
  30          //出口参数：无
  31          //#############################################################################
  32          void right_cs(uchar setp)
  33          { uchar i;
  34   1         for (i=0;i<setp;i++)
  35   1         {
  36   2                                   position[8]+=1;
  37   2                                       position[9]-=1;
  38   2                                       position[10]+=1;
  39   2                                       position[11]-=1;
  40   2                                       PWM_24();
  41   2                       low_level_500u(18);
  42   2         }
  43   1      }
  44          //#############################################################################
  45          //函数名称： void left_up(uchar setp)
  46          //函数说明：抬左腿子程序
  47          //入口参数：step, 表示抬左腿的高度
  48          //出口参数：无
  49          //#############################################################################
  50          void left_up(uchar setp)
  51          { uchar i;
  52   1         for (i=0;i<setp;i++)
  53   1         {
  54   2                                   position[0]-=2;
  55   2                                       position[1]+=4;
C51 COMPILER V8.05a   WALKING                                                              09/09/2017 11:44:39 PAGE 2   

  56   2                                       position[2]+=2;
  57   2                                       position[8]+=1;
  58   2                                       position[9]-=1;
  59   2                                       position[10]+=1;
  60   2                                       position[11]-=1;
  61   2                              
  62   2                                          PWM_24();
  63   2                       low_level_500u(18);                                                            
  64   2         }
  65   1      }
  66          //#############################################################################
  67          //函数名称： void right_up(uchar setp)
  68          //函数说明：抬右腿子程序
  69          //入口参数：step, 表示抬右腿的高度
  70          //出口参数：无
  71          //#############################################################################
  72          void right_up(uchar setp)
  73          { uchar i;
  74   1         for (i=0;i<setp;i++)
  75   1         {
  76   2                           position[8]-=1;
  77   2                                       position[9]+=1;
  78   2                                       position[10]-=1;
  79   2                                       position[11]+=1;
  80   2                                   position[3]+=2;
  81   2                                       position[4]-=4;
  82   2                                       position[5]-=2;
  83   2                                         PWM_24();
  84   2                       low_level_500u(18);
  85   2         }
  86   1      }
  87          //#############################################################################
  88          //函数名称：void left_forward(uchar setp)
  89          //函数说明：迈左腿子程序
  90          //入口参数：step, 表示左腿前进的程度
  91          //出口参数：无
  92          //#############################################################################
  93          void left_forward(uchar setp)
  94          { uchar i;
  95   1         for (i=0;i<setp;i++)
  96   1         {
  97   2                                   position[0]-=1;
  98   2                                       position[2]-=1;
  99   2                                       position[3]-=1;
 100   2                                       position[5]-=1;
 101   2                                         PWM_24();
 102   2                       low_level_500u(18);                                                            
 103   2         }
 104   1      }
 105          //#############################################################################
 106          //函数名称：void right_forward(uchar setp)
 107          //函数说明：迈右腿子程序
 108          //入口参数：step, 表示右腿前进的程度
 109          //出口参数：无
 110          //#############################################################################
 111          void right_forward(uchar setp)
 112          { uchar i;
 113   1         for (i=0;i<setp;i++)
 114   1         {
 115   2                                   position[0]+=1;
 116   2                                       position[2]+=1;
 117   2                                       position[3]+=1;
C51 COMPILER V8.05a   WALKING                                                              09/09/2017 11:44:39 PAGE 3   

 118   2                                       position[5]+=1;
 119   2                                         PWM_24();
 120   2                       low_level_500u(18);                                                    
 121   2         }
 122   1      }
 123          //#############################################################################
 124          //函数名称：void left_down(uchar setp)
 125          //函数说明：落左腿子程序
 126          //入口参数：step, 表示左腿落下的程度
 127          //出口参数：无
 128          //#############################################################################
 129          void left_down(uchar setp)
 130          { uchar i;
 131   1         for (i=0;i<setp;i++)
 132   1         {
 133   2                       position[0]+=2;
 134   2                                       position[1]-=4;
 135   2                                       position[2]-=2;
 136   2                                       position[8]-=1;
 137   2                                       position[9]+=1;
 138   2                                       position[10]-=1;
 139   2                                       position[11]+=1;
 140   2                                         PWM_24();
 141   2                       low_level_500u(18); 
 142   2         }
 143   1      }                                                                       
 144          //#############################################################################
 145          //函数名称：void right_down(uchar setp)
 146          //函数说明：落右腿子程序
 147          //入口参数：step, 表示右腿落下的程度
 148          //出口参数：无
 149          //#############################################################################
 150          void right_down(uchar setp)
 151          { uchar i;
 152   1         for (i=0;i<setp;i++)
 153   1         {
 154   2                                       position[8]+=1;
 155   2                                       position[9]-=1;
 156   2                                       position[10]+=1;
 157   2                                       position[11]-=1;
 158   2                                   position[3]-=2;
 159   2                                       position[4]+=4;
 160   2                                       position[5]+=2;
 161   2                                         PWM_24();
 162   2                       low_level_500u(18);                                                            
 163   2          }
 164   1      }
 165          //#############################################################################
 166          //函数名称： void walk(uchar setp)
 167          //函数说明：前进子程序
 168          //入口参数：step, 表示前进的步数
 169          //出口参数：无
 170          //#############################################################################
 171          void walk(uchar setp)                                   
 172          {       
 173   1                      uchar  i;
 174   1                      //mp3_send(0x00,0x00,30);               
 175   1                      sit_down(50);
 176   1                      delay500ms(1);
 177   1                      
 178   1                      //抬右腿半步子程序
 179   1                      left_cs(12);                                            //左侧身        
C51 COMPILER V8.05a   WALKING                                                              09/09/2017 11:44:39 PAGE 4   

 180   1                      right_up(10);                                           //抬右腿
 181   1                      right_forward(12);                 //迈右腿               
 182   1                      right_down(10);                    //放右腿                     
 183   1                      right_cs(12);                      //右侧身                         
 184   1                               
 185   1                               //前进循环
 186   1                        for(i=0;i<setp/2;i++)
 187   1                        {             //mp3_send(0x00,0x00,0x02);
 188   2                               right_cs(12);                   //右侧身   
 189   2                               left_up(10);                                           //抬左腿
 190   2                               left_forward(24);                                      //迈左腿
 191   2                   left_down(10);                                             //放左腿
 192   2                               left_cs(12);                                           //左侧身
 193   2                                      
 194   2                                
 195   2                               left_cs(12);                                           //左侧身
 196   2                               right_up(10);                                          //抬右腿
 197   2                               right_forward(24);                                     //迈右腿
 198   2                               right_down(10);                    //放右腿  
 199   2                               right_cs(12);                      //右侧身
 200   2      
 201   2      
 202   2                               right_cs(12);                      //右侧身   
 203   2                               left_up(10);                                           //抬左腿
 204   2                               left_forward(24);                                      //迈左腿
 205   2                   left_down(10);                                             //放左腿
 206   2                               left_cs(12);                                           //左侧身
 207   2                                      
 208   2                                
 209   2                               left_cs(12);                                           //左侧身
 210   2                               right_up(10);                                          //抬右腿
 211   2                               right_forward(24);                                     //迈右腿
 212   2                               right_down(10);                    //放右腿  
 213   2                               right_cs(12);                      //右侧身
 214   2                                      
 215   2                        }     
 216   1                              //抬左腿半步子程序 
 217   1                               right_cs(12);                      //右侧身
 218   1                               left_up(10);                                           //抬左腿
 219   1                               left_forward(12);                                      //迈左腿
 220   1                   left_down(10);                                             //放左腿
 221   1                               left_cs(12);                                           //左侧身
 222   1      
 223   1                               stand_up(50);                             
 224   1      }
 225          
 226          //#############################################################################
 227          //函数名称： void houtui(uchar setp)
 228          //函数说明：后退子程序
 229          //入口参数：step, 表示前进的步数
 230          //出口参数：无
 231          //#############################################################################
 232          void houtui(uchar setp)                                 
 233          {       
 234   1                      uchar  i;
 235   1                      sit_down(50);
 236   1                      delay500ms(1);
 237   1      
 238   1                       //抬右腿半步子程序
 239   1                   left_cs(12);                                               //左侧身        
 240   1               right_up(10);                                          //抬右腿
 241   1                       left_forward(12);                 //迈右腿 （即前进的迈左腿子程序）              
C51 COMPILER V8.05a   WALKING                                                              09/09/2017 11:44:39 PAGE 5   

 242   1                       right_down(10);                    //放右腿                     
 243   1                       right_cs(12);                      //右侧身                         
 244   1                               
 245   1                               //前进循环
 246   1                        for(i=0;i<setp/2;i++)
 247   1                        {       
 248   2                               right_cs(12);                      //右侧身   
 249   2                               left_up(10);                                           //抬左腿
 250   2                               right_forward(24);                                     //迈左腿 （即前进的迈右腿子程序）
 251   2                   left_down(10);                                             //放左腿
 252   2                               left_cs(12);                                           //左侧身
 253   2                                      
 254   2                                
 255   2                               left_cs(12);                                           //左侧身
 256   2                               right_up(10);                                          //抬右腿
 257   2                               left_forward(24);                                      //迈右腿 （即前进的迈左腿子程序）
 258   2                               right_down(10);                    //放右腿  
 259   2                               right_cs(12);                      //右侧身
 260   2      
 261   2      
 262   2                               right_cs(12);                      //右侧身   
 263   2                               left_up(10);                                           //抬左腿
 264   2                               right_forward(24);                                     //迈左腿 （即前进的迈右腿子程序）
 265   2                   left_down(10);                                             //放左腿
 266   2                               left_cs(12);                                           //左侧身
 267   2                                      
 268   2                                
 269   2                               left_cs(12);                                           //左侧身
 270   2                               right_up(10);                                          //抬右腿
 271   2                               left_forward(24);                                      //迈右腿 （即前进的迈左腿子程序）
 272   2                               right_down(10);                    //放右腿  
 273   2                               right_cs(12);                      //右侧身
 274   2                                      
 275   2                        }     
 276   1                              //抬左腿半步子程序 
 277   1                               right_cs(12);                      //右侧身
 278   1                               left_up(10);                                           //抬左腿
 279   1                               right_forward(12);                                     //迈左腿 （即前进的迈右腿子程序）
 280   1                   left_down(10);                                             //放左腿
 281   1                               left_cs(12);                                           //左侧身
 282   1      
 283   1                               stand_up(50);
 284   1      
 285   1      }
 286          //#############################################################################
 287          //函数名称： void kuaizou1(uchar setp)
 288          //函数说明：快走1子程序
 289          //入口参数：
 290          //出口参数：无
 291          //#############################################################################
 292          void kuaizou1(void)                                     
 293          {       
 294   1              uchar k;
 295   1                      k = 0;
 296   1              relative(-25+k,50,25,25-k,-50,-25,255,255,0,0,0,0,255,255,255,255,0,0,0,0,0,0,0,0);
 297   1              p_to_p(4,22);
 298   1      //------------------------------------------------------------------------------
 299   1              relative(-25+k,50,25,25-k,-50,-25,255,255,8,-8,8,-10,255,255,255,255,0,0,0,0,0,0,0,0);
 300   1              p_to_p(4,14);
 301   1              
 302   1              relative(-60+k,90,30,25-k,-60,-35,255,255,12,-12,8,-12,255,255,255,255,0,0,0,0,0,0,0,0);
 303   1              p_to_p(4,14);
C51 COMPILER V8.05a   WALKING                                                              09/09/2017 11:44:39 PAGE 6   

 304   1                
 305   1      }
 306          
 307          //#############################################################################
 308          //函数名称： void kuaizou2(uchar setp)
 309          //函数说明：快走2子程序
 310          //入口参数：
 311          //出口参数：无
 312          //#############################################################################
 313          void kuaizou2(void)                                     
 314          {       
 315   1              uchar k;
 316   1                      k = 0;
 317   1      
 318   1              relative(-35+k,72,35,-10-k,-75,-70,-10,0,-10,10,-14,14,255,255,255,255,0,0,0,0,0,0,0,0);
 319   1              p_to_p(4,14);
 320   1              
 321   1              relative(-25+k,62,35,60-k,-90,-30,-15,-5,-10,12,-14,14,255,255,255,255,0,0,0,0,0,0,0,0);
 322   1              p_to_p(4,14);
 323   1                                                                delay10ms(2);
 324   1              relative(10+k,77,70,35-k,-70,-35,0,10,10,-10,8,-12,255,255,255,255,0,0,0,0,0,0,0,0);
 325   1              p_to_p(4,14);
 326   1              
 327   1              relative(-60+k,92,30,25-k,-60,-35,5,15,10,-10,8,-8,255,255,255,255,0,0,0,0,0,0,0,0);
 328   1              p_to_p(4,14);                      
 329   1      
 330   1      }
 331          
 332          //#############################################################################
 333          //函数名称： void houtui1(uchar setp)
 334          //函数说明：后退1子程序
 335          //入口参数：
 336          //出口参数：无
 337          //#############################################################################
 338          void houtui1(void)                                      
 339          {       
 340   1              uchar k;
 341   1                      k = 0;
 342   1              
 343   1              relative(-25+k,50,25,25-k,-50,-25,255,255,0,0,0,0,255,255,255,255,0,0,0,0,0,0,0,0);
 344   1              p_to_p(4,22);
 345   1              //------------------------------------------------------------------------------
 346   1              relative(-25+k,50,25,25-k,-50,-25,255,255,-8,10,-8,8,255,255,255,255,0,0,0,0,0,0,0,0);
 347   1              p_to_p(4,14);   
 348   1              
 349   1              relative(-35+k,70,35,-10-k,-75,-70,255,255,-10,10,-14,14,255,255,255,255,0,0,0,0,0,0,0,0);
 350   1              p_to_p(4,14);
 351   1              
 352   1              relative(-60+k,90,26,25-k,-60,-35,255,255,10,-10,8,-8,255,255,255,255,0,0,0,0,0,0,0,0);
 353   1              p_to_p(4,14);
 354   1      }
 355          
 356          //#############################################################################
 357          //函数名称： void houtui2(uchar setp)
 358          //函数说明：后退2子程序
 359          //入口参数：
 360          //出口参数：无
 361          //#############################################################################
 362          void houtui2(void)                                      
 363          {       
 364   1              uchar k;
 365   1                      k = 0;
C51 COMPILER V8.05a   WALKING                                                              09/09/2017 11:44:39 PAGE 7   

 366   1      
 367   1              relative(10+k,77,70,35-k,-70,-35,-10,0,10,-10,8,-12,255,255,255,255,0,0,0,0,0,0,0,0);
 368   1              p_to_p(4,14);   
 369   1              
 370   1              relative(-25+k,62,35,60-k,-90,-30,-15,-5,-10,12,-14,14,255,255,255,255,0,0,0,0,0,0,0,0);
 371   1              p_to_p(4,14);
 372   1                                                 delay10ms(2);
 373   1              //relative(-35+k,72,35,-10-k,-75,-70,12,12,-10,10,-14,14,255,255,255,255,0);
 374   1              relative(-35+k,70,35,-10-k,-75,-70,0,10,-10,10,-14,14,255,255,255,255,0,0,0,0,0,0,0,0);
 375   1              p_to_p(4,14);
 376   1              
 377   1              //relative(-60+k,92,30,25-k,-60,-35,0,0,10,-10,8,-8,255,255,255,255,0);
 378   1              relative(-60+k,90,26,25-k,-60,-35,5,15,10,-10,8,-8,255,255,255,255,0,0,0,0,0,0,0,0);
 379   1              p_to_p(4,14);   
 380   1                  
 381   1      }
 382          //准备状态
 383          void Start_Status(char k,char value3)
 384          {
 385   1              relative(-20+k,40,20,20-k,-40,-20,0,0,0,0,0,0,255,255,255,255,0,0,0,0,0,0,0,0);
 386   1              p_to_p(value3,25);
 387   1      }
 388          
 389          
 390          
 391          
 392          


MODULE INFORMATION:   STATIC OVERLAYABLE
   CODE SIZE        =   3647    ----
   CONSTANT SIZE    =   ----    ----
   XDATA SIZE       =   ----      25
   PDATA SIZE       =   ----    ----
   DATA SIZE        =   ----    ----
   IDATA SIZE       =   ----    ----
   BIT SIZE         =   ----    ----
END OF MODULE INFORMATION.


C51 COMPILATION COMPLETE.  0 WARNING(S),  0 ERROR(S)
